Microchip MPLAB XC8 Compiler V2.05 ()

Linker command line:

-W-3 --edf=C:\Program Files (x86)\Microchip\xc8\v2.05\pic\dat\en_msgs.txt \
  -cs -h+dist/default/debug\BLE_test.X.debug.sym \
  --cmf=dist/default/debug\BLE_test.X.debug.cmf -z -Q18F25K50 \
  -oC:\Users\VINCEN~1\AppData\Local\Temp\s19c.2 --defsym=__MPLAB_BUILD=1 \
  -Mdist/default/debug/BLE_test.X.debug.map -E1 -ver=XC8 --acfsm=1493 \
  -ASTACK=03AAh-07FFh -pstack=STACK -ACODE=00h-07FFFh -ACONST=00h-07FFFh \
  -ASMALLCONST=0800h-08FFhx120 -AMEDIUMCONST=0800h-07FFFh -ACOMRAM=01h-05Fh \
  -AABS1=00h-07FFh -ABIGRAM=01h-07FFh -ARAM=060h-0FFh,0100h-01FFhx7 \
  -ABANK0=060h-0FFh -ABANK1=0100h-01FFh -ABANK2=0200h-02FFh \
  -ABANK3=0300h-03FFh -ABANK4=0400h-04FFh -ABANK5=0500h-05FFh \
  -ABANK6=0600h-06FFh -ABANK7=0700h-07FFh -ASFR=0F53h-0F5Fh,0F60h-0FFFh \
  -preset_vec=00h,intcode=08h,intcodelo,powerup,init -pramtop=0800h \
  -psmallconst=SMALLCONST -pmediumconst=MEDIUMCONST -pconst=CONST \
  -AFARRAM=00h-00h -ACONFIG=0300000h-030000Dh -pconfig=CONFIG \
  -AIDLOC=0200000h-0200007h -pidloc=IDLOC -AEEDATA=0F00000h-0F000FFh \
  -peeprom_data=EEDATA \
  -prdata=COMRAM,nvrram=COMRAM,nvbit=COMRAM,rbss=COMRAM,rbit=COMRAM \
  -pfarbss=FARRAM,fardata=FARRAM,nvFARRAM=FARRAM \
  -pintsave_regs=BIGRAM,bigbss=BIGRAM,bigdata=BIGRAM -pbss=RAM \
  -pidata=CODE,irdata=CODE,ibigdata=CODE,ifardata=CODE -prparam=COMRAM \
  C:\Users\VINCEN~1\AppData\Local\Temp\s19c.o \
  dist/default/debug\BLE_test.X.debug.o 

Object code version is 3.11

Machine type is 18F25K50

Call graph: (short form)




                Name                               Link     Load   Length Selector   Space Scale
C:\Users\VINCEN~1\AppData\Local\Temp\s19c.o
                init                                 48       48        4        4       0
                reset_vec                             0        0        4        0       0
                idloc                            200000   200000        8   200000       0
                config                           300000   300000        E   300000       0
dist/default/debug\BLE_test.X.debug.o
                intcode                               8        8       40        4       0
                temp                                 5D       5D        1        1       1
                smallconst                          800      800       AC      400       0
                text39                             22D2     22D2       12     1077       0
                text38                             2284     2284       2A     1077       0
                text37                             22FA     22FA        A     1077       0
                text36                             22AE     22AE       24     1077       0
                text35                             22E4     22E4        C     1077       0
                text34                             2034     2034       42      456       0
                text33                             1D36     1D36       68      456       0
                text32                             16D2     16D2      132      456       0
                text31                             2126     2126       36     1077       0
                text30                             1A54     1A54       A2      456       0
                text29                             1C30     1C30       94      456       0
                text28                              EBA      EBA      29A      456       0
                text27                             22F0     22F0        A     1077       0
                text26                             1FEC     1FEC       48      456       0
                text25                             1D9E     1D9E       64      456       0
                text24                             2304     2304        4     1077       0
                text23                             1CC4     1CC4       72      456       0
                text22                             158A     158A      148      456       0
                text21                             1930     1930      124      456       0
                text20                             21C2     21C2       32     1077       0
                text19                             2308     2308        2     1077       0
                text18                             1AF6     1AF6       A0      456       0
                text17                             20EE     20EE       38     1077       0
                text16                             1B96     1B96       9A      456       0
                text15                             1154     1154      246      456       0
                text14                             1804     1804      12C      456       0
                text13                             139A     139A      1F0      456       0
                text12                             1E58     1E58       56      456       0
                text11                             1F00     1F00       52      456       0
                text10                             1E02     1E02       56      456       0
                text9                              215C     215C       34     1077       0
                text8                              2254     2254       30     1077       0
                text7                              2076     2076       3E      456       0
                text6                              2224     2224       30     1077       0
                text5                              1FA2     1FA2       4A      456       0
                text4                               8AC      8AC      30A      456       0
                text3                              2190     2190       32     1077       0
                text2                               BB6      BB6      304      456       0
                text1                              21F4     21F4       30     1077       0
                text0                              1F52     1F52       50      456       0
                cstackCOMRAM                          1        1       5A        1       1
                cstackBANK0                          C9       C9       19       60       1
                cstackBANK1                         100      100       B6      100       1
                bssBIGRAM                           1B6      1B6      1F4      1B6       1
                dataBANK0                            60       60       39       60       1
                bssBANK0                             99       99       30       60       1
                bssCOMRAM                            5B       5B        2        1       1
                cinit                              1EAE     1EAE       52      456       0
                nvBANK0                              E2       E2        1       60       1
                idataBANK0                         20B4     20B4       39      456       0

TOTAL           Name                               Link     Load   Length     Space
        CLASS   STACK          

        CLASS   CODE           
                intcode                               8        8       40         0
                init                                 48       48        4         0
                reset_vec                             0        0        4         0
                text39                             22D2     22D2       12         0
                text38                             2284     2284       2A         0
                text37                             22FA     22FA        A         0
                text36                             22AE     22AE       24         0
                text35                             22E4     22E4        C         0
                text34                             2034     2034       42         0
                text33                             1D36     1D36       68         0
                text32                             16D2     16D2      132         0
                text31                             2126     2126       36         0
                text30                             1A54     1A54       A2         0
                text29                             1C30     1C30       94         0
                text28                              EBA      EBA      29A         0
                text27                             22F0     22F0        A         0
                text26                             1FEC     1FEC       48         0
                text25                             1D9E     1D9E       64         0
                text24                             2304     2304        4         0
                text23                             1CC4     1CC4       72         0
                text22                             158A     158A      148         0
                text21                             1930     1930      124         0
                text20                             21C2     21C2       32         0
                text19                             2308     2308        2         0
                text18                             1AF6     1AF6       A0         0
                text17                             20EE     20EE       38         0
                text16                             1B96     1B96       9A         0
                text15                             1154     1154      246         0
                text14                             1804     1804      12C         0
                text13                             139A     139A      1F0         0
                text12                             1E58     1E58       56         0
                text11                             1F00     1F00       52         0
                text10                             1E02     1E02       56         0
                text9                              215C     215C       34         0
                text8                              2254     2254       30         0
                text7                              2076     2076       3E         0
                text6                              2224     2224       30         0
                text5                              1FA2     1FA2       4A         0
                text4                               8AC      8AC      30A         0
                text3                              2190     2190       32         0
                text2                               BB6      BB6      304         0
                text1                              21F4     21F4       30         0
                text0                              1F52     1F52       50         0
                cinit                              1EAE     1EAE       52         0
                idataBANK0                         20B4     20B4       39         0

        CLASS   CONST          

        CLASS   SMALLCONST     
                smallconst                          800      800       AC         0

        CLASS   MEDIUMCONST    

        CLASS   COMRAM         
                temp                                 5D       5D        1         1
                cstackCOMRAM                          1        1       5A         1
                bssCOMRAM                            5B       5B        2         1

        CLASS   ABS1           

        CLASS   BIGRAM         
                bssBIGRAM                           1B6      1B6      1F4         1

        CLASS   RAM            

        CLASS   BANK0          
                cstackBANK0                          C9       C9       19         1
                dataBANK0                            60       60       39         1
                bssBANK0                             99       99       30         1
                nvBANK0                              E2       E2        1         1

        CLASS   BANK1          
                cstackBANK1                         100      100       B6         1

        CLASS   BANK2          

        CLASS   BANK3          

        CLASS   BANK4          

        CLASS   BANK5          

        CLASS   BANK6          

        CLASS   BANK7          

        CLASS   SFR            

        CLASS   FARRAM         

        CLASS   CONFIG         
                config                           300000   300000        E         0

        CLASS   IDLOC          
                idloc                            200000   200000        8         0

        CLASS   EEDATA         



SEGMENTS        Name                           Load    Length   Top    Selector   Space  Class

                reset_vec                      000000  000004  000004         0       0  CODE    
                cstackCOMRAM                   000001  00005D  00005E         1       1  COMRAM  
                intcode                        000008  000044  00004C         4       0  CODE    
                dataBANK0                      000060  000083  0000E3        60       1  BANK0   
                cstackBANK1                    000100  0000B6  0001B6       100       1  BANK1   
                bssBIGRAM                      0001B6  0001F4  0003AA       1B6       1  BIGRAM  
                smallconst                     000800  0000AC  0008AC       400       0  SMALLCON
                text4                          0008AC  001841  0020ED       456       0  CODE    
                text17                         0020EE  00021C  00230A      1077       0  CODE    
                idloc                          200000  000008  200008    200000       0  IDLOC   
                config                         300000  00000E  30000E    300000       0  CONFIG  


UNUSED ADDRESS RANGES

        Name                Unused          Largest block    Delta
        BANK0            0000E3-0000FF               1D
        BANK3            0003AA-0003FF               56
        BANK4            000400-0004FF              100
        BANK5            000500-0005FF              100
        BANK6            000600-0006FF              100
        BANK7            000700-0007FF              100
        BIGRAM           00005E-00005F                2
                         0000E3-0000FF               1D
                         0003AA-0007FF              456
        CODE             000004-000007                4
                         00004C-0007FF              7B4
                         0020ED-0020ED                1
                         00230A-007FFF             5CF6
        COMRAM           00005E-00005F                2
        CONST            000004-000007                4
                         00004C-0007FF              7B4
                         0020ED-0020ED                1
                         00230A-007FFF             5CF6
        EEDATA           F00000-F000FF              100
        MEDIUMCONST      0020ED-0020ED                1
                         00230A-007FFF             5CF6
        RAM              0000E3-0000FF               1D
                         0003AA-0007FF              100
        SFR              000F53-000FFF                D
        SMALLCONST       0020ED-0020ED                1
                         00230A-007FFF              100
        STACK            0003AA-0007FF              456

                                  Symbol Table

?___aodiv                        cstackCOMRAM 000003
?___aomod                        cstackCOMRAM 000003
?___lmul                         cstackCOMRAM 000003
?___strtoxl                      cstackCOMRAM 000011
?_abs                            cstackCOMRAM 000015
?_convertTemp                    cstackCOMRAM 000003
?_dtoa                           cstackCOMRAM 00001E
?_isalpha                        cstackCOMRAM 000003
?_isdigit                        cstackCOMRAM 000003
?_islower                        cstackCOMRAM 000003
?_isspace                        cstackCOMRAM 000003
?_packetHandler                  cstackBANK0  0000DD
?_pad                            cstackCOMRAM 000013
?_read_MAX31856_temp             cstackCOMRAM 00000D
?_sprintf                        cstackBANK0  0000CB
?_stoa                           cstackCOMRAM 00000C
?_strchr                         cstackCOMRAM 000003
?_strlen                         cstackCOMRAM 000003
?_strncmp                        cstackCOMRAM 000003
?_strstr                         cstackCOMRAM 00000E
?_strtol                         cstackCOMRAM 000035
?_toupper                        cstackCOMRAM 000009
?_vfpfcnvrt                      cstackCOMRAM 000042
?_vfprintf                       cstackCOMRAM 000054
RN4870_changeName@count          cstackCOMRAM 000016
RN4870_changeName@name           cstackCOMRAM 000014
UART_Write@data                  cstackCOMRAM 000003
UART_Write_String@buffer         cstackCOMRAM 000007
UART_Write_String@i              cstackCOMRAM 00000B
UART_Write_String@size           cstackCOMRAM 00000D
_ACTCON                          (abs)        000FB5
_ANSELA                          (abs)        000F5B
_ANSELAbits                      (abs)        000F5B
_ANSELB                          (abs)        000F5C
_ANSELC                          (abs)        000F5D
_BAUDCON1bits                    (abs)        000FB8
_ID                              bssBANK0     0000A5
_INTCON2bits                     (abs)        000FF1
_INTCONbits                      (abs)        000FF2
_IPR1bits                        (abs)        000F9F
_LATA                            (abs)        000F89
_LATAbits                        (abs)        000F89
_LATB                            (abs)        000F8A
_LATC                            (abs)        000F8B
_OSCCON                          (abs)        000FD3
_OSCCON2                         (abs)        000FD2
_OSCILLATOR_Initialize           text39       0022D2
_OSCTUNE                         (abs)        000F9B
_PIE1bits                        (abs)        000F9D
_PIN_MANAGER_Initialize          text38       002284
_PIR1bits                        (abs)        000F9E
_PMD1bits                        (abs)        000F7F
_PORTBbits                       (abs)        000F81
_PORTCbits                       (abs)        000F82
_RCONbits                        (abs)        000FD0
_RCREG1                          (abs)        000FAE
_RCSTA1bits                      (abs)        000FAB
_RN4870_changeName               text28       000EBA
_RX_buffer                       bssBIGRAM    0001B6
_SPBRG1                          (abs)        000FAF
_SSP1BUF                         (abs)        000FC9
_SSP1CON1bits                    (abs)        000FC6
_SYSTEM_Initialize               text37       0022FA
_TRISA                           (abs)        000F92
_TRISAbits                       (abs)        000F92
_TRISB                           (abs)        000F93
_TRISBbits                       (abs)        000F93
_TRISC                           (abs)        000F94
_TRISCbits                       (abs)        000F94
_TXREG1                          (abs)        000FAD
_TXSTA1bits                      (abs)        000FAC
_UART_Init                       text36       0022AE
_UART_Write                      text35       0022E4
_UART_Write_String               text33       001D36
_WPUB                            (abs)        000F85
__CFG_BOREN$SBORDIS              (abs)        000000
__CFG_BORV$190                   (abs)        000000
__CFG_CCP2MX$RC1                 (abs)        000000
__CFG_CFGPLLEN$ON                (abs)        000000
__CFG_CP0$OFF                    (abs)        000000
__CFG_CP1$OFF                    (abs)        000000
__CFG_CP2$OFF                    (abs)        000000
__CFG_CP3$OFF                    (abs)        000000
__CFG_CPB$OFF                    (abs)        000000
__CFG_CPD$OFF                    (abs)        000000
__CFG_CPUDIV$                    (abs)        000002
__CFG_DEBUG$OFF                  (abs)        000000
__CFG_EBTR0$OFF                  (abs)        000000
__CFG_EBTR1$OFF                  (abs)        000000
__CFG_EBTR2$OFF                  (abs)        000000
__CFG_EBTR3$OFF                  (abs)        000000
__CFG_EBTRB$OFF                  (abs)        000000
__CFG_FCMEN$OFF                  (abs)        000000
__CFG_FOSC$INTOSCIO              (abs)        000000
__CFG_ICPRT$OFF                  (abs)        000000
__CFG_IESO$OFF                   (abs)        000000
__CFG_LS48MHZ$SYS24X4            (abs)        000000
__CFG_LVP$ON                     (abs)        000000
__CFG_MCLRE$ON                   (abs)        000000
__CFG_PBADEN$OFF                 (abs)        000000
__CFG_PCLKEN$ON                  (abs)        000000
__CFG_PLLSEL$PLL3X               (abs)        000000
__CFG_SDOMX$RB3                  (abs)        000000
__CFG_STVREN$ON                  (abs)        000000
__CFG_T3CMX$RC0                  (abs)        000000
__CFG_WDTEN$OFF                  (abs)        000000
__CFG_WDTPS$32768                (abs)        000000
__CFG_WRT0$OFF                   (abs)        000000
__CFG_WRT1$OFF                   (abs)        000000
__CFG_WRT2$OFF                   (abs)        000000
__CFG_WRT3$OFF                   (abs)        000000
__CFG_WRTB$OFF                   (abs)        000000
__CFG_WRTC$OFF                   (abs)        000000
__CFG_WRTD$OFF                   (abs)        000000
__CFG_XINST$OFF                  (abs)        000000
__CFG_nLPBOR$OFF                 (abs)        000000
__CFG_nPWRTEN$OFF                (abs)        000000
__HRAM                           (abs)        000000
__Habs1                          abs1         000000
__Hbank0                         bank0        000000
__Hbank1                         bank1        000000
__Hbank2                         bank2        000000
__Hbank3                         bank3        000000
__Hbank4                         bank4        000000
__Hbank5                         bank5        000000
__Hbank6                         bank6        000000
__Hbank7                         bank7        000000
__Hbigbss                        bigbss       000000
__Hbigdata                       bigdata      000000
__Hbigram                        bigram       000000
__Hbss                           bss          000000
__HbssBANK0                      bssBANK0     000000
__HbssBIGRAM                     bssBIGRAM    000000
__HbssCOMRAM                     bssCOMRAM    000000
__Hcinit                         cinit        000000
__Hclrtext                       clrtext      000000
__Hcomram                        comram       000000
__Hconfig                        config       30000E
__Hconst                         const        000000
__HcstackBANK0                   cstackBANK0  000000
__HcstackBANK1                   cstackBANK1  000000
__HcstackCOMRAM                  cstackCOMRAM 000000
__Hdata                          data         000000
__HdataBANK0                     dataBANK0    000000
__Heeprom_data                   eeprom_data  000000
__Hfarbss                        farbss       000000
__Hfardata                       fardata      000000
__Hibigdata                      ibigdata     000000
__Hidata                         idata        000000
__HidataBANK0                    idataBANK0   000000
__Hidloc                         idloc        200008
__Hifardata                      ifardata     000000
__Hinit                          init         00004C
__Hintcode                       intcode      000048
__Hintcode_body                  intcode_body 000000
__Hintcodelo                     intcodelo    000048
__Hintentry                      intentry     000000
__Hintret                        intret       000000
__Hintsave_regs                  intsave_regs 000000
__Hirdata                        irdata       000000
__Hmediumconst                   mediumconst  000000
__HnvBANK0                       nvBANK0      000000
__HnvFARRAM                      nvFARRAM     000000
__Hnvbit                         nvbit        000000
__Hnvrram                        nvrram       000000
__Hparam                         rparam       000000
__Hpowerup                       powerup      000048
__Hram                           ram          000000
__Hramtop                        ramtop       000800
__Hrbit                          rbit         000000
__Hrbss                          rbss         000000
__Hrdata                         rdata        000000
__Hreset_vec                     reset_vec    000004
__Hrparam                        rparam       000000
__Hsfr                           sfr          000000
__Hsmallconst                    smallconst   0008AC
__Hspace_0                       (abs)        30000E
__Hspace_1                       (abs)        0003AA
__Hspace_2                       (abs)        000000
__Hstack                         stack        000000
__Hstruct                        struct       000000
__Htemp                          temp         00005E
__Htext                          text         000000
__Htext0                         text0        000000
__Htext1                         text1        000000
__Htext10                        text10       000000
__Htext11                        text11       000000
__Htext12                        text12       000000
__Htext13                        text13       000000
__Htext14                        text14       000000
__Htext15                        text15       000000
__Htext16                        text16       000000
__Htext17                        text17       000000
__Htext18                        text18       000000
__Htext19                        text19       000000
__Htext2                         text2        000000
__Htext20                        text20       000000
__Htext21                        text21       000000
__Htext22                        text22       000000
__Htext23                        text23       000000
__Htext24                        text24       000000
__Htext25                        text25       000000
__Htext26                        text26       000000
__Htext27                        text27       000000
__Htext28                        text28       000000
__Htext29                        text29       000000
__Htext3                         text3        000000
__Htext30                        text30       000000
__Htext31                        text31       000000
__Htext32                        text32       000000
__Htext33                        text33       000000
__Htext34                        text34       000000
__Htext35                        text35       000000
__Htext36                        text36       000000
__Htext37                        text37       000000
__Htext38                        text38       000000
__Htext39                        text39       000000
__Htext4                         text4        000000
__Htext5                         text5        000000
__Htext6                         text6        000000
__Htext7                         text7        000000
__Htext8                         text8        000000
__Htext9                         text9        000000
__LRAM                           (abs)        000001
__Labs1                          abs1         000000
__Lbank0                         bank0        000000
__Lbank1                         bank1        000000
__Lbank2                         bank2        000000
__Lbank3                         bank3        000000
__Lbank4                         bank4        000000
__Lbank5                         bank5        000000
__Lbank6                         bank6        000000
__Lbank7                         bank7        000000
__Lbigbss                        bigbss       000000
__Lbigdata                       bigdata      000000
__Lbigram                        bigram       000000
__Lbss                           bss          000000
__LbssBANK0                      bssBANK0     000000
__LbssBIGRAM                     bssBIGRAM    000000
__LbssCOMRAM                     bssCOMRAM    000000
__Lcinit                         cinit        000000
__Lclrtext                       clrtext      000000
__Lcomram                        comram       000000
__Lconfig                        config       300000
__Lconst                         const        000000
__LcstackBANK0                   cstackBANK0  000000
__LcstackBANK1                   cstackBANK1  000000
__LcstackCOMRAM                  cstackCOMRAM 000000
__Ldata                          data         000000
__LdataBANK0                     dataBANK0    000000
__Leeprom_data                   eeprom_data  000000
__Lfarbss                        farbss       000000
__Lfardata                       fardata      000000
__Libigdata                      ibigdata     000000
__Lidata                         idata        000000
__LidataBANK0                    idataBANK0   000000
__Lidloc                         idloc        200000
__Lifardata                      ifardata     000000
__Linit                          init         000048
__Lintcode                       intcode      000008
__Lintcode_body                  intcode_body 000000
__Lintcodelo                     intcodelo    000048
__Lintentry                      intentry     000000
__Lintret                        intret       000000
__Lintsave_regs                  intsave_regs 000000
__Lirdata                        irdata       000000
__Lmediumconst                   mediumconst  000000
__LnvBANK0                       nvBANK0      000000
__LnvFARRAM                      nvFARRAM     000000
__Lnvbit                         nvbit        000000
__Lnvrram                        nvrram       000000
__Lparam                         rparam       000000
__Lpowerup                       powerup      000048
__Lram                           ram          000000
__Lramtop                        ramtop       000800
__Lrbit                          rbit         000000
__Lrbss                          rbss         000000
__Lrdata                         rdata        000000
__Lreset_vec                     reset_vec    000000
__Lrparam                        rparam       000000
__Lsfr                           sfr          000000
__Lsmallconst                    smallconst   000800
__Lspace_0                       (abs)        000000
__Lspace_1                       (abs)        000000
__Lspace_2                       (abs)        000000
__Lstack                         stack        000000
__Lstruct                        struct       000000
__Ltemp                          temp         00005D
__Ltext                          text         000000
__Ltext0                         text0        000000
__Ltext1                         text1        000000
__Ltext10                        text10       000000
__Ltext11                        text11       000000
__Ltext12                        text12       000000
__Ltext13                        text13       000000
__Ltext14                        text14       000000
__Ltext15                        text15       000000
__Ltext16                        text16       000000
__Ltext17                        text17       000000
__Ltext18                        text18       000000
__Ltext19                        text19       000000
__Ltext2                         text2        000000
__Ltext20                        text20       000000
__Ltext21                        text21       000000
__Ltext22                        text22       000000
__Ltext23                        text23       000000
__Ltext24                        text24       000000
__Ltext25                        text25       000000
__Ltext26                        text26       000000
__Ltext27                        text27       000000
__Ltext28                        text28       000000
__Ltext29                        text29       000000
__Ltext3                         text3        000000
__Ltext30                        text30       000000
__Ltext31                        text31       000000
__Ltext32                        text32       000000
__Ltext33                        text33       000000
__Ltext34                        text34       000000
__Ltext35                        text35       000000
__Ltext36                        text36       000000
__Ltext37                        text37       000000
__Ltext38                        text38       000000
__Ltext39                        text39       000000
__Ltext4                         text4        000000
__Ltext5                         text5        000000
__Ltext6                         text6        000000
__Ltext7                         text7        000000
__Ltext8                         text8        000000
__Ltext9                         text9        000000
__S0                             (abs)        30000E
__S1                             (abs)        0003AA
__S2                             (abs)        000000
___aodiv                         text22       00158A
___aodiv@counter                 cstackCOMRAM 000013
___aodiv@dividend                cstackCOMRAM 000003
___aodiv@divisor                 cstackCOMRAM 00000B
___aodiv@quotient                cstackCOMRAM 000015
___aodiv@sign                    cstackCOMRAM 000014
___aomod                         text21       001930
___aomod@counter                 cstackCOMRAM 000013
___aomod@dividend                cstackCOMRAM 000003
___aomod@divisor                 cstackCOMRAM 00000B
___aomod@sign                    cstackCOMRAM 000014
___inthi_sp                      stack        000000
___intlo_sp                      stack        000000
___lmul                          text10       001E02
___lmul@multiplicand             cstackCOMRAM 000007
___lmul@multiplier               cstackCOMRAM 000003
___lmul@product                  cstackCOMRAM 00000B
___param_bank                    (abs)        000000
___rparam_used                   (abs)        000001
___sp                            stack        000000
___strtoxl                       text4        0008AC
___strtoxl$1897                  cstackCOMRAM 000020
___strtoxl$1898                  cstackCOMRAM 000026
___strtoxl$1899                  cstackCOMRAM 000022
___strtoxl$1900                  cstackCOMRAM 000024
___strtoxl@a                     cstackCOMRAM 00002E
___strtoxl@base                  cstackCOMRAM 000015
___strtoxl@c                     cstackCOMRAM 000034
___strtoxl@conv_done             cstackCOMRAM 000027
___strtoxl@cp                    cstackCOMRAM 000032
___strtoxl@endptr                cstackCOMRAM 000013
___strtoxl@is_signed             cstackCOMRAM 000017
___strtoxl@limit                 cstackCOMRAM 000028
___strtoxl@prev_a                cstackCOMRAM 00001C
___strtoxl@s                     cstackCOMRAM 000011
___strtoxl@sign                  cstackCOMRAM 00002C
___strtoxl@skip                  cstackCOMRAM 00002D
__accesstop                      (abs)        000060
__activetblptr                   (abs)        000002
__end_of_OSCILLATOR_Initialize   text39       0022E4
__end_of_PIN_MANAGER_Initialize  text38       0022AE
__end_of_RN4870_changeName       text28       001154
__end_of_SYSTEM_Initialize       text37       002304
__end_of_UART_Init               text36       0022D2
__end_of_UART_Write              text35       0022F0
__end_of_UART_Write_String       text33       001D9E
__end_of___aodiv                 text22       0016D2
__end_of___aomod                 text21       001A54
__end_of___lmul                  text10       001E58
__end_of___strtoxl               text4        000BB6
__end_of__initialization         cinit        001EF2
__end_of_abs                     text20       0021F4
__end_of_convertTemp             text25       001E02
__end_of_dtoa                    text15       00139A
__end_of_fputc                   text18       001B96
__end_of_fputs                   text17       002126
__end_of_high_ISR                intcode      000048
__end_of_init_MAX31856           text26       002034
__end_of_isalpha                 text9        002190
__end_of_isdigit                 text8        002284
__end_of_islower                 text6        002254
__end_of_isspace                 text7        0020B4
__end_of_main                    text0        001FA2
__end_of_memset                  text32       001804
__end_of_packetHandler           text2        000EBA
__end_of_pad                     text16       001C30
__end_of_putch                   text19       00230A
__end_of_read_MAX31856_temp      text23       001D36
__end_of_spi_init                text1        002224
__end_of_spi_read                text24       002308
__end_of_spi_send                text27       0022FA
__end_of_sprintf                 text11       001F52
__end_of_stoa                    text14       001930
__end_of_strchr                  text31       00215C
__end_of_strlen                  text34       002076
__end_of_strncmp                 text30       001AF6
__end_of_strstr                  text29       001CC4
__end_of_strtol                  text3        0021C2
__end_of_toupper                 text5        001FEC
__end_of_vfpfcnvrt               text13       00158A
__end_of_vfprintf                text12       001EAE
__initialization                 cinit        001EAE
__mediumconst                    mediumconst  000000
__pbssBANK0                      bssBANK0     000099
__pbssBIGRAM                     bssBIGRAM    0001B6
__pbssCOMRAM                     bssCOMRAM    00005B
__pcinit                         cinit        001EAE
__pcstackBANK0                   cstackBANK0  0000C9
__pcstackBANK1                   cstackBANK1  000100
__pcstackCOMRAM                  cstackCOMRAM 000001
__pdataBANK0                     dataBANK0    000060
__pidataBANK0                    idataBANK0   0020B4
__pintcode                       intcode      000008
__pnvBANK0                       nvBANK0      0000E2
__psmallconst                    smallconst   000800
__ptext0                         text0        001F52
__ptext1                         text1        0021F4
__ptext10                        text10       001E02
__ptext11                        text11       001F00
__ptext12                        text12       001E58
__ptext13                        text13       00139A
__ptext14                        text14       001804
__ptext15                        text15       001154
__ptext16                        text16       001B96
__ptext17                        text17       0020EE
__ptext18                        text18       001AF6
__ptext19                        text19       002308
__ptext2                         text2        000BB6
__ptext20                        text20       0021C2
__ptext21                        text21       001930
__ptext22                        text22       00158A
__ptext23                        text23       001CC4
__ptext24                        text24       002304
__ptext25                        text25       001D9E
__ptext26                        text26       001FEC
__ptext27                        text27       0022F0
__ptext28                        text28       000EBA
__ptext29                        text29       001C30
__ptext3                         text3        002190
__ptext30                        text30       001A54
__ptext31                        text31       002126
__ptext32                        text32       0016D2
__ptext33                        text33       001D36
__ptext34                        text34       002034
__ptext35                        text35       0022E4
__ptext36                        text36       0022AE
__ptext37                        text37       0022FA
__ptext38                        text38       002284
__ptext39                        text39       0022D2
__ptext4                         text4        0008AC
__ptext5                         text5        001FA2
__ptext6                         text6        002224
__ptext7                         text7        002076
__ptext8                         text8        002254
__ptext9                         text9        00215C
__ramtop                         ramtop       000800
__size_of_OSCILLATOR_Initialize  (abs)        000000
__size_of_PIN_MANAGER_Initialize (abs)        000000
__size_of_RN4870_changeName      (abs)        000000
__size_of_SYSTEM_Initialize      (abs)        000000
__size_of_UART_Init              (abs)        000000
__size_of_UART_Write             (abs)        000000
__size_of_UART_Write_String      (abs)        000000
__size_of___aodiv                (abs)        000000
__size_of___aomod                (abs)        000000
__size_of___lmul                 (abs)        000000
__size_of___strtoxl              (abs)        000000
__size_of_abs                    (abs)        000000
__size_of_convertTemp            (abs)        000000
__size_of_dtoa                   (abs)        000000
__size_of_fputc                  (abs)        000000
__size_of_fputs                  (abs)        000000
__size_of_high_ISR               (abs)        000000
__size_of_init_MAX31856          (abs)        000000
__size_of_isalpha                (abs)        000000
__size_of_isdigit                (abs)        000000
__size_of_islower                (abs)        000000
__size_of_isspace                (abs)        000000
__size_of_main                   (abs)        000000
__size_of_memset                 (abs)        000000
__size_of_packetHandler          (abs)        000000
__size_of_pad                    (abs)        000000
__size_of_putch                  (abs)        000000
__size_of_read_MAX31856_temp     (abs)        000000
__size_of_spi_init               (abs)        000000
__size_of_spi_read               (abs)        000000
__size_of_spi_send               (abs)        000000
__size_of_sprintf                (abs)        000000
__size_of_stoa                   (abs)        000000
__size_of_strchr                 (abs)        000000
__size_of_strlen                 (abs)        000000
__size_of_strncmp                (abs)        000000
__size_of_strstr                 (abs)        000000
__size_of_strtol                 (abs)        000000
__size_of_toupper                (abs)        000000
__size_of_vfpfcnvrt              (abs)        000000
__size_of_vfprintf               (abs)        000000
__smallconst                     smallconst   000800
_abs                             text20       0021C2
_convertTemp                     text25       001D9E
_cycle                           bssCOMRAM    00005C
_dbuf                            bssBANK0     0000A9
_debug                           bssBANK0     0000A7
_drdy                            bssCOMRAM    00005B
_dtoa                            text15       001154
_dtoa$1301                       cstackCOMRAM 000030
_errno                           bssBANK0     000099
_flags                           bssBANK0     0000A1
_fputc                           text18       001AF6
_fputs                           text17       0020EE
_high_ISR                        intcode      000008
_init_MAX31856                   text26       001FEC
_isalpha                         text9        00215C
_isdigit                         text8        002254
_islower                         text6        002224
_isspace                         text7        002076
_isspace$1926                    cstackCOMRAM 000009
_ix                              bssBANK0     0000A3
_main                            text0        001F52
_memset                          text32       0016D2
_name                            dataBANK0    000067
_nout                            bssBANK0     00009B
_og                              nvBANK0      0000E2
_packetHandler                   text2        000BB6
_pad                             text16       001B96
_prec                            bssBANK0     00009F
_putch                           text19       002308
_read_MAX31856_temp              text23       001CC4
_spi_init                        text1        0021F4
_spi_read                        text24       002304
_spi_send                        text27       0022F0
_sprintf                         text11       001F00
_status                          bssBANK0     0000A8
_stoa                            text14       001804
_strchr                          text31       002126
_strlen                          text34       002034
_strncmp                         text30       001A54
_strstr                          text29       001C30
_strtol                          text3        002190
_toupper                         text5        001FA2
_toupper$1950                    cstackCOMRAM 00000F
_vfpfcnvrt                       text13       00139A
_vfprintf                        text12       001E58
_width                           bssBANK0     00009D
abs@a                            cstackCOMRAM 000015
btemp                            temp         00005D
convertTemp@byte1                cstackCOMRAM 000003
convertTemp@byte2                cstackCOMRAM 000008
convertTemp@result               cstackCOMRAM 000009
convertTemp@sign                 cstackCOMRAM 00000A
convertTemp@temp                 cstackCOMRAM 00000B
dtoa@d                           cstackCOMRAM 000020
dtoa@fp                          cstackCOMRAM 00001E
dtoa@i                           cstackCOMRAM 000040
dtoa@n                           cstackCOMRAM 000038
dtoa@p                           cstackCOMRAM 000032
dtoa@s                           cstackCOMRAM 000036
dtoa@w                           cstackCOMRAM 000034
end_of_initialization            cinit        001EF2
fputc@c                          cstackCOMRAM 000003
fputc@fp                         cstackCOMRAM 000005
fputs@c                          cstackCOMRAM 000010
fputs@fp                         cstackCOMRAM 00000E
fputs@i                          cstackCOMRAM 000011
fputs@s                          cstackCOMRAM 00000C
int$flags                        temp         00005D
intlevel0                        text         000000
intlevel1                        text         000000
intlevel2                        text         000000
intlevel3                        text         000000
isalpha@c                        cstackCOMRAM 000003
isdigit@c                        cstackCOMRAM 000003
islower@c                        cstackCOMRAM 000003
isspace@c                        cstackCOMRAM 000003
main@status                      cstackBANK0  0000E1
memset@c                         cstackCOMRAM 000009
memset@dest                      cstackCOMRAM 000007
memset@k                         cstackCOMRAM 00000F
memset@n                         cstackCOMRAM 00000B
memset@s                         cstackCOMRAM 000011
packetHandler@answer             cstackBANK1  000100
packetHandler@answer_1195        cstackBANK1  000196
packetHandler@answer_1204        cstackBANK1  000132
packetHandler@answer_1211        cstackBANK1  000164
packetHandler@count              cstackBANK1  0001B0
packetHandler@end                cstackBANK1  0001AE
packetHandler@pos                cstackBANK1  0001AA
packetHandler@temp               cstackBANK1  0001B4
packetHandler@txt                cstackBANK1  0001AC
pad@buf                          cstackCOMRAM 000015
pad@fp                           cstackCOMRAM 000013
pad@i                            cstackCOMRAM 00001A
pad@p                            cstackCOMRAM 000017
pad@w                            cstackCOMRAM 00001C
read_MAX31856_temp@byte0         cstackCOMRAM 000010
read_MAX31856_temp@byte1         cstackCOMRAM 000012
read_MAX31856_temp@byte2         cstackCOMRAM 000011
read_MAX31856_temp@value         cstackCOMRAM 00000F
spi_send@data                    cstackCOMRAM 000003
sprintf@ap                       cstackBANK0  0000D5
sprintf@f                        cstackBANK0  0000D7
sprintf@fmt                      cstackBANK0  0000CD
sprintf@s                        cstackBANK0  0000CB
stackhi                          (abs)        0007FF
stacklo                          (abs)        0003AA
start                            init         000048
start_initialization             cinit        001EAE
stoa@F1139                       dataBANK0    000060
stoa@cp                          cstackCOMRAM 00001C
stoa@fp                          cstackCOMRAM 00000C
stoa@i                           cstackCOMRAM 000018
stoa@l                           cstackCOMRAM 000020
stoa@nuls                        cstackCOMRAM 000011
stoa@p                           cstackCOMRAM 00001E
stoa@s                           cstackCOMRAM 00000E
stoa@w                           cstackCOMRAM 00001A
strchr@c                         cstackCOMRAM 000005
strchr@s                         cstackCOMRAM 000003
strlen@a                         cstackCOMRAM 000005
strlen@s                         cstackCOMRAM 000003
strncmp@_l                       cstackCOMRAM 000003
strncmp@_r                       cstackCOMRAM 000005
strncmp@l                        cstackCOMRAM 00000A
strncmp@n                        cstackCOMRAM 000007
strncmp@r                        cstackCOMRAM 00000C
strstr@h                         cstackCOMRAM 00000E
strstr@n                         cstackCOMRAM 000010
strstr@nl                        cstackCOMRAM 000012
strtol@base                      cstackCOMRAM 000039
strtol@endptr                    cstackCOMRAM 000037
strtol@s                         cstackCOMRAM 000035
toupper@c                        cstackCOMRAM 000009
ttemp5                           temp         00005E
ttemp6                           temp         000061
ttemp7                           temp         000065
vfpfcnvrt@ap                     cstackCOMRAM 000046
vfpfcnvrt@cp                     cstackCOMRAM 000052
vfpfcnvrt@fmt                    cstackCOMRAM 000044
vfpfcnvrt@fp                     cstackCOMRAM 000042
vfpfcnvrt@ll                     cstackCOMRAM 00004A
vfprintf@ap                      cstackCOMRAM 000058
vfprintf@cfmt                    cstackBANK0  0000C9
vfprintf@fmt                     cstackCOMRAM 000056
vfprintf@fp                      cstackCOMRAM 000054
wtemp8                           temp         00005E


FUNCTION INFORMATION:

 *************** function _main *****************
 Defined at:
		line 92 in file "main_ble.c"
 Parameters:    Size  Location     Type
		None
 Auto vars:     Size  Location     Type
  status          1   24[BANK0 ] volatile unsigned char 
 Return value:  Size  Location     Type
                  1    wreg      void 
 Registers used:
		wreg, fsr1l, fsr1h, fsr2l, fsr2h, status,2, status,0, tblptrl, tblptrh, tblptru, cstack
 Tracked objects:
		On entry : 
		On exit  : 
		Unchanged: 
 Data sizes:     COMRAM   BANK0   BANK1   BANK2   BANK3   BANK4   BANK5   BANK6   BANK7
      Params:         0       0       0       0       0       0       0       0       0
      Locals:         0       1       0       0       0       0       0       0       0
      Temps:          1       0       0       0       0       0       0       0       0
      Totals:         1       1       0       0       0       0       0       0       0
Total ram usage:        2 bytes
 Hardware stack levels required when called:   10
 This function calls:
		_SYSTEM_Initialize
		_UART_Init
		_UART_Write_String
		_packetHandler
		_spi_init
 This function is called by:
		Startup code after reset
 This function uses a non-reentrant model


 *************** function _spi_init *****************
 Defined at:
		line 326 in file "main_ble.c"
 Parameters:    Size  Location     Type
		None
 Auto vars:     Size  Location     Type
		None
 Return value:  Size  Location     Type
                  1    wreg      void 
 Registers used:
		wreg, status,2
 Tracked objects:
		On entry : 
		On exit  : 
		Unchanged: 
 Data sizes:     COMRAM   BANK0   BANK1   BANK2   BANK3   BANK4   BANK5   BANK6   BANK7
      Params:         0       0       0       0       0       0       0       0       0
      Locals:         0       0       0       0       0       0       0       0       0
      Temps:          0       0       0       0       0       0       0       0       0
      Totals:         0       0       0       0       0       0       0       0       0
Total ram usage:        0 bytes
 Hardware stack levels used:    1
 Hardware stack levels required when called:    1
 This function calls:
		Nothing
 This function is called by:
		_main
 This function uses a non-reentrant model


 *************** function _packetHandler *****************
 Defined at:
		line 240 in file "main_ble.c"
 Parameters:    Size  Location     Type
		None
 Auto vars:     Size  Location     Type
  answer         50  100[BANK1 ] unsigned char [50]
  txt             2  172[BANK1 ] PTR unsigned char 
		 -> NULL(0), RX_buffer(500), 
  answer         50   50[BANK1 ] unsigned char [50]
  end             2  174[BANK1 ] PTR unsigned char 
		 -> NULL(0), RX_buffer(500), 
  pos             2  170[BANK1 ] PTR unsigned char 
		 -> NULL(0), RX_buffer(500), 
  answer         20  150[BANK1 ] unsigned char [20]
  count           4  176[BANK1 ] unsigned long 
  temp            2  180[BANK1 ] volatile short 
  answer         50    0[BANK1 ] unsigned char [50]
 Return value:  Size  Location     Type
                  2   20[BANK0 ] int 
 Registers used:
		wreg, fsr1l, fsr1h, fsr2l, fsr2h, status,2, status,0, tblptrl, tblptrh, tblptru, cstack
 Tracked objects:
		On entry : 
		On exit  : 
		Unchanged: 
 Data sizes:     COMRAM   BANK0   BANK1   BANK2   BANK3   BANK4   BANK5   BANK6   BANK7
      Params:         0       2       0       0       0       0       0       0       0
      Locals:         0       0     182       0       0       0       0       0       0
      Temps:          0       2       0       0       0       0       0       0       0
      Totals:         0       4     182       0       0       0       0       0       0
Total ram usage:      186 bytes
 Hardware stack levels used:    1
 Hardware stack levels required when called:    9
 This function calls:
		_RN4870_changeName
		_UART_Write_String
		_init_MAX31856
		_memset
		_read_MAX31856_temp
		_sprintf
		_strlen
		_strstr
		_strtol
 This function is called by:
		_main
 This function uses a non-reentrant model


 *************** function _strtol *****************
 Defined at:
		line 4 in file "C:\Program Files (x86)\Microchip\xc8\v2.05\pic\sources\c99\common\strtol.c"
 Parameters:    Size  Location     Type
  s               2   52[COMRAM] PTR const unsigned char 
		 -> NULL(0), RX_buffer(500), 
  endptr          2   54[COMRAM] PTR PTR unsigned char 
		 -> packetHandler@end(2), 
  base            2   56[COMRAM] int 
 Auto vars:     Size  Location     Type
		None
 Return value:  Size  Location     Type
                  4   52[COMRAM] long 
 Registers used:
		wreg, fsr2l, fsr2h, status,2, status,0, cstack
 Tracked objects:
		On entry : 
		On exit  : 
		Unchanged: 
 Data sizes:     COMRAM   BANK0   BANK1   BANK2   BANK3   BANK4   BANK5   BANK6   BANK7
      Params:         6       0       0       0       0       0       0       0       0
      Locals:         0       0       0       0       0       0       0       0       0
      Temps:          0       0       0       0       0       0       0       0       0
      Totals:         6       0       0       0       0       0       0       0       0
Total ram usage:        6 bytes
 Hardware stack levels used:    1
 Hardware stack levels required when called:    4
 This function calls:
		___strtoxl
 This function is called by:
		_packetHandler
 This function uses a non-reentrant model


 *************** function ___strtoxl *****************
 Defined at:
		line 7 in file "C:\Program Files (x86)\Microchip\xc8\v2.05\pic\sources\c99\common\__strtoxl.c"
 Parameters:    Size  Location     Type
  s               2   16[COMRAM] PTR const unsigned char 
		 -> NULL(0), RX_buffer(500), 
  endptr          2   18[COMRAM] PTR PTR unsigned char 
		 -> packetHandler@end(2), 
  base            2   20[COMRAM] int 
  is_signed       1   22[COMRAM] unsigned char 
 Auto vars:     Size  Location     Type
  a               4   45[COMRAM] unsigned long 
  limit           4   39[COMRAM] unsigned long 
  prev_a          4   27[COMRAM] unsigned long 
  cp              2   49[COMRAM] PTR const unsigned char 
		 -> NULL(0), RX_buffer(500), 
  c               1   51[COMRAM] unsigned char 
  skip            1   44[COMRAM] unsigned char 
  sign            1   43[COMRAM] unsigned char 
  conv_done       1   38[COMRAM] unsigned char 
 Return value:  Size  Location     Type
                  4   16[COMRAM] unsigned long 
 Registers used:
		wreg, fsr2l, fsr2h, status,2, status,0, cstack
 Tracked objects:
		On entry : 
		On exit  : 
		Unchanged: 
 Data sizes:     COMRAM   BANK0   BANK1   BANK2   BANK3   BANK4   BANK5   BANK6   BANK7
      Params:         7       0       0       0       0       0       0       0       0
      Locals:        25       0       0       0       0       0       0       0       0
      Temps:          4       0       0       0       0       0       0       0       0
      Totals:        36       0       0       0       0       0       0       0       0
Total ram usage:       36 bytes
 Hardware stack levels used:    1
 Hardware stack levels required when called:    3
 This function calls:
		___lmul
		_isalpha
		_isdigit
		_isspace
		_toupper
 This function is called by:
		_strtol
 This function uses a non-reentrant model


 *************** function _toupper *****************
 Defined at:
		line 4 in file "C:\Program Files (x86)\Microchip\xc8\v2.05\pic\sources\c99\common\toupper.c"
 Parameters:    Size  Location     Type
  c               2    8[COMRAM] int 
 Auto vars:     Size  Location     Type
		None
 Return value:  Size  Location     Type
                  2    8[COMRAM] int 
 Registers used:
		wreg, status,2, status,0
 Tracked objects:
		On entry : 
		On exit  : 
		Unchanged: 
 Data sizes:     COMRAM   BANK0   BANK1   BANK2   BANK3   BANK4   BANK5   BANK6   BANK7
      Params:         2       0       0       0       0       0       0       0       0
      Locals:         2       0       0       0       0       0       0       0       0
      Temps:          4       0       0       0       0       0       0       0       0
      Totals:         8       0       0       0       0       0       0       0       0
Total ram usage:        8 bytes
 Hardware stack levels used:    1
 Hardware stack levels required when called:    2
 This function calls:
		_islower
 This function is called by:
		___strtoxl
 This function uses a non-reentrant model


 *************** function _islower *****************
 Defined at:
		line 5 in file "C:\Program Files (x86)\Microchip\xc8\v2.05\pic\sources\c99\common\islower.c"
 Parameters:    Size  Location     Type
  c               2    2[COMRAM] int 
 Auto vars:     Size  Location     Type
		None
 Return value:  Size  Location     Type
                  2    2[COMRAM] int 
 Registers used:
		wreg, status,2, status,0
 Tracked objects:
		On entry : 
		On exit  : 
		Unchanged: 
 Data sizes:     COMRAM   BANK0   BANK1   BANK2   BANK3   BANK4   BANK5   BANK6   BANK7
      Params:         2       0       0       0       0       0       0       0       0
      Locals:         0       0       0       0       0       0       0       0       0
      Temps:          4       0       0       0       0       0       0       0       0
      Totals:         6       0       0       0       0       0       0       0       0
Total ram usage:        6 bytes
 Hardware stack levels used:    1
 Hardware stack levels required when called:    1
 This function calls:
		Nothing
 This function is called by:
		_toupper
 This function uses a non-reentrant model


 *************** function _isspace *****************
 Defined at:
		line 5 in file "C:\Program Files (x86)\Microchip\xc8\v2.05\pic\sources\c99\common\isspace.c"
 Parameters:    Size  Location     Type
  c               2    2[COMRAM] int 
 Auto vars:     Size  Location     Type
		None
 Return value:  Size  Location     Type
                  2    2[COMRAM] int 
 Registers used:
		wreg, status,2, status,0
 Tracked objects:
		On entry : 
		On exit  : 
		Unchanged: 
 Data sizes:     COMRAM   BANK0   BANK1   BANK2   BANK3   BANK4   BANK5   BANK6   BANK7
      Params:         2       0       0       0       0       0       0       0       0
      Locals:         1       0       0       0       0       0       0       0       0
      Temps:          4       0       0       0       0       0       0       0       0
      Totals:         7       0       0       0       0       0       0       0       0
Total ram usage:        7 bytes
 Hardware stack levels used:    1
 Hardware stack levels required when called:    1
 This function calls:
		Nothing
 This function is called by:
		___strtoxl
 This function uses a non-reentrant model


 *************** function _isdigit *****************
 Defined at:
		line 5 in file "C:\Program Files (x86)\Microchip\xc8\v2.05\pic\sources\c99\common\isdigit.c"
 Parameters:    Size  Location     Type
  c               2    2[COMRAM] int 
 Auto vars:     Size  Location     Type
		None
 Return value:  Size  Location     Type
                  2    2[COMRAM] int 
 Registers used:
		wreg, status,2, status,0
 Tracked objects:
		On entry : 
		On exit  : 
		Unchanged: 
 Data sizes:     COMRAM   BANK0   BANK1   BANK2   BANK3   BANK4   BANK5   BANK6   BANK7
      Params:         2       0       0       0       0       0       0       0       0
      Locals:         0       0       0       0       0       0       0       0       0
      Temps:          4       0       0       0       0       0       0       0       0
      Totals:         6       0       0       0       0       0       0       0       0
Total ram usage:        6 bytes
 Hardware stack levels used:    1
 Hardware stack levels required when called:    1
 This function calls:
		Nothing
 This function is called by:
		___strtoxl
 This function uses a non-reentrant model


 *************** function _isalpha *****************
 Defined at:
		line 5 in file "C:\Program Files (x86)\Microchip\xc8\v2.05\pic\sources\c99\common\isalpha.c"
 Parameters:    Size  Location     Type
  c               2    2[COMRAM] int 
 Auto vars:     Size  Location     Type
		None
 Return value:  Size  Location     Type
                  2    2[COMRAM] int 
 Registers used:
		wreg, status,2, status,0
 Tracked objects:
		On entry : 
		On exit  : 
		Unchanged: 
 Data sizes:     COMRAM   BANK0   BANK1   BANK2   BANK3   BANK4   BANK5   BANK6   BANK7
      Params:         2       0       0       0       0       0       0       0       0
      Locals:         0       0       0       0       0       0       0       0       0
      Temps:          4       0       0       0       0       0       0       0       0
      Totals:         6       0       0       0       0       0       0       0       0
Total ram usage:        6 bytes
 Hardware stack levels used:    1
 Hardware stack levels required when called:    1
 This function calls:
		Nothing
 This function is called by:
		___strtoxl
 This function uses a non-reentrant model


 *************** function ___lmul *****************
 Defined at:
		line 15 in file "C:\Program Files (x86)\Microchip\xc8\v2.05\pic\sources\c99\common\Umul32.c"
 Parameters:    Size  Location     Type
  multiplier      4    2[COMRAM] unsigned long 
  multiplicand    4    6[COMRAM] unsigned long 
 Auto vars:     Size  Location     Type
  product         4   10[COMRAM] unsigned long 
 Return value:  Size  Location     Type
                  4    2[COMRAM] unsigned long 
 Registers used:
		wreg, status,2, status,0
 Tracked objects:
		On entry : 
		On exit  : 
		Unchanged: 
 Data sizes:     COMRAM   BANK0   BANK1   BANK2   BANK3   BANK4   BANK5   BANK6   BANK7
      Params:         8       0       0       0       0       0       0       0       0
      Locals:         4       0       0       0       0       0       0       0       0
      Temps:          0       0       0       0       0       0       0       0       0
      Totals:        12       0       0       0       0       0       0       0       0
Total ram usage:       12 bytes
 Hardware stack levels used:    1
 Hardware stack levels required when called:    1
 This function calls:
		Nothing
 This function is called by:
		___strtoxl
 This function uses a non-reentrant model


 *************** function _sprintf *****************
 Defined at:
		line 9 in file "C:\Program Files (x86)\Microchip\xc8\v2.05\pic\sources\c99\common\nf_sprintf.c"
 Parameters:    Size  Location     Type
  s               2    2[BANK0 ] PTR unsigned char 
		 -> packetHandler@answer_1211(50), name(50), packetHandler@answer_1204(50), packetHandler@answer_1195(20), 
  fmt             2    4[BANK0 ] PTR const unsigned char 
		 -> STR_31(20), STR_30(5), STR_26(16), STR_21(7), 
 Auto vars:     Size  Location     Type
  f               6   14[BANK0 ] struct _IO_FILE
  ap              2   12[BANK0 ] PTR void [1]
		 -> ?_sprintf(2), 
  ret             2    0        int 
 Return value:  Size  Location     Type
                  2    2[BANK0 ] int 
 Registers used:
		wreg, fsr1l, fsr1h, fsr2l, fsr2h, status,2, status,0, tblptrl, tblptrh, tblptru, cstack
 Tracked objects:
		On entry : 
		On exit  : 
		Unchanged: 
 Data sizes:     COMRAM   BANK0   BANK1   BANK2   BANK3   BANK4   BANK5   BANK6   BANK7
      Params:         0       8       0       0       0       0       0       0       0
      Locals:         0      10       0       0       0       0       0       0       0
      Temps:          0       0       0       0       0       0       0       0       0
      Totals:         0      18       0       0       0       0       0       0       0
Total ram usage:       18 bytes
 Hardware stack levels used:    1
 Hardware stack levels required when called:    8
 This function calls:
		_vfprintf
 This function is called by:
		_packetHandler
 This function uses a non-reentrant model


 *************** function _vfprintf *****************
 Defined at:
		line 1368 in file "C:\Program Files (x86)\Microchip\xc8\v2.05\pic\sources\c99\common\doprnt.c"
 Parameters:    Size  Location     Type
  fp              2   83[COMRAM] PTR struct _IO_FILE
		 -> sprintf@f(6), 
  fmt             2   85[COMRAM] PTR const unsigned char 
		 -> STR_31(20), STR_30(5), STR_26(16), STR_21(7), 
  ap              2   87[COMRAM] PTR PTR void 
		 -> sprintf@ap(2), 
 Auto vars:     Size  Location     Type
  cfmt            2    0[BANK0 ] PTR unsigned char 
		 -> STR_31(20), STR_30(5), STR_26(16), STR_21(7), 
 Return value:  Size  Location     Type
                  2   83[COMRAM] int 
 Registers used:
		wreg, fsr1l, fsr1h, fsr2l, fsr2h, status,2, status,0, tblptrl, tblptrh, tblptru, cstack
 Tracked objects:
		On entry : 
		On exit  : 
		Unchanged: 
 Data sizes:     COMRAM   BANK0   BANK1   BANK2   BANK3   BANK4   BANK5   BANK6   BANK7
      Params:         6       0       0       0       0       0       0       0       0
      Locals:         0       2       0       0       0       0       0       0       0
      Temps:          0       0       0       0       0       0       0       0       0
      Totals:         6       2       0       0       0       0       0       0       0
Total ram usage:        8 bytes
 Hardware stack levels used:    1
 Hardware stack levels required when called:    7
 This function calls:
		_vfpfcnvrt
 This function is called by:
		_sprintf
 This function uses a non-reentrant model


 *************** function _vfpfcnvrt *****************
 Defined at:
		line 670 in file "C:\Program Files (x86)\Microchip\xc8\v2.05\pic\sources\c99\common\doprnt.c"
 Parameters:    Size  Location     Type
  fp              2   65[COMRAM] PTR struct _IO_FILE
		 -> sprintf@f(6), 
  fmt             2   67[COMRAM] PTR PTR unsigned char 
		 -> vfprintf@cfmt(2), 
  ap              2   69[COMRAM] PTR PTR void 
		 -> sprintf@ap(2), 
 Auto vars:     Size  Location     Type
  ll              8   73[COMRAM] long long 
  llu             8    0        unsigned long long 
  f               4    0        unsigned long long 
  vp              3    0        PTR void 
  ct              3    0        unsigned char [3]
  cp              2   81[COMRAM] PTR unsigned char 
		 -> ?_sprintf(2), NULL(0), RX_buffer(500), 
  i               2    0        int 
  done            2    0        int 
  c               1    0        unsigned char 
 Return value:  Size  Location     Type
                  2   65[COMRAM] int 
 Registers used:
		wreg, fsr1l, fsr1h, fsr2l, fsr2h, status,2, status,0, tblptrl, tblptrh, tblptru, cstack
 Tracked objects:
		On entry : 
		On exit  : 
		Unchanged: 
 Data sizes:     COMRAM   BANK0   BANK1   BANK2   BANK3   BANK4   BANK5   BANK6   BANK7
      Params:         6       0       0       0       0       0       0       0       0
      Locals:        10       0       0       0       0       0       0       0       0
      Temps:          2       0       0       0       0       0       0       0       0
      Totals:        18       0       0       0       0       0       0       0       0
Total ram usage:       18 bytes
 Hardware stack levels used:    1
 Hardware stack levels required when called:    6
 This function calls:
		_dtoa
		_fputc
		_stoa
 This function is called by:
		_vfprintf
 This function uses a non-reentrant model


 *************** function _stoa *****************
 Defined at:
		line 546 in file "C:\Program Files (x86)\Microchip\xc8\v2.05\pic\sources\c99\common\doprnt.c"
 Parameters:    Size  Location     Type
  fp              2   11[COMRAM] PTR struct _IO_FILE
		 -> sprintf@f(6), 
  s               2   13[COMRAM] PTR unsigned char 
		 -> ?_sprintf(2), NULL(0), RX_buffer(500), 
 Auto vars:     Size  Location     Type
  nuls            7   16[COMRAM] unsigned char [7]
  l               2   31[COMRAM] int 
  p               2   29[COMRAM] int 
  cp              2   27[COMRAM] PTR unsigned char 
		 -> ?_sprintf(2), stoa@nuls(7), NULL(0), RX_buffer(500), 
  w               2   25[COMRAM] int 
  i               2   23[COMRAM] int 
 Return value:  Size  Location     Type
                  2   11[COMRAM] int 
 Registers used:
		wreg, fsr1l, fsr1h, fsr2l, fsr2h, status,2, status,0, tblptrl, tblptrh, tblptru, cstack
 Tracked objects:
		On entry : 
		On exit  : 
		Unchanged: 
 Data sizes:     COMRAM   BANK0   BANK1   BANK2   BANK3   BANK4   BANK5   BANK6   BANK7
      Params:         4       0       0       0       0       0       0       0       0
      Locals:        17       0       0       0       0       0       0       0       0
      Temps:          1       0       0       0       0       0       0       0       0
      Totals:        22       0       0       0       0       0       0       0       0
Total ram usage:       22 bytes
 Hardware stack levels used:    1
 Hardware stack levels required when called:    3
 This function calls:
		_fputc
		_strlen
 This function is called by:
		_vfpfcnvrt
 This function uses a non-reentrant model


 *************** function _dtoa *****************
 Defined at:
		line 274 in file "C:\Program Files (x86)\Microchip\xc8\v2.05\pic\sources\c99\common\doprnt.c"
 Parameters:    Size  Location     Type
  fp              2   29[COMRAM] PTR struct _IO_FILE
		 -> sprintf@f(6), 
  d               8   31[COMRAM] long long 
 Auto vars:     Size  Location     Type
  n               8   55[COMRAM] long long 
  i               2   63[COMRAM] int 
  s               2   53[COMRAM] int 
  w               2   51[COMRAM] int 
  p               2   49[COMRAM] int 
 Return value:  Size  Location     Type
                  2   29[COMRAM] int 
 Registers used:
		wreg, fsr1l, fsr1h, fsr2l, fsr2h, status,2, status,0, tblptrl, tblptrh, tblptru, cstack
 Tracked objects:
		On entry : 
		On exit  : 
		Unchanged: 
 Data sizes:     COMRAM   BANK0   BANK1   BANK2   BANK3   BANK4   BANK5   BANK6   BANK7
      Params:        10       0       0       0       0       0       0       0       0
      Locals:        18       0       0       0       0       0       0       0       0
      Temps:          8       0       0       0       0       0       0       0       0
      Totals:        36       0       0       0       0       0       0       0       0
Total ram usage:       36 bytes
 Hardware stack levels used:    1
 Hardware stack levels required when called:    5
 This function calls:
		___aodiv
		___aomod
		_abs
		_pad
 This function is called by:
		_vfpfcnvrt
 This function uses a non-reentrant model


 *************** function _pad *****************
 Defined at:
		line 72 in file "C:\Program Files (x86)\Microchip\xc8\v2.05\pic\sources\c99\common\doprnt.c"
 Parameters:    Size  Location     Type
  fp              2   18[COMRAM] PTR struct _IO_FILE
		 -> sprintf@f(6), 
  buf             2   20[COMRAM] PTR unsigned char 
		 -> dbuf(32), 
  p               2   22[COMRAM] int 
 Auto vars:     Size  Location     Type
  w               2   27[COMRAM] int 
  i               2   25[COMRAM] int 
 Return value:  Size  Location     Type
                  2   18[COMRAM] int 
 Registers used:
		wreg, fsr1l, fsr1h, fsr2l, fsr2h, status,2, status,0, tblptrl, tblptrh, tblptru, cstack
 Tracked objects:
		On entry : 
		On exit  : 
		Unchanged: 
 Data sizes:     COMRAM   BANK0   BANK1   BANK2   BANK3   BANK4   BANK5   BANK6   BANK7
      Params:         6       0       0       0       0       0       0       0       0
      Locals:         4       0       0       0       0       0       0       0       0
      Temps:          1       0       0       0       0       0       0       0       0
      Totals:        11       0       0       0       0       0       0       0       0
Total ram usage:       11 bytes
 Hardware stack levels used:    1
 Hardware stack levels required when called:    4
 This function calls:
		_fputc
		_fputs
		_strlen
 This function is called by:
		_dtoa
 This function uses a non-reentrant model


 *************** function _fputs *****************
 Defined at:
		line 8 in file "C:\Program Files (x86)\Microchip\xc8\v2.05\pic\sources\c99\common\nf_fputs.c"
 Parameters:    Size  Location     Type
  s               2   11[COMRAM] PTR const unsigned char 
		 -> dbuf(32), 
  fp              2   13[COMRAM] PTR struct _IO_FILE
		 -> sprintf@f(6), 
 Auto vars:     Size  Location     Type
  i               2   16[COMRAM] int 
  c               1   15[COMRAM] unsigned char 
 Return value:  Size  Location     Type
                  2   11[COMRAM] int 
 Registers used:
		wreg, fsr1l, fsr1h, fsr2l, fsr2h, status,2, status,0, cstack
 Tracked objects:
		On entry : 
		On exit  : 
		Unchanged: 
 Data sizes:     COMRAM   BANK0   BANK1   BANK2   BANK3   BANK4   BANK5   BANK6   BANK7
      Params:         4       0       0       0       0       0       0       0       0
      Locals:         3       0       0       0       0       0       0       0       0
      Temps:          0       0       0       0       0       0       0       0       0
      Totals:         7       0       0       0       0       0       0       0       0
Total ram usage:        7 bytes
 Hardware stack levels used:    1
 Hardware stack levels required when called:    3
 This function calls:
		_fputc
 This function is called by:
		_pad
 This function uses a non-reentrant model


 *************** function _fputc *****************
 Defined at:
		line 8 in file "C:\Program Files (x86)\Microchip\xc8\v2.05\pic\sources\c99\common\nf_fputc.c"
 Parameters:    Size  Location     Type
  c               2    2[COMRAM] int 
  fp              2    4[COMRAM] PTR struct _IO_FILE
		 -> sprintf@f(6), 
 Auto vars:     Size  Location     Type
		None
 Return value:  Size  Location     Type
                  2    2[COMRAM] int 
 Registers used:
		wreg, fsr1l, fsr1h, fsr2l, fsr2h, status,2, status,0, cstack
 Tracked objects:
		On entry : 
		On exit  : 
		Unchanged: 
 Data sizes:     COMRAM   BANK0   BANK1   BANK2   BANK3   BANK4   BANK5   BANK6   BANK7
      Params:         4       0       0       0       0       0       0       0       0
      Locals:         0       0       0       0       0       0       0       0       0
      Temps:          5       0       0       0       0       0       0       0       0
      Totals:         9       0       0       0       0       0       0       0       0
Total ram usage:        9 bytes
 Hardware stack levels used:    1
 Hardware stack levels required when called:    2
 This function calls:
		_putch
 This function is called by:
		_pad
		_stoa
		_vfpfcnvrt
		_fputs
 This function uses a non-reentrant model


 *************** function _putch *****************
 Defined at:
		line 7 in file "C:\Program Files (x86)\Microchip\xc8\v2.05\pic\sources\c99\common\putch.c"
 Parameters:    Size  Location     Type
  c               1    wreg     unsigned char 
 Auto vars:     Size  Location     Type
  c               1    0[COMRAM] unsigned char 
 Return value:  Size  Location     Type
                  1    wreg      void 
 Registers used:
		wreg
 Tracked objects:
		On entry : 
		On exit  : 
		Unchanged: 
 Data sizes:     COMRAM   BANK0   BANK1   BANK2   BANK3   BANK4   BANK5   BANK6   BANK7
      Params:         0       0       0       0       0       0       0       0       0
      Locals:         0       0       0       0       0       0       0       0       0
      Temps:          0       0       0       0       0       0       0       0       0
      Totals:         0       0       0       0       0       0       0       0       0
Total ram usage:        0 bytes
 Hardware stack levels used:    1
 Hardware stack levels required when called:    1
 This function calls:
		Nothing
 This function is called by:
		_fputc
 This function uses a non-reentrant model


 *************** function _abs *****************
 Defined at:
		line 1 in file "C:\Program Files (x86)\Microchip\xc8\v2.05\pic\sources\c99\common\abs.c"
 Parameters:    Size  Location     Type
  a               2   20[COMRAM] int 
 Auto vars:     Size  Location     Type
		None
 Return value:  Size  Location     Type
                  2   20[COMRAM] int 
 Registers used:
		wreg, status,2, status,0
 Tracked objects:
		On entry : 
		On exit  : 
		Unchanged: 
 Data sizes:     COMRAM   BANK0   BANK1   BANK2   BANK3   BANK4   BANK5   BANK6   BANK7
      Params:         2       0       0       0       0       0       0       0       0
      Locals:         0       0       0       0       0       0       0       0       0
      Temps:          2       0       0       0       0       0       0       0       0
      Totals:         4       0       0       0       0       0       0       0       0
Total ram usage:        4 bytes
 Hardware stack levels used:    1
 Hardware stack levels required when called:    1
 This function calls:
		Nothing
 This function is called by:
		_dtoa
 This function uses a non-reentrant model


 *************** function ___aomod *****************
 Defined at:
		line 9 in file "C:\Program Files (x86)\Microchip\xc8\v2.05\pic\sources\c99\common\aomod.c"
 Parameters:    Size  Location     Type
  dividend        8    2[COMRAM] long long 
  divisor         8   10[COMRAM] long long 
 Auto vars:     Size  Location     Type
  sign            1   19[COMRAM] unsigned char 
  counter         1   18[COMRAM] unsigned char 
 Return value:  Size  Location     Type
                  8    2[COMRAM] long long 
 Registers used:
		wreg, status,2, status,0
 Tracked objects:
		On entry : 
		On exit  : 
		Unchanged: 
 Data sizes:     COMRAM   BANK0   BANK1   BANK2   BANK3   BANK4   BANK5   BANK6   BANK7
      Params:        16       0       0       0       0       0       0       0       0
      Locals:         2       0       0       0       0       0       0       0       0
      Temps:          0       0       0       0       0       0       0       0       0
      Totals:        18       0       0       0       0       0       0       0       0
Total ram usage:       18 bytes
 Hardware stack levels used:    1
[...]
                  2    2[COMRAM] int 
 Registers used:
		wreg, fsr2l, fsr2h, status,2, status,0, tblptrl, tblptrh, tblptru
 Tracked objects:
		On entry : 
		On exit  : 
		Unchanged: 
 Data sizes:     COMRAM   BANK0   BANK1   BANK2   BANK3   BANK4   BANK5   BANK6   BANK7
      Params:         6       0       0       0       0       0       0       0       0
      Locals:         4       0       0       0       0       0       0       0       0
      Temps:          1       0       0       0       0       0       0       0       0
      Totals:        11       0       0       0       0       0       0       0       0
Total ram usage:       11 bytes
 Hardware stack levels used:    1
 Hardware stack levels required when called:    1
 This function calls:
		Nothing
 This function is called by:
		_strstr
 This function uses a non-reentrant model


 *************** function _strchr *****************
 Defined at:
		line 7 in file "C:\Program Files (x86)\Microchip\xc8\v2.05\pic\sources\c99\common\strchr.c"
 Parameters:    Size  Location     Type
  s               2    2[COMRAM] PTR const unsigned char 
		 -> NULL(0), RX_buffer(500), 
  c               2    4[COMRAM] int 
 Auto vars:     Size  Location     Type
		None
 Return value:  Size  Location     Type
                  2    2[COMRAM] PTR unsigned char 
 Registers used:
		wreg, fsr2l, fsr2h, status,2, status,0
 Tracked objects:
		On entry : 
		On exit  : 
		Unchanged: 
 Data sizes:     COMRAM   BANK0   BANK1   BANK2   BANK3   BANK4   BANK5   BANK6   BANK7
      Params:         4       0       0       0       0       0       0       0       0
      Locals:         0       0       0       0       0       0       0       0       0
      Temps:          1       0       0       0       0       0       0       0       0
      Totals:         5       0       0       0       0       0       0       0       0
Total ram usage:        5 bytes
 Hardware stack levels used:    1
 Hardware stack levels required when called:    1
 This function calls:
		Nothing
 This function is called by:
		_strstr
 This function uses a non-reentrant model


 *************** function _memset *****************
 Defined at:
		line 4 in file "C:\Program Files (x86)\Microchip\xc8\v2.05\pic\sources\c99\common\memset.c"
 Parameters:    Size  Location     Type
  dest            2    6[COMRAM] PTR void 
		 -> RX_buffer(500), 
  c               2    8[COMRAM] int 
  n               2   10[COMRAM] unsigned int 
 Auto vars:     Size  Location     Type
  s               2   16[COMRAM] PTR unsigned char 
		 -> RX_buffer(500), 
  k               2   14[COMRAM] unsigned int 
 Return value:  Size  Location     Type
                  2    6[COMRAM] PTR void 
 Registers used:
		wreg, fsr2l, fsr2h, status,2, status,0
 Tracked objects:
		On entry : 
		On exit  : 
		Unchanged: 
 Data sizes:     COMRAM   BANK0   BANK1   BANK2   BANK3   BANK4   BANK5   BANK6   BANK7
      Params:         6       0       0       0       0       0       0       0       0
      Locals:         4       0       0       0       0       0       0       0       0
      Temps:          2       0       0       0       0       0       0       0       0
      Totals:        12       0       0       0       0       0       0       0       0
Total ram usage:       12 bytes
 Hardware stack levels used:    1
 Hardware stack levels required when called:    1
 This function calls:
		Nothing
 This function is called by:
		_RN4870_changeName
		_packetHandler
 This function uses a non-reentrant model


 *************** function _UART_Write_String *****************
 Defined at:
		line 172 in file "main_ble.c"
 Parameters:    Size  Location     Type
  buffer          2    6[COMRAM] PTR unsigned char 
		 -> packetHandler@answer_1211(50), name(50), packetHandler@answer_1204(50), packetHandler@answer_1195(20), 
		 -> STR_19(16), packetHandler@answer(50), STR_17(7), STR_15(5), 
		 -> STR_13(5), STR_12(2), STR_11(4), STR_9(2), 
		 -> STR_8(4), STR_7(7), STR_5(7), STR_4(4), 
		 -> STR_2(4), STR_1(7), 
 Auto vars:     Size  Location     Type
  i               2   10[COMRAM] int 
  size            2   12[COMRAM] volatile int 
 Return value:  Size  Location     Type
                  1    wreg      void 
 Registers used:
		wreg, fsr1l, fsr1h, status,2, status,0, tblptrl, tblptrh, tblptru, cstack
 Tracked objects:
		On entry : 
		On exit  : 
		Unchanged: 
 Data sizes:     COMRAM   BANK0   BANK1   BANK2   BANK3   BANK4   BANK5   BANK6   BANK7
      Params:         2       0       0       0       0       0       0       0       0
      Locals:         4       0       0       0       0       0       0       0       0
      Temps:          2       0       0       0       0       0       0       0       0
      Totals:         8       0       0       0       0       0       0       0       0
Total ram usage:        8 bytes
 Hardware stack levels used:    1
 Hardware stack levels required when called:    2
 This function calls:
		_UART_Write
		_strlen
 This function is called by:
		_main
		_RN4870_changeName
		_packetHandler
 This function uses a non-reentrant model


 *************** function _strlen *****************
 Defined at:
		line 12 in file "C:\Program Files (x86)\Microchip\xc8\v2.05\pic\sources\c99\common\strlen.c"
 Parameters:    Size  Location     Type
  s               2    2[COMRAM] PTR const unsigned char 
		 -> ?_sprintf(2), stoa@nuls(7), dbuf(32), packetHandler@answer_1211(50), 
		 -> name(50), STR_29(12), STR_28(12), STR_27(12), 
		 -> packetHandler@answer_1204(50), STR_25(10), STR_24(10), STR_23(10), 
		 -> STR_22(8), packetHandler@answer_1195(20), STR_20(8), STR_19(16), 
		 -> STR_18(12), packetHandler@answer(50), STR_17(7), STR_16(4), 
		 -> STR_14(10), STR_15(5), STR_13(5), STR_10(4), 
		 -> STR_12(2), STR_11(4), STR_9(2), STR_8(4), 
		 -> STR_6(4), STR_7(7), STR_5(7), NULL(0), 
		 -> STR_3(4), STR_4(4), STR_2(4), STR_1(7), 
		 -> RX_buffer(500), 
 Auto vars:     Size  Location     Type
  a               2    4[COMRAM] PTR const unsigned char 
		 -> ?_sprintf(2), stoa@nuls(7), dbuf(32), packetHandler@answer_1211(50), 
		 -> name(50), STR_29(12), STR_28(12), STR_27(12), 
		 -> packetHandler@answer_1204(50), STR_25(10), STR_24(10), STR_23(10), 
		 -> STR_22(8), packetHandler@answer_1195(20), STR_20(8), STR_19(16), 
		 -> STR_18(12), packetHandler@answer(50), STR_17(7), STR_16(4), 
		 -> STR_14(10), STR_15(5), STR_13(5), STR_10(4), 
		 -> STR_12(2), STR_11(4), STR_9(2), STR_8(4), 
		 -> STR_6(4), STR_7(7), STR_5(7), NULL(0), 
		 -> STR_3(4), STR_4(4), STR_2(4), STR_1(7), 
		 -> RX_buffer(500), 
 Return value:  Size  Location     Type
                  2    2[COMRAM] unsigned int 
 Registers used:
		wreg, fsr1l, fsr1h, status,2, status,0, tblptrl, tblptrh, tblptru
 Tracked objects:
		On entry : 
		On exit  : 
		Unchanged: 
 Data sizes:     COMRAM   BANK0   BANK1   BANK2   BANK3   BANK4   BANK5   BANK6   BANK7
      Params:         2       0       0       0       0       0       0       0       0
      Locals:         2       0       0       0       0       0       0       0       0
      Temps:          0       0       0       0       0       0       0       0       0
      Totals:         4       0       0       0       0       0       0       0       0
Total ram usage:        4 bytes
 Hardware stack levels used:    1
 Hardware stack levels required when called:    1
 This function calls:
		Nothing
 This function is called by:
		_UART_Write_String
		_RN4870_changeName
		_packetHandler
		_pad
		_stoa
		_strstr
 This function uses a non-reentrant model


 *************** function _UART_Write *****************
 Defined at:
		line 165 in file "main_ble.c"
 Parameters:    Size  Location     Type
  data            1    wreg     unsigned char 
 Auto vars:     Size  Location     Type
  data            1    2[COMRAM] unsigned char 
 Return value:  Size  Location     Type
                  1    wreg      void 
 Registers used:
		wreg
 Tracked objects:
		On entry : 
		On exit  : 
		Unchanged: 
 Data sizes:     COMRAM   BANK0   BANK1   BANK2   BANK3   BANK4   BANK5   BANK6   BANK7
      Params:         0       0       0       0       0       0       0       0       0
      Locals:         1       0       0       0       0       0       0       0       0
      Temps:          0       0       0       0       0       0       0       0       0
      Totals:         1       0       0       0       0       0       0       0       0
Total ram usage:        1 bytes
 Hardware stack levels used:    1
 Hardware stack levels required when called:    1
 This function calls:
		Nothing
 This function is called by:
		_UART_Write_String
 This function uses a non-reentrant model


 *************** function _UART_Init *****************
 Defined at:
		line 129 in file "main_ble.c"
 Parameters:    Size  Location     Type
		None
 Auto vars:     Size  Location     Type
		None
 Return value:  Size  Location     Type
                  1    wreg      void 
 Registers used:
		wreg, status,2
 Tracked objects:
		On entry : 
		On exit  : 
		Unchanged: 
 Data sizes:     COMRAM   BANK0   BANK1   BANK2   BANK3   BANK4   BANK5   BANK6   BANK7
      Params:         0       0       0       0       0       0       0       0       0
      Locals:         0       0       0       0       0       0       0       0       0
      Temps:          0       0       0       0       0       0       0       0       0
      Totals:         0       0       0       0       0       0       0       0       0
Total ram usage:        0 bytes
 Hardware stack levels used:    1
 Hardware stack levels required when called:    1
 This function calls:
		Nothing
 This function is called by:
		_main
 This function uses a non-reentrant model


 *************** function _SYSTEM_Initialize *****************
 Defined at:
		line 50 in file "mcc_generated_files/mcc.c"
 Parameters:    Size  Location     Type
		None
 Auto vars:     Size  Location     Type
		None
 Return value:  Size  Location     Type
                  1    wreg      void 
 Registers used:
		wreg, status,2, cstack
 Tracked objects:
		On entry : 
		On exit  : 
		Unchanged: 
 Data sizes:     COMRAM   BANK0   BANK1   BANK2   BANK3   BANK4   BANK5   BANK6   BANK7
      Params:         0       0       0       0       0       0       0       0       0
      Locals:         0       0       0       0       0       0       0       0       0
      Temps:          0       0       0       0       0       0       0       0       0
      Totals:         0       0       0       0       0       0       0       0       0
Total ram usage:        0 bytes
 Hardware stack levels used:    1
 Hardware stack levels required when called:    2
 This function calls:
		_OSCILLATOR_Initialize
		_PIN_MANAGER_Initialize
 This function is called by:
		_main
 This function uses a non-reentrant model


 *************** function _PIN_MANAGER_Initialize *****************
 Defined at:
		line 55 in file "mcc_generated_files/pin_manager.c"
 Parameters:    Size  Location     Type
		None
 Auto vars:     Size  Location     Type
		None
 Return value:  Size  Location     Type
                  1    wreg      void 
 Registers used:
		wreg, status,2
 Tracked objects:
		On entry : 
		On exit  : 
		Unchanged: 
 Data sizes:     COMRAM   BANK0   BANK1   BANK2   BANK3   BANK4   BANK5   BANK6   BANK7
      Params:         0       0       0       0       0       0       0       0       0
      Locals:         0       0       0       0       0       0       0       0       0
      Temps:          0       0       0       0       0       0       0       0       0
      Totals:         0       0       0       0       0       0       0       0       0
Total ram usage:        0 bytes
 Hardware stack levels used:    1
 Hardware stack levels required when called:    1
 This function calls:
		Nothing
 This function is called by:
		_SYSTEM_Initialize
 This function uses a non-reentrant model


 *************** function _OSCILLATOR_Initialize *****************
 Defined at:
		line 57 in file "mcc_generated_files/mcc.c"
 Parameters:    Size  Location     Type
		None
 Auto vars:     Size  Location     Type
		None
 Return value:  Size  Location     Type
                  1    wreg      void 
 Registers used:
		wreg, status,2
 Tracked objects:
		On entry : 
		On exit  : 
		Unchanged: 
 Data sizes:     COMRAM   BANK0   BANK1   BANK2   BANK3   BANK4   BANK5   BANK6   BANK7
      Params:         0       0       0       0       0       0       0       0       0
      Locals:         0       0       0       0       0       0       0       0       0
      Temps:          0       0       0       0       0       0       0       0       0
      Totals:         0       0       0       0       0       0       0       0       0
Total ram usage:        0 bytes
 Hardware stack levels used:    1
 Hardware stack levels required when called:    1
 This function calls:
		Nothing
 This function is called by:
		_SYSTEM_Initialize
 This function uses a non-reentrant model


 *************** function _high_ISR *****************
 Defined at:
		line 58 in file "main_ble.c"
 Parameters:    Size  Location     Type
		None
 Auto vars:     Size  Location     Type
		None
 Return value:  Size  Location     Type
                  1    wreg      void 
 Registers used:
		wreg, fsr2l, fsr2h, status,2, status,0
 Tracked objects:
		On entry : 
		On exit  : 
		Unchanged: 
 Data sizes:     COMRAM   BANK0   BANK1   BANK2   BANK3   BANK4   BANK5   BANK6   BANK7
      Params:         0       0       0       0       0       0       0       0       0
      Locals:         0       0       0       0       0       0       0       0       0
      Temps:          2       0       0       0       0       0       0       0       0
      Totals:         2       0       0       0       0       0       0       0       0
Total ram usage:        2 bytes
 Hardware stack levels used:    1
 This function calls:
		Nothing
 This function is called by:
		Interrupt level 2
 This function uses a non-reentrant model



MODULE INFORMATION

Module		Function		Class		Link	Load	Size
C:\Program Files (x86)\Microchip\xc8\v2.05\pic\sources\c99\common\Umul32.c
		___lmul        		CODE           	1E02	0000	87

C:\Program Files (x86)\Microchip\xc8\v2.05\pic\sources\c99\common\Umul32.c estimated size: 87

main_ble.c
		_UART_Write_String		CODE           	1D36	0000	105
		_RN4870_changeName		CODE           	0EBA	0000	667
		_UART_Init     		CODE           	22AE	0000	37
		_main          		CODE           	1F52	0000	81
		_high_ISR      		CODE           	0008	0000	65
		_read_MAX31856_temp		CODE           	1CC4	0000	115
		_spi_read      		CODE           	2304	0000	5
		_spi_init      		CODE           	21F4	0000	49
		_spi_send      		CODE           	22F0	0000	11
		_init_MAX31856 		CODE           	1FEC	0000	73
		_packetHandler 		CODE           	0BB6	0000	773
		_convertTemp   		CODE           	1D9E	0000	101
		_UART_Write    		CODE           	22E4	0000	13

main_ble.c estimated size: 2095

C:\Program Files (x86)\Microchip\xc8\v2.05\pic\sources\c99\common\putch.c
		_putch         		CODE           	2308	0000	3

C:\Program Files (x86)\Microchip\xc8\v2.05\pic\sources\c99\common\putch.c estimated size: 3

C:\Program Files (x86)\Microchip\xc8\v2.05\pic\sources\c99\common\__strtoxl.c
		___strtoxl     		CODE           	08AC	0000	779

C:\Program Files (x86)\Microchip\xc8\v2.05\pic\sources\c99\common\__strtoxl.c estimated size: 779

C:\Program Files (x86)\Microchip\xc8\v2.05\pic\sources\c99\common\nf_fputc.c
		_fputc         		CODE           	1AF6	0000	161

C:\Program Files (x86)\Microchip\xc8\v2.05\pic\sources\c99\common\nf_fputc.c estimated size: 161

C:\Program Files (x86)\Microchip\xc8\v2.05\pic\sources\c99\common\islower.c
		_islower       		CODE           	2224	0000	49

C:\Program Files (x86)\Microchip\xc8\v2.05\pic\sources\c99\common\islower.c estimated size: 49

mcc_generated_files/pin_manager.c
		_PIN_MANAGER_Initialize		CODE           	2284	0000	43

mcc_generated_files/pin_manager.c estimated size: 43

C:\Program Files (x86)\Microchip\xc8\v2.05\pic\sources\c99\common\aodiv.c
		___aodiv       		CODE           	158A	0000	329

C:\Program Files (x86)\Microchip\xc8\v2.05\pic\sources\c99\common\aodiv.c estimated size: 329

C:\Program Files (x86)\Microchip\xc8\v2.05\pic\sources\c99\common\toupper.c
		_toupper       		CODE           	1FA2	0000	75

C:\Program Files (x86)\Microchip\xc8\v2.05\pic\sources\c99\common\toupper.c estimated size: 75

C:\Program Files (x86)\Microchip\xc8\v2.05\pic\sources\c99\common\strlen.c
		_strlen        		CODE           	2034	0000	67

C:\Program Files (x86)\Microchip\xc8\v2.05\pic\sources\c99\common\strlen.c estimated size: 67

C:\Program Files (x86)\Microchip\xc8\v2.05\pic\sources\c99\common\strchr.c
		_strchr        		CODE           	2126	0000	55

C:\Program Files (x86)\Microchip\xc8\v2.05\pic\sources\c99\common\strchr.c estimated size: 55

C:\Program Files (x86)\Microchip\xc8\v2.05\pic\sources\c99\common\isspace.c
		_isspace       		CODE           	2076	0000	63

C:\Program Files (x86)\Microchip\xc8\v2.05\pic\sources\c99\common\isspace.c estimated size: 63

C:\Program Files (x86)\Microchip\xc8\v2.05\pic\sources\c99\common\memset.c
		_memset        		CODE           	16D2	0000	307

C:\Program Files (x86)\Microchip\xc8\v2.05\pic\sources\c99\common\memset.c estimated size: 307

C:\Program Files (x86)\Microchip\xc8\v2.05\pic\sources\c99\common\strncmp.c
		_strncmp       		CODE           	1A54	0000	163

C:\Program Files (x86)\Microchip\xc8\v2.05\pic\sources\c99\common\strncmp.c estimated size: 163

C:\Program Files (x86)\Microchip\xc8\v2.05\pic\sources\c99\common\strtol.c
		_strtol        		CODE           	2190	0000	51

C:\Program Files (x86)\Microchip\xc8\v2.05\pic\sources\c99\common\strtol.c estimated size: 51

C:\Program Files (x86)\Microchip\xc8\v2.05\pic\sources\c99\common\doprnt.c
		_vfpfcnvrt     		CODE           	139A	0000	497
		_pad           		CODE           	1B96	0000	155
		_dtoa          		CODE           	1154	0000	583
		_vfprintf      		CODE           	1E58	0000	87
		_stoa          		CODE           	1804	0000	301

C:\Program Files (x86)\Microchip\xc8\v2.05\pic\sources\c99\common\doprnt.c estimated size: 1623

shared
		__initialization		CODE           	1EAE	0000	69

shared estimated size: 69

C:\Program Files (x86)\Microchip\xc8\v2.05\pic\sources\c99\common\isalpha.c
		_isalpha       		CODE           	215C	0000	53

C:\Program Files (x86)\Microchip\xc8\v2.05\pic\sources\c99\common\isalpha.c estimated size: 53

mcc_generated_files/mcc.c
		_OSCILLATOR_Initialize		CODE           	22D2	0000	19
		_SYSTEM_Initialize		CODE           	22FA	0000	11

mcc_generated_files/mcc.c estimated size: 30

C:\Program Files (x86)\Microchip\xc8\v2.05\pic\sources\c99\common\nf_sprintf.c
		_sprintf       		CODE           	1F00	0000	83

C:\Program Files (x86)\Microchip\xc8\v2.05\pic\sources\c99\common\nf_sprintf.c estimated size: 83

C:\Program Files (x86)\Microchip\xc8\v2.05\pic\sources\c99\common\abs.c
		_abs           		CODE           	21C2	0000	51

C:\Program Files (x86)\Microchip\xc8\v2.05\pic\sources\c99\common\abs.c estimated size: 51

C:\Program Files (x86)\Microchip\xc8\v2.05\pic\sources\c99\common\nf_fputs.c
		_fputs         		CODE           	20EE	0000	57

C:\Program Files (x86)\Microchip\xc8\v2.05\pic\sources\c99\common\nf_fputs.c estimated size: 57

C:\Program Files (x86)\Microchip\xc8\v2.05\pic\sources\c99\common\strstr.c
		_strstr        		CODE           	1C30	0000	149

C:\Program Files (x86)\Microchip\xc8\v2.05\pic\sources\c99\common\strstr.c estimated size: 149

C:\Program Files (x86)\Microchip\xc8\v2.05\pic\sources\c99\common\isdigit.c
		_isdigit       		CODE           	2254	0000	49

C:\Program Files (x86)\Microchip\xc8\v2.05\pic\sources\c99\common\isdigit.c estimated size: 49

C:\Program Files (x86)\Microchip\xc8\v2.05\pic\sources\c99\common\aomod.c
		___aomod       		CODE           	1930	0000	293

C:\Program Files (x86)\Microchip\xc8\v2.05\pic\sources\c99\common\aomod.c estimated size: 293

