Microchip MPLAB XC8 Compiler V2.05 ()

Linker command line:

-W-3 --edf=C:\Program Files (x86)\Microchip\xc8\v2.05\pic\dat\en_msgs.txt \
  -cs -h+dist/default/debug\BLE_test.X.debug.sym \
  --cmf=dist/default/debug\BLE_test.X.debug.cmf -z -Q18F25K50 \
  -oC:\Users\VINCEN~1\AppData\Local\Temp\s2lk.2 --defsym=__MPLAB_BUILD=1 \
  -Mdist/default/debug/BLE_test.X.debug.map -E1 -ver=XC8 --acfsm=1493 \
  -ASTACK=01C8h-07FFh -pstack=STACK -ACODE=00h-07FFFh -ACONST=00h-07FFFh \
  -ASMALLCONST=0800h-08FFhx120 -AMEDIUMCONST=0800h-07FFFh -ACOMRAM=01h-05Fh \
  -AABS1=00h-07FFh -ABIGRAM=01h-07FFh -ARAM=060h-0FFh,0100h-01FFhx7 \
  -ABANK0=060h-0FFh -ABANK1=0100h-01FFh -ABANK2=0200h-02FFh \
  -ABANK3=0300h-03FFh -ABANK4=0400h-04FFh -ABANK5=0500h-05FFh \
  -ABANK6=0600h-06FFh -ABANK7=0700h-07FFh -ASFR=0F53h-0F5Fh,0F60h-0FFFh \
  -preset_vec=00h,intcode=08h,intcodelo,powerup,init -pramtop=0800h \
  -psmallconst=SMALLCONST -pmediumconst=MEDIUMCONST -pconst=CONST \
  -AFARRAM=00h-00h -ACONFIG=0300000h-030000Dh -pconfig=CONFIG \
  -AIDLOC=0200000h-0200007h -pidloc=IDLOC -AEEDATA=0F00000h-0F000FFh \
  -peeprom_data=EEDATA \
  -prdata=COMRAM,nvrram=COMRAM,nvbit=COMRAM,rbss=COMRAM,rbit=COMRAM \
  -pfarbss=FARRAM,fardata=FARRAM,nvFARRAM=FARRAM \
  -pintsave_regs=BIGRAM,bigbss=BIGRAM,bigdata=BIGRAM -pbss=RAM \
  -pidata=CODE,irdata=CODE,ibigdata=CODE,ifardata=CODE -prparam=COMRAM \
  C:\Users\VINCEN~1\AppData\Local\Temp\s2lk.o \
  dist/default/debug\BLE_test.X.debug.o 

Object code version is 3.11

Machine type is 18F25K50

Call graph: (short form)




                Name                               Link     Load   Length Selector   Space Scale
C:\Users\VINCEN~1\AppData\Local\Temp\s2lk.o
                init                                 82       82        4        4       0
                reset_vec                             0        0        4        0       0
                idloc                            200000   200000        8   200000       0
                config                           300000   300000        E   300000       0
dist/default/debug\BLE_test.X.debug.o
                intcode                               8        8       7A        4       0
                temp                                 1E       1E        1        1       1
                smallconst                          800      800       24      400       0
                text9                               93A      93A       42      412       0
                text7                               9FE      9FE       12      412       0
                text6                               97C      97C       2A      412       0
                text5                               A10      A10        A      412       0
                text4                               9A6      9A6       24      412       0
                text3                               9EA      9EA       14      412       0
                text2                               8F8      8F8       42      412       0
                text1                               8A4      8A4       54      412       0
                text0                               824      824       80      412       0
                cstackCOMRAM                          1        1       1A        1       1
                bssBANK1                            100      100       C8      100       1
                bssCOMRAM                            1B       1B        3        1       1
                cinit                               9CA      9CA       20      412       0

TOTAL           Name                               Link     Load   Length     Space
        CLASS   STACK          

        CLASS   CODE           
                intcode                               8        8       7A         0
                init                                 82       82        4         0
                reset_vec                             0        0        4         0
                text9                               93A      93A       42         0
                text7                               9FE      9FE       12         0
                text6                               97C      97C       2A         0
                text5                               A10      A10        A         0
                text4                               9A6      9A6       24         0
                text3                               9EA      9EA       14         0
                text2                               8F8      8F8       42         0
                text1                               8A4      8A4       54         0
                text0                               824      824       80         0
                cinit                               9CA      9CA       20         0

        CLASS   CONST          

        CLASS   SMALLCONST     
                smallconst                          800      800       24         0

        CLASS   MEDIUMCONST    

        CLASS   COMRAM         
                temp                                 1E       1E        1         1
                cstackCOMRAM                          1        1       1A         1
                bssCOMRAM                            1B       1B        3         1

        CLASS   ABS1           

        CLASS   BIGRAM         

        CLASS   RAM            

        CLASS   BANK0          

        CLASS   BANK1          
                bssBANK1                            100      100       C8         1

        CLASS   BANK2          

        CLASS   BANK3          

        CLASS   BANK4          

        CLASS   BANK5          

        CLASS   BANK6          

        CLASS   BANK7          

        CLASS   SFR            

        CLASS   FARRAM         

        CLASS   CONFIG         
                config                           300000   300000        E         0

        CLASS   IDLOC          
                idloc                            200000   200000        8         0

        CLASS   EEDATA         



SEGMENTS        Name                           Load    Length   Top    Selector   Space  Class

                reset_vec                      000000  000004  000004         0       0  CODE    
                cstackCOMRAM                   000001  00001E  00001F         1       1  COMRAM  
                intcode                        000008  00007E  000086         4       0  CODE    
                bssBANK1                       000100  0000C8  0001C8       100       1  BANK1   
                smallconst                     000800  000024  000824       400       0  SMALLCON
                text0                          000824  0001F6  000A1A       412       0  CODE    
                idloc                          200000  000008  200008    200000       0  IDLOC   
                config                         300000  00000E  30000E    300000       0  CONFIG  


UNUSED ADDRESS RANGES

        Name                Unused          Largest block    Delta
        BANK0            000060-0000FF               A0
        BANK1            0001C8-0001FF               38
        BANK2            000200-0002FF              100
        BANK3            000300-0003FF              100
        BANK4            000400-0004FF              100
        BANK5            000500-0005FF              100
        BANK6            000600-0006FF              100
        BANK7            000700-0007FF              100
        BIGRAM           00001F-0000FF               E1
                         0001C8-0007FF              638
        CODE             000004-000007                4
                         000086-0007FF              77A
                         000A1A-007FFF             75E6
        COMRAM           00001F-00005F               41
        CONST            000004-000007                4
                         000086-0007FF              77A
                         000A1A-007FFF             75E6
        EEDATA           F00000-F000FF              100
        MEDIUMCONST      000A1A-007FFF             75E6
        RAM              000060-0000FF               A0
                         0001C8-0007FF              100
        SFR              000F53-000FFF                D
        SMALLCONST       000A1A-007FFF              100
        STACK            0001C8-0007FF              638

                                  Symbol Table

?_strlen                         cstackCOMRAM 00000D
?i2_strlen                       cstackCOMRAM 000001
UART_Write@data                  cstackCOMRAM 00000D
UART_Write_String@buffer         cstackCOMRAM 000011
UART_Write_String@i              cstackCOMRAM 000015
UART_Write_String@size           cstackCOMRAM 000017
_ACTCON                          (abs)        000FB5
_ANSELA                          (abs)        000F5B
_ANSELB                          (abs)        000F5C
_ANSELC                          (abs)        000F5D
_BAUDCON1bits                    (abs)        000FB8
_BLE_ACK                         bssCOMRAM    00001C
_INTCON2bits                     (abs)        000FF1
_INTCONbits                      (abs)        000FF2
_IPR1bits                        (abs)        000F9F
_LATA                            (abs)        000F89
_LATAbits                        (abs)        000F89
_LATB                            (abs)        000F8A
_LATBbits                        (abs)        000F8A
_LATC                            (abs)        000F8B
_OSCCON                          (abs)        000FD3
_OSCCON2                         (abs)        000FD2
_OSCILLATOR_Initialize           text7        0009FE
_OSCTUNE                         (abs)        000F9B
_PIE1bits                        (abs)        000F9D
_PIN_MANAGER_Initialize          text6        00097C
_PIR1bits                        (abs)        000F9E
_RCONbits                        (abs)        000FD0
_RCREG1                          (abs)        000FAE
_RCSTA1bits                      (abs)        000FAB
_RX_buffer                       bssBANK1     000100
_SPBRG1                          (abs)        000FAF
_SYSTEM_Initialize               text5        000A10
_TRISA                           (abs)        000F92
_TRISAbits                       (abs)        000F92
_TRISB                           (abs)        000F93
_TRISBbits                       (abs)        000F93
_TRISC                           (abs)        000F94
_TRISCbits                       (abs)        000F94
_TXREG1                          (abs)        000FAD
_TXSTA1bits                      (abs)        000FAC
_UART_Init                       text4        0009A6
_UART_Write                      text3        0009EA
_UART_Write_String               text1        0008A4
_WPUB                            (abs)        000F85
__CFG_BOREN$SBORDIS              (abs)        000000
__CFG_BORV$190                   (abs)        000000
__CFG_CCP2MX$RC1                 (abs)        000000
__CFG_CFGPLLEN$ON                (abs)        000000
__CFG_CP0$OFF                    (abs)        000000
__CFG_CP1$OFF                    (abs)        000000
__CFG_CP2$OFF                    (abs)        000000
__CFG_CP3$OFF                    (abs)        000000
__CFG_CPB$OFF                    (abs)        000000
__CFG_CPD$OFF                    (abs)        000000
__CFG_CPUDIV$                    (abs)        000002
__CFG_DEBUG$OFF                  (abs)        000000
__CFG_EBTR0$OFF                  (abs)        000000
__CFG_EBTR1$OFF                  (abs)        000000
__CFG_EBTR2$OFF                  (abs)        000000
__CFG_EBTR3$OFF                  (abs)        000000
__CFG_EBTRB$OFF                  (abs)        000000
__CFG_FCMEN$OFF                  (abs)        000000
__CFG_FOSC$INTOSCIO              (abs)        000000
__CFG_ICPRT$OFF                  (abs)        000000
__CFG_IESO$OFF                   (abs)        000000
__CFG_LS48MHZ$SYS24X4            (abs)        000000
__CFG_LVP$ON                     (abs)        000000
__CFG_MCLRE$ON                   (abs)        000000
__CFG_PBADEN$OFF                 (abs)        000000
__CFG_PCLKEN$ON                  (abs)        000000
__CFG_PLLSEL$PLL3X               (abs)        000000
__CFG_SDOMX$RB3                  (abs)        000000
__CFG_STVREN$ON                  (abs)        000000
__CFG_T3CMX$RC0                  (abs)        000000
__CFG_WDTEN$OFF                  (abs)        000000
__CFG_WDTPS$32768                (abs)        000000
__CFG_WRT0$OFF                   (abs)        000000
__CFG_WRT1$OFF                   (abs)        000000
__CFG_WRT2$OFF                   (abs)        000000
__CFG_WRT3$OFF                   (abs)        000000
__CFG_WRTB$OFF                   (abs)        000000
__CFG_WRTC$OFF                   (abs)        000000
__CFG_WRTD$OFF                   (abs)        000000
__CFG_XINST$OFF                  (abs)        000000
__CFG_nLPBOR$OFF                 (abs)        000000
__CFG_nPWRTEN$OFF                (abs)        000000
__HRAM                           (abs)        000000
__Habs1                          abs1         000000
__Hbank0                         bank0        000000
__Hbank1                         bank1        000000
__Hbank2                         bank2        000000
__Hbank3                         bank3        000000
__Hbank4                         bank4        000000
__Hbank5                         bank5        000000
__Hbank6                         bank6        000000
__Hbank7                         bank7        000000
__Hbigbss                        bigbss       000000
__Hbigdata                       bigdata      000000
__Hbigram                        bigram       000000
__Hbss                           bss          000000
__HbssBANK1                      bssBANK1     000000
__HbssCOMRAM                     bssCOMRAM    000000
__Hcinit                         cinit        000000
__Hclrtext                       clrtext      000000
__Hcomram                        comram       000000
__Hconfig                        config       30000E
__Hconst                         const        000000
__HcstackCOMRAM                  cstackCOMRAM 000000
__Hdata                          data         000000
__Heeprom_data                   eeprom_data  000000
__Hfarbss                        farbss       000000
__Hfardata                       fardata      000000
__Hibigdata                      ibigdata     000000
__Hidata                         idata        000000
__Hidloc                         idloc        200008
__Hifardata                      ifardata     000000
__Hinit                          init         000086
__Hintcode                       intcode      000082
__Hintcode_body                  intcode_body 000000
__Hintcodelo                     intcodelo    000082
__Hintentry                      intentry     000000
__Hintret                        intret       000000
__Hintsave_regs                  intsave_regs 000000
__Hirdata                        irdata       000000
__Hmediumconst                   mediumconst  000000
__HnvFARRAM                      nvFARRAM     000000
__Hnvbit                         nvbit        000000
__Hnvrram                        nvrram       000000
__Hparam                         rparam       000000
__Hpowerup                       powerup      000082
__Hram                           ram          000000
__Hramtop                        ramtop       000800
__Hrbit                          rbit         000000
__Hrbss                          rbss         000000
__Hrdata                         rdata        000000
__Hreset_vec                     reset_vec    000004
__Hrparam                        rparam       000000
__Hsfr                           sfr          000000
__Hsmallconst                    smallconst   000824
__Hspace_0                       (abs)        30000E
__Hspace_1                       (abs)        0001C8
__Hspace_2                       (abs)        000000
__Hstack                         stack        000000
__Hstruct                        struct       000000
__Htemp                          temp         00001F
__Htext                          text         000000
__Htext0                         text0        000000
__Htext1                         text1        000000
__Htext2                         text2        000000
__Htext3                         text3        000000
__Htext4                         text4        000000
__Htext5                         text5        000000
__Htext6                         text6        000000
__Htext7                         text7        000000
__Htext9                         text9        000000
__LRAM                           (abs)        000001
__Labs1                          abs1         000000
__Lbank0                         bank0        000000
__Lbank1                         bank1        000000
__Lbank2                         bank2        000000
__Lbank3                         bank3        000000
__Lbank4                         bank4        000000
__Lbank5                         bank5        000000
__Lbank6                         bank6        000000
__Lbank7                         bank7        000000
__Lbigbss                        bigbss       000000
__Lbigdata                       bigdata      000000
__Lbigram                        bigram       000000
__Lbss                           bss          000000
__LbssBANK1                      bssBANK1     000000
__LbssCOMRAM                     bssCOMRAM    000000
__Lcinit                         cinit        000000
__Lclrtext                       clrtext      000000
__Lcomram                        comram       000000
__Lconfig                        config       300000
__Lconst                         const        000000
__LcstackCOMRAM                  cstackCOMRAM 000000
__Ldata                          data         000000
__Leeprom_data                   eeprom_data  000000
__Lfarbss                        farbss       000000
__Lfardata                       fardata      000000
__Libigdata                      ibigdata     000000
__Lidata                         idata        000000
__Lidloc                         idloc        200000
__Lifardata                      ifardata     000000
__Linit                          init         000082
__Lintcode                       intcode      000008
__Lintcode_body                  intcode_body 000000
__Lintcodelo                     intcodelo    000082
__Lintentry                      intentry     000000
__Lintret                        intret       000000
__Lintsave_regs                  intsave_regs 000000
__Lirdata                        irdata       000000
__Lmediumconst                   mediumconst  000000
__LnvFARRAM                      nvFARRAM     000000
__Lnvbit                         nvbit        000000
__Lnvrram                        nvrram       000000
__Lparam                         rparam       000000
__Lpowerup                       powerup      000082
__Lram                           ram          000000
__Lramtop                        ramtop       000800
__Lrbit                          rbit         000000
__Lrbss                          rbss         000000
__Lrdata                         rdata        000000
__Lreset_vec                     reset_vec    000000
__Lrparam                        rparam       000000
__Lsfr                           sfr          000000
__Lsmallconst                    smallconst   000800
__Lspace_0                       (abs)        000000
__Lspace_1                       (abs)        000000
__Lspace_2                       (abs)        000000
__Lstack                         stack        000000
__Lstruct                        struct       000000
__Ltemp                          temp         00001E
__Ltext                          text         000000
__Ltext0                         text0        000000
__Ltext1                         text1        000000
__Ltext2                         text2        000000
__Ltext3                         text3        000000
__Ltext4                         text4        000000
__Ltext5                         text5        000000
__Ltext6                         text6        000000
__Ltext7                         text7        000000
__Ltext9                         text9        000000
__S0                             (abs)        30000E
__S1                             (abs)        0001C8
__S2                             (abs)        000000
___inthi_sp                      stack        000000
___intlo_sp                      stack        000000
___param_bank                    (abs)        000000
___rparam_used                   (abs)        000001
___sp                            stack        000000
__accesstop                      (abs)        000060
__activetblptr                   (abs)        000002
__end_of_OSCILLATOR_Initialize   text7        000A10
__end_of_PIN_MANAGER_Initialize  text6        0009A6
__end_of_SYSTEM_Initialize       text5        000A1A
__end_of_UART_Init               text4        0009CA
__end_of_UART_Write              text3        0009FE
__end_of_UART_Write_String       text1        0008F8
__end_of__initialization         cinit        0009DC
__end_of_high_ISR                intcode      000082
__end_of_main                    text0        0008A4
__end_of_strlen                  text2        00093A
__end_ofi2_strlen                text9        00097C
__initialization                 cinit        0009CA
__mediumconst                    mediumconst  000000
__pbssBANK1                      bssBANK1     000100
__pbssCOMRAM                     bssCOMRAM    00001B
__pcinit                         cinit        0009CA
__pcstackCOMRAM                  cstackCOMRAM 000001
__pintcode                       intcode      000008
__psmallconst                    smallconst   000800
__ptext0                         text0        000824
__ptext1                         text1        0008A4
__ptext2                         text2        0008F8
__ptext3                         text3        0009EA
__ptext4                         text4        0009A6
__ptext5                         text5        000A10
__ptext6                         text6        00097C
__ptext7                         text7        0009FE
__ptext9                         text9        00093A
__ramtop                         ramtop       000800
__size_of_OSCILLATOR_Initialize  (abs)        000000
__size_of_PIN_MANAGER_Initialize (abs)        000000
__size_of_SYSTEM_Initialize      (abs)        000000
__size_of_UART_Init              (abs)        000000
__size_of_UART_Write             (abs)        000000
__size_of_UART_Write_String      (abs)        000000
__size_of_high_ISR               (abs)        000000
__size_of_main                   (abs)        000000
__size_of_strlen                 (abs)        000000
__size_ofi2_strlen               (abs)        000000
__smallconst                     smallconst   000800
_debug                           bssCOMRAM    00001B
_high_ISR                        intcode      000008
_main                            text0        000824
_response                        bssCOMRAM    00001D
_strlen                          text2        0008F8
btemp                            temp         00001E
end_of_initialization            cinit        0009DC
i2_strlen                        text9        00093A
i2strlen@a                       cstackCOMRAM 000003
i2strlen@s                       cstackCOMRAM 000001
int$flags                        temp         00001E
intlevel0                        text         000000
intlevel1                        text         000000
intlevel2                        text         000000
intlevel3                        text         000000
stackhi                          (abs)        0007FF
stacklo                          (abs)        0001C8
start                            init         000082
start_initialization             cinit        0009CA
strlen@a                         cstackCOMRAM 00000F
strlen@s                         cstackCOMRAM 00000D
ttemp5                           temp         00001F
ttemp6                           temp         000022
ttemp7                           temp         000026
wtemp8                           temp         00001F


FUNCTION INFORMATION:

 *************** function _main *****************
 Defined at:
		line 58 in file "main_ble.c"
 Parameters:    Size  Location     Type
		None
 Auto vars:     Size  Location     Type
		None
 Return value:  Size  Location     Type
                  1    wreg      void 
 Registers used:
		wreg, fsr0l, fsr0h, status,2, status,0, tblptrl, tblptrh, tblptru, cstack
 Tracked objects:
		On entry : 
		On exit  : 
		Unchanged: 
 Data sizes:     COMRAM   BANK0   BANK1   BANK2   BANK3   BANK4   BANK5   BANK6   BANK7
      Params:         0       0       0       0       0       0       0       0       0
      Locals:         0       0       0       0       0       0       0       0       0
      Temps:          2       0       0       0       0       0       0       0       0
      Totals:         2       0       0       0       0       0       0       0       0
Total ram usage:        2 bytes
 Hardware stack levels required when called:    4
 This function calls:
		_SYSTEM_Initialize
		_UART_Init
		_UART_Write_String
 This function is called by:
		Startup code after reset
 This function uses a non-reentrant model


 *************** function _UART_Write_String *****************
 Defined at:
		line 140 in file "main_ble.c"
 Parameters:    Size  Location     Type
  buffer          2   16[COMRAM] PTR unsigned char 
		 -> STR_5(5), STR_4(13), STR_3(7), STR_1(4), 
 Auto vars:     Size  Location     Type
  i               2   20[COMRAM] int 
  size            2   22[COMRAM] volatile int 
 Return value:  Size  Location     Type
                  1    wreg      void 
 Registers used:
		wreg, fsr0l, fsr0h, status,2, status,0, tblptrl, tblptrh, tblptru, cstack
 Tracked objects:
		On entry : 
		On exit  : 
		Unchanged: 
 Data sizes:     COMRAM   BANK0   BANK1   BANK2   BANK3   BANK4   BANK5   BANK6   BANK7
      Params:         2       0       0       0       0       0       0       0       0
      Locals:         4       0       0       0       0       0       0       0       0
      Temps:          2       0       0       0       0       0       0       0       0
      Totals:         8       0       0       0       0       0       0       0       0
Total ram usage:        8 bytes
 Hardware stack levels used:    1
 Hardware stack levels required when called:    3
 This function calls:
		_UART_Write
		_strlen
 This function is called by:
		_main
 This function uses a non-reentrant model


 *************** function _strlen *****************
 Defined at:
		line 12 in file "C:\Program Files (x86)\Microchip\xc8\v2.05\pic\sources\c99\common\strlen.c"
 Parameters:    Size  Location     Type
  s               2   12[COMRAM] PTR const unsigned char 
		 -> STR_5(5), STR_4(13), STR_3(7), STR_1(4), 
		 -> RX_buffer(200), 
 Auto vars:     Size  Location     Type
  a               2   14[COMRAM] PTR const unsigned char 
		 -> STR_5(5), STR_4(13), STR_3(7), STR_1(4), 
		 -> RX_buffer(200), 
 Return value:  Size  Location     Type
                  2   12[COMRAM] unsigned int 
 Registers used:
		wreg, fsr0l, fsr0h, status,2, status,0, tblptrl, tblptrh, tblptru
 Tracked objects:
		On entry : 
		On exit  : 
		Unchanged: 
 Data sizes:     COMRAM   BANK0   BANK1   BANK2   BANK3   BANK4   BANK5   BANK6   BANK7
      Params:         2       0       0       0       0       0       0       0       0
      Locals:         2       0       0       0       0       0       0       0       0
      Temps:          0       0       0       0       0       0       0       0       0
      Totals:         4       0       0       0       0       0       0       0       0
Total ram usage:        4 bytes
 Hardware stack levels used:    1
 Hardware stack levels required when called:    2
 This function calls:
		Nothing
 This function is called by:
		_UART_Write_String
 This function uses a non-reentrant model


 *************** function _UART_Write *****************
 Defined at:
		line 131 in file "main_ble.c"
 Parameters:    Size  Location     Type
  data            1    wreg     unsigned char 
 Auto vars:     Size  Location     Type
  data            1   12[COMRAM] unsigned char 
 Return value:  Size  Location     Type
                  1    wreg      void 
 Registers used:
		wreg, status,2
 Tracked objects:
		On entry : 
		On exit  : 
		Unchanged: 
 Data sizes:     COMRAM   BANK0   BANK1   BANK2   BANK3   BANK4   BANK5   BANK6   BANK7
      Params:         0       0       0       0       0       0       0       0       0
      Locals:         1       0       0       0       0       0       0       0       0
      Temps:          0       0       0       0       0       0       0       0       0
      Totals:         1       0       0       0       0       0       0       0       0
Total ram usage:        1 bytes
 Hardware stack levels used:    1
 Hardware stack levels required when called:    2
 This function calls:
		Nothing
 This function is called by:
		_UART_Write_String
 This function uses a non-reentrant model


 *************** function _UART_Init *****************
 Defined at:
		line 100 in file "main_ble.c"
 Parameters:    Size  Location     Type
		None
 Auto vars:     Size  Location     Type
		None
 Return value:  Size  Location     Type
                  1    wreg      void 
 Registers used:
		wreg, status,2
 Tracked objects:
		On entry : 
		On exit  : 
		Unchanged: 
 Data sizes:     COMRAM   BANK0   BANK1   BANK2   BANK3   BANK4   BANK5   BANK6   BANK7
      Params:         0       0       0       0       0       0       0       0       0
      Locals:         0       0       0       0       0       0       0       0       0
      Temps:          0       0       0       0       0       0       0       0       0
      Totals:         0       0       0       0       0       0       0       0       0
Total ram usage:        0 bytes
 Hardware stack levels used:    1
 Hardware stack levels required when called:    2
 This function calls:
		Nothing
 This function is called by:
		_main
 This function uses a non-reentrant model


 *************** function _SYSTEM_Initialize *****************
 Defined at:
		line 50 in file "mcc_generated_files/mcc.c"
 Parameters:    Size  Location     Type
		None
 Auto vars:     Size  Location     Type
		None
 Return value:  Size  Location     Type
                  1    wreg      void 
 Registers used:
		wreg, status,2, cstack
 Tracked objects:
		On entry : 
		On exit  : 
		Unchanged: 
 Data sizes:     COMRAM   BANK0   BANK1   BANK2   BANK3   BANK4   BANK5   BANK6   BANK7
      Params:         0       0       0       0       0       0       0       0       0
      Locals:         0       0       0       0       0       0       0       0       0
      Temps:          0       0       0       0       0       0       0       0       0
      Totals:         0       0       0       0       0       0       0       0       0
Total ram usage:        0 bytes
 Hardware stack levels used:    1
 Hardware stack levels required when called:    3
 This function calls:
		_OSCILLATOR_Initialize
		_PIN_MANAGER_Initialize
 This function is called by:
		_main
 This function uses a non-reentrant model


 *************** function _PIN_MANAGER_Initialize *****************
 Defined at:
		line 55 in file "mcc_generated_files/pin_manager.c"
 Parameters:    Size  Location     Type
		None
 Auto vars:     Size  Location     Type
		None
 Return value:  Size  Location     Type
                  1    wreg      void 
 Registers used:
		wreg, status,2
 Tracked objects:
		On entry : 
		On exit  : 
		Unchanged: 
 Data sizes:     COMRAM   BANK0   BANK1   BANK2   BANK3   BANK4   BANK5   BANK6   BANK7
      Params:         0       0       0       0       0       0       0       0       0
      Locals:         0       0       0       0       0       0       0       0       0
      Temps:          0       0       0       0       0       0       0       0       0
      Totals:         0       0       0       0       0       0       0       0       0
Total ram usage:        0 bytes
 Hardware stack levels used:    1
 Hardware stack levels required when called:    2
 This function calls:
		Nothing
 This function is called by:
		_SYSTEM_Initialize
 This function uses a non-reentrant model


 *************** function _OSCILLATOR_Initialize *****************
 Defined at:
		line 57 in file "mcc_generated_files/mcc.c"
 Parameters:    Size  Location     Type
		None
 Auto vars:     Size  Location     Type
		None
 Return value:  Size  Location     Type
                  1    wreg      void 
 Registers used:
		wreg, status,2
 Tracked objects:
		On entry : 
		On exit  : 
		Unchanged: 
 Data sizes:     COMRAM   BANK0   BANK1   BANK2   BANK3   BANK4   BANK5   BANK6   BANK7
      Params:         0       0       0       0       0       0       0       0       0
      Locals:         0       0       0       0       0       0       0       0       0
      Temps:          0       0       0       0       0       0       0       0       0
      Totals:         0       0       0       0       0       0       0       0       0
Total ram usage:        0 bytes
 Hardware stack levels used:    1
 Hardware stack levels required when called:    2
 This function calls:
		Nothing
 This function is called by:
		_SYSTEM_Initialize
 This function uses a non-reentrant model


 *************** function _high_ISR *****************
 Defined at:
		line 39 in file "main_ble.c"
 Parameters:    Size  Location     Type
		None
 Auto vars:     Size  Location     Type
		None
 Return value:  Size  Location     Type
                  1    wreg      void 
 Registers used:
		wreg, fsr0l, fsr0h, fsr2l, fsr2h, status,2, status,0, tblptrl, tblptrh, tblptru, cstack
 Tracked objects:
		On entry : 
		On exit  : 
		Unchanged: 
 Data sizes:     COMRAM   BANK0   BANK1   BANK2   BANK3   BANK4   BANK5   BANK6   BANK7
      Params:         0       0       0       0       0       0       0       0       0
      Locals:         0       0       0       0       0       0       0       0       0
      Temps:          8       0       0       0       0       0       0       0       0
      Totals:         8       0       0       0       0       0       0       0       0
Total ram usage:        8 bytes
 Hardware stack levels used:    1
 Hardware stack levels required when called:    1
 This function calls:
		i2_strlen
 This function is called by:
		Interrupt level 2
 This function uses a non-reentrant model


 *************** function i2_strlen *****************
 Defined at:
		line 12 in file "C:\Program Files (x86)\Microchip\xc8\v2.05\pic\sources\c99\common\strlen.c"
 Parameters:    Size  Location     Type
  s               2    0[COMRAM] PTR const unsigned char 
		 -> STR_5(5), STR_4(13), STR_3(7), STR_1(4), 
		 -> RX_buffer(200), 
 Auto vars:     Size  Location     Type
  strlen          2    2[COMRAM] PTR const unsigned char 
		 -> STR_5(5), STR_4(13), STR_3(7), STR_1(4), 
		 -> RX_buffer(200), 
 Return value:  Size  Location     Type
                  2    0[COMRAM] unsigned int 
 Registers used:
		wreg, fsr0l, fsr0h, status,2, status,0, tblptrl, tblptrh, tblptru
 Tracked objects:
		On entry : 
		On exit  : 
		Unchanged: 
 Data sizes:     COMRAM   BANK0   BANK1   BANK2   BANK3   BANK4   BANK5   BANK6   BANK7
      Params:         2       0       0       0       0       0       0       0       0
      Locals:         2       0       0       0       0       0       0       0       0
      Temps:          0       0       0       0       0       0       0       0       0
      Totals:         4       0       0       0       0       0       0       0       0
Total ram usage:        4 bytes
 Hardware stack levels used:    1
 This function calls:
		Nothing
 This function is called by:
		_high_ISR
 This function uses a non-reentrant model



MODULE INFORMATION

Module		Function		Class		Link	Load	Size
main_ble.c
		_UART_Write_String		CODE           	08A4	0000	85
		_UART_Init     		CODE           	09A6	0000	37
		_main          		CODE           	0824	0000	129
		_high_ISR      		CODE           	0008	0000	123
		_UART_Write    		CODE           	09EA	0000	21

main_ble.c estimated size: 395

mcc_generated_files/pin_manager.c
		_PIN_MANAGER_Initialize		CODE           	097C	0000	43

mcc_generated_files/pin_manager.c estimated size: 43

C:\Program Files (x86)\Microchip\xc8\v2.05\pic\sources\c99\common\strlen.c
		_strlen        		CODE           	08F8	0000	67

C:\Program Files (x86)\Microchip\xc8\v2.05\pic\sources\c99\common\strlen.c estimated size: 67

shared
		__initialization		CODE           	09CA	0000	19
		i2_strlen      		CODE           	093A	0000	67

shared estimated size: 86

mcc_generated_files/mcc.c
		_OSCILLATOR_Initialize		CODE           	09FE	0000	19
		_SYSTEM_Initialize		CODE           	0A10	0000	11

mcc_generated_files/mcc.c estimated size: 30

