Microchip MPLAB XC8 Compiler V2.05 ()

Linker command line:

-W-3 --edf=C:\Program Files (x86)\Microchip\xc8\v2.05\pic\dat\en_msgs.txt \
  -cs -h+dist/default/production\UART_Sleep_test.X.production.sym \
  --cmf=dist/default/production\UART_Sleep_test.X.production.cmf -z \
  -Q18F25K50 -oC:\Users\VINCEN~1\AppData\Local\Temp\s9og.2 \
  --defsym=__MPLAB_BUILD=1 \
  -Mdist/default/production/UART_Sleep_test.X.production.map -E1 -ver=XC8 \
  --acfsm=1493 -ASTACK=060h-060Bh -pstack=STACK -ACODE=01000h-07FFFh \
  -ACONST=01000h-07FFFh -ASMALLCONST=01000h-010FFhx112 \
  -AMEDIUMCONST=01000h-07FFFh -ACOMRAM=01h-05Fh -AABS1=00h-07FFh \
  -ABIGRAM=01h-07FFh -ARAM=060h-0FFh,0100h-01FFhx7 -ABANK0=060h-0FFh \
  -ABANK1=0100h-01FFh -ABANK2=0200h-02FFh -ABANK3=0300h-03FFh \
  -ABANK4=0400h-04FFh -ABANK5=0500h-05FFh -ABANK6=0600h-06FFh \
  -ABANK7=0700h-07FFh -ASFR=0F53h-0F5Fh,0F60h-0FFFh \
  -preset_vec=01000h,intcode=01008h,intcodelo,powerup,init -pramtop=0800h \
  -psmallconst=SMALLCONST -pmediumconst=MEDIUMCONST -pconst=CONST \
  -AFARRAM=00h-00h -ACONFIG=0300000h-030000Dh -pconfig=CONFIG \
  -AIDLOC=0200000h-0200007h -pidloc=IDLOC -AEEDATA=0F00000h-0F000FFh \
  -peeprom_data=EEDATA \
  -prdata=COMRAM,nvrram=COMRAM,nvbit=COMRAM,rbss=COMRAM,rbit=COMRAM \
  -pfarbss=FARRAM,fardata=FARRAM,nvFARRAM=FARRAM \
  -pintsave_regs=BIGRAM,bigbss=BIGRAM,bigdata=BIGRAM -pbss=RAM \
  -pidata=CODE,irdata=CODE,ibigdata=CODE,ifardata=CODE -prparam=COMRAM \
  C:\Users\VINCEN~1\AppData\Local\Temp\s9og.o \
  dist/default/production\UART_Sleep_test.X.production.o 

Object code version is 3.11

Machine type is 18F25K50

Call graph: (short form)




                Name                               Link     Load   Length Selector   Space Scale
C:\Users\VINCEN~1\AppData\Local\Temp\s9og.o
                init                               1052     1052        4      804       0
                reset_vec                          1000     1000        4      800       0
                idloc                            200000   200000        8   200000       0
                config                           300000   300000        E   300000       0
dist/default/production\UART_Sleep_test.X.production.o
                intcode                            1008     1008       4A      804       0
                temp                                 18       18        1        1       1
                smallconst                         1056     1056       16      82B       0
                text6                              11D6     11D6       24      836       0
                text5                              1212     1212       10      836       0
                text4                              113A     113A       42      836       0
                text3                              106C     106C       68      836       0
                text2                              11AA     11AA       2C      836       0
                text1                              11FA     11FA       18      836       0
                text0                              10D4     10D4       66      836       0
                cstackCOMRAM                          1        1        F        1       1
                bssBIGRAM                           60C      60C      1F4      60C       1
                bssCOMRAM                            10       10        8        1       1
                cinit                              117C     117C       2E      836       0

TOTAL           Name                               Link     Load   Length     Space
        CLASS   STACK          

        CLASS   CODE           
                intcode                            1008     1008       4A         0
                init                               1052     1052        4         0
                reset_vec                          1000     1000        4         0
                text6                              11D6     11D6       24         0
                text5                              1212     1212       10         0
                text4                              113A     113A       42         0
                text3                              106C     106C       68         0
                text2                              11AA     11AA       2C         0
                text1                              11FA     11FA       18         0
                text0                              10D4     10D4       66         0
                cinit                              117C     117C       2E         0

        CLASS   CONST          

        CLASS   SMALLCONST     
                smallconst                         1056     1056       16         0

        CLASS   MEDIUMCONST    

        CLASS   COMRAM         
                temp                                 18       18        1         1
                cstackCOMRAM                          1        1        F         1
                bssCOMRAM                            10       10        8         1

        CLASS   ABS1           

        CLASS   BIGRAM         
                bssBIGRAM                           60C      60C      1F4         1

        CLASS   RAM            

        CLASS   BANK0          

        CLASS   BANK1          

        CLASS   BANK2          

        CLASS   BANK3          

        CLASS   BANK4          

        CLASS   BANK5          

        CLASS   BANK6          

        CLASS   BANK7          

        CLASS   SFR            

        CLASS   FARRAM         

        CLASS   CONFIG         
                config                           300000   300000        E         0

        CLASS   IDLOC          
                idloc                            200000   200000        8         0

        CLASS   EEDATA         



SEGMENTS        Name                           Load    Length   Top    Selector   Space  Class

                cstackCOMRAM                   000001  000018  000019         1       1  COMRAM  
                bssBIGRAM                      00060C  0001F4  000800       60C       1  BIGRAM  
                reset_vec                      001000  000004  001004       800       0  CODE    
                intcode                        001008  00004E  001056       804       0  CODE    
                smallconst                     001056  000016  00106C       82B       0  SMALLCON
                text3                          00106C  0001B6  001222       836       0  CODE    
                idloc                          200000  000008  200008    200000       0  IDLOC   
                config                         300000  00000E  30000E    300000       0  CONFIG  


UNUSED ADDRESS RANGES

        Name                Unused          Largest block    Delta
        BANK0            000060-0000FF               A0
        BANK1            000100-0001FF              100
        BANK2            000200-0002FF              100
        BANK3            000300-0003FF              100
        BANK4            000400-0004FF              100
        BANK5            000500-0005FF              100
        BANK6            000600-00060B                C
        BIGRAM           000019-00060B              5F3
        CODE             001004-001007                4
                         001222-007FFF             6DDE
        COMRAM           000019-00005F               47
        CONST            001004-001007                4
                         001222-007FFF             6DDE
        EEDATA           F00000-F000FF              100
        FARRAM           000000-000000                1
        MEDIUMCONST      001004-001007                4
                         001222-007FFF             6DDE
        RAM              000060-00060B              100
        SFR              000F53-000FFF                D
        SMALLCONST       001004-001007                4
                         001222-007FFF              100
        STACK            000060-00060B              5AC

                                  Symbol Table

?_strlen                    cstackCOMRAM 000003
UART_Write@data             cstackCOMRAM 000003
UART_Write_String@buffer    cstackCOMRAM 000007
UART_Write_String@i         cstackCOMRAM 00000B
UART_Write_String@size      cstackCOMRAM 00000D
_ACTCON                     (abs)        000FB5
_ANSELA                     (abs)        000F5B
_ANSELB                     (abs)        000F5C
_ANSELBbits                 (abs)        000F5C
_ANSELC                     (abs)        000F5D
_BAUDCON1bits               (abs)        000FB8
_INTCON2bits                (abs)        000FF1
_INTCONbits                 (abs)        000FF2
_IOCBbits                   (abs)        000F86
_IPR1bits                   (abs)        000F9F
_LATA                       (abs)        000F89
_LATAbits                   (abs)        000F89
_LATB                       (abs)        000F8A
_LATC                       (abs)        000F8B
_OSCCON                     (abs)        000FD3
_OSCCON2                    (abs)        000FD2
_OSCTUNE                    (abs)        000F9B
_PIE1bits                   (abs)        000F9D
_PIR1bits                   (abs)        000F9E
_PORTBbits                  (abs)        000F81
_RCONbits                   (abs)        000FD0
_RCREG1                     (abs)        000FAE
_RCSTA1bits                 (abs)        000FAB
_RX_buffer                  bssBIGRAM    00060C
_SPBRG1                     (abs)        000FAF
_TRISAbits                  (abs)        000F92
_TRISBbits                  (abs)        000F93
_TRISCbits                  (abs)        000F94
_TXREG1                     (abs)        000FAD
_TXSTA1bits                 (abs)        000FAC
_UART_Init                  text6        0011D6
_UART_RX                    bssCOMRAM    000014
_UART_Write                 text5        001212
_UART_Write_String          text3        00106C
__HRAM                      (abs)        000000
__Habs1                     abs1         000000
__Hbank0                    bank0        000000
__Hbank1                    bank1        000000
__Hbank2                    bank2        000000
__Hbank3                    bank3        000000
__Hbank4                    bank4        000000
__Hbank5                    bank5        000000
__Hbank6                    bank6        000000
__Hbank7                    bank7        000000
__Hbigbss                   bigbss       000000
__Hbigdata                  bigdata      000000
__Hbigram                   bigram       000000
__Hbss                      bss          000000
__HbssBIGRAM                bssBIGRAM    000000
__HbssCOMRAM                bssCOMRAM    000000
__Hcinit                    cinit        000000
__Hclrtext                  clrtext      000000
__Hcomram                   comram       000000
__Hconfig                   config       30000E
__Hconst                    const        000000
__HcstackCOMRAM             cstackCOMRAM 000000
__Hdata                     data         000000
__Heeprom_data              eeprom_data  000000
__Hfarbss                   farbss       000000
__Hfardata                  fardata      000000
__Hibigdata                 ibigdata     000000
__Hidata                    idata        000000
__Hidloc                    idloc        200008
__Hifardata                 ifardata     000000
__Hinit                     init         001056
__Hintcode                  intcode      001052
__Hintcode_body             intcode_body 000000
__Hintcodelo                intcodelo    001052
__Hintentry                 intentry     000000
__Hintret                   intret       000000
__Hintsave_regs             intsave_regs 000000
__Hirdata                   irdata       000000
__Hmediumconst              mediumconst  000000
__HnvFARRAM                 nvFARRAM     000000
__Hnvbit                    nvbit        000000
__Hnvrram                   nvrram       000000
__Hparam                    rparam       000000
__Hpowerup                  powerup      001052
__Hram                      ram          000000
__Hramtop                   ramtop       000800
__Hrbit                     rbit         000000
__Hrbss                     rbss         000000
__Hrdata                    rdata        000000
__Hreset_vec                reset_vec    001004
__Hrparam                   rparam       000000
__Hsfr                      sfr          000000
__Hsmallconst               smallconst   00106C
__Hspace_0                  (abs)        30000E
__Hspace_1                  (abs)        000800
__Hspace_2                  (abs)        000000
__Hstack                    stack        000000
__Hstruct                   struct       000000
__Htemp                     temp         000019
__Htext                     text         000000
__Htext0                    text0        000000
__Htext1                    text1        000000
__Htext2                    text2        000000
__Htext3                    text3        000000
__Htext4                    text4        000000
__Htext5                    text5        000000
__Htext6                    text6        000000
__LRAM                      (abs)        000001
__Labs1                     abs1         000000
__Lbank0                    bank0        000000
__Lbank1                    bank1        000000
__Lbank2                    bank2        000000
__Lbank3                    bank3        000000
__Lbank4                    bank4        000000
__Lbank5                    bank5        000000
__Lbank6                    bank6        000000
__Lbank7                    bank7        000000
__Lbigbss                   bigbss       000000
__Lbigdata                  bigdata      000000
__Lbigram                   bigram       000000
__Lbss                      bss          000000
__LbssBIGRAM                bssBIGRAM    000000
__LbssCOMRAM                bssCOMRAM    000000
__Lcinit                    cinit        000000
__Lclrtext                  clrtext      000000
__Lcomram                   comram       000000
__Lconfig                   config       300000
__Lconst                    const        000000
__LcstackCOMRAM             cstackCOMRAM 000000
__Ldata                     data         000000
__Leeprom_data              eeprom_data  000000
__Lfarbss                   farbss       000000
__Lfardata                  fardata      000000
__Libigdata                 ibigdata     000000
__Lidata                    idata        000000
__Lidloc                    idloc        200000
__Lifardata                 ifardata     000000
__Linit                     init         001052
__Lintcode                  intcode      001008
__Lintcode_body             intcode_body 000000
__Lintcodelo                intcodelo    001052
__Lintentry                 intentry     000000
__Lintret                   intret       000000
__Lintsave_regs             intsave_regs 000000
__Lirdata                   irdata       000000
__Lmediumconst              mediumconst  000000
__LnvFARRAM                 nvFARRAM     000000
__Lnvbit                    nvbit        000000
__Lnvrram                   nvrram       000000
__Lparam                    rparam       000000
__Lpowerup                  powerup      001052
__Lram                      ram          000000
__Lramtop                   ramtop       000800
__Lrbit                     rbit         000000
__Lrbss                     rbss         000000
__Lrdata                    rdata        000000
__Lreset_vec                reset_vec    001000
__Lrparam                   rparam       000000
__Lsfr                      sfr          000000
__Lsmallconst               smallconst   001056
__Lspace_0                  (abs)        000000
__Lspace_1                  (abs)        000000
__Lspace_2                  (abs)        000000
__Lstack                    stack        000000
__Lstruct                   struct       000000
__Ltemp                     temp         000018
__Ltext                     text         000000
__Ltext0                    text0        000000
__Ltext1                    text1        000000
__Ltext2                    text2        000000
__Ltext3                    text3        000000
__Ltext4                    text4        000000
__Ltext5                    text5        000000
__Ltext6                    text6        000000
__S0                        (abs)        30000E
__S1                        (abs)        000800
__S2                        (abs)        000000
___inthi_sp                 stack        000000
___intlo_sp                 stack        000000
___param_bank               (abs)        000000
___rparam_used              (abs)        000001
___sp                       stack        000000
__accesstop                 (abs)        000060
__activetblptr              (abs)        000002
__end_of_UART_Init          text6        0011FA
__end_of_UART_Write         text5        001222
__end_of_UART_Write_String  text3        0010D4
__end_of__initialization    cinit        00119C
__end_of_high_ISR           intcode      001052
__end_of_init_chip          text2        0011D6
__end_of_init_interrupts    text1        001212
__end_of_main               text0        00113A
__end_of_strlen             text4        00117C
__initialization            cinit        00117C
__mediumconst               mediumconst  000000
__pbssBIGRAM                bssBIGRAM    00060C
__pbssCOMRAM                bssCOMRAM    000010
__pcinit                    cinit        00117C
__pcstackCOMRAM             cstackCOMRAM 000001
__pintcode                  intcode      001008
__psmallconst               smallconst   001056
__ptext0                    text0        0010D4
__ptext1                    text1        0011FA
__ptext2                    text2        0011AA
__ptext3                    text3        00106C
__ptext4                    text4        00113A
__ptext5                    text5        001212
__ptext6                    text6        0011D6
__ramtop                    ramtop       000800
__size_of_UART_Init         (abs)        000000
__size_of_UART_Write        (abs)        000000
__size_of_UART_Write_String (abs)        000000
__size_of_high_ISR          (abs)        000000
__size_of_init_chip         (abs)        000000
__size_of_init_interrupts   (abs)        000000
__size_of_main              (abs)        000000
__size_of_strlen            (abs)        000000
__smallconst                smallconst   001056
_cycle                      bssCOMRAM    000017
_drdy                       bssCOMRAM    000016
_expected                   bssCOMRAM    000012
_high_ISR                   intcode      001008
_init_chip                  text2        0011AA
_init_interrupts            text1        0011FA
_ix                         bssCOMRAM    000010
_main                       text0        0010D4
_status                     bssCOMRAM    000015
_strlen                     text4        00113A
btemp                       temp         000018
end_of_initialization       cinit        00119C
int$flags                   temp         000018
intlevel0                   text         000000
intlevel1                   text         000000
intlevel2                   text         000000
intlevel3                   text         000000
stackhi                     (abs)        00060B
stacklo                     (abs)        000060
start                       init         001052
start_initialization        cinit        00117C
strlen@a                    cstackCOMRAM 000005
strlen@s                    cstackCOMRAM 000003
ttemp5                      temp         000019
ttemp6                      temp         00001C
ttemp7                      temp         000020
wtemp8                      temp         000019


FUNCTION INFORMATION:

 *************** function _main *****************
 Defined at:
		line 58 in file "D:/School/Unief/Jaar_3/Tweede_semester/EE5/UART_Sleep_test.X/UART_Sleep_main.c"
 Parameters:    Size  Location     Type
		None
 Auto vars:     Size  Location     Type
		None
 Return value:  Size  Location     Type
                  1    wreg      void 
 Registers used:
		wreg, fsr0l, fsr0h, status,2, status,0, tblptrl, tblptrh, tblptru, cstack
 Tracked objects:
		On entry : 
		On exit  : 
		Unchanged: 
 Data sizes:     COMRAM   BANK0   BANK1   BANK2   BANK3   BANK4   BANK5   BANK6   BANK7
      Params:         0       0       0       0       0       0       0       0       0
      Locals:         0       0       0       0       0       0       0       0       0
      Temps:          1       0       0       0       0       0       0       0       0
      Totals:         1       0       0       0       0       0       0       0       0
Total ram usage:        1 bytes
 Hardware stack levels required when called:    3
 This function calls:
		_UART_Init
		_UART_Write_String
		_init_chip
		_init_interrupts
 This function is called by:
		Startup code after reset
 This function uses a non-reentrant model


 *************** function _init_interrupts *****************
 Defined at:
		line 125 in file "D:/School/Unief/Jaar_3/Tweede_semester/EE5/UART_Sleep_test.X/UART_Sleep_main.c"
 Parameters:    Size  Location     Type
		None
 Auto vars:     Size  Location     Type
		None
 Return value:  Size  Location     Type
                  1    wreg      void 
 Registers used:
		None
 Tracked objects:
		On entry : 
		On exit  : 
		Unchanged: 
 Data sizes:     COMRAM   BANK0   BANK1   BANK2   BANK3   BANK4   BANK5   BANK6   BANK7
      Params:         0       0       0       0       0       0       0       0       0
      Locals:         0       0       0       0       0       0       0       0       0
      Temps:          0       0       0       0       0       0       0       0       0
      Totals:         0       0       0       0       0       0       0       0       0
Total ram usage:        0 bytes
 Hardware stack levels used:    1
 Hardware stack levels required when called:    1
 This function calls:
		Nothing
 This function is called by:
		_main
 This function uses a non-reentrant model


 *************** function _init_chip *****************
 Defined at:
		line 110 in file "D:/School/Unief/Jaar_3/Tweede_semester/EE5/UART_Sleep_test.X/UART_Sleep_main.c"
 Parameters:    Size  Location     Type
		None
 Auto vars:     Size  Location     Type
		None
 Return value:  Size  Location     Type
                  1    wreg      void 
 Registers used:
		wreg, status,2
 Tracked objects:
		On entry : 
		On exit  : 
		Unchanged: 
 Data sizes:     COMRAM   BANK0   BANK1   BANK2   BANK3   BANK4   BANK5   BANK6   BANK7
      Params:         0       0       0       0       0       0       0       0       0
      Locals:         0       0       0       0       0       0       0       0       0
      Temps:          0       0       0       0       0       0       0       0       0
      Totals:         0       0       0       0       0       0       0       0       0
Total ram usage:        0 bytes
 Hardware stack levels used:    1
 Hardware stack levels required when called:    1
 This function calls:
		Nothing
 This function is called by:
		_main
 This function uses a non-reentrant model


 *************** function _UART_Write_String *****************
 Defined at:
		line 190 in file "D:/School/Unief/Jaar_3/Tweede_semester/EE5/UART_Sleep_test.X/UART_Sleep_main.c"
 Parameters:    Size  Location     Type
  buffer          2    6[COMRAM] PTR unsigned char 
		 -> STR_2(8), STR_1(12), RX_buffer(500), 
 Auto vars:     Size  Location     Type
  i               2   10[COMRAM] int 
  size            2   12[COMRAM] volatile int 
 Return value:  Size  Location     Type
                  1    wreg      void 
 Registers used:
		wreg, fsr0l, fsr0h, status,2, status,0, tblptrl, tblptrh, tblptru, cstack
 Tracked objects:
		On entry : 
		On exit  : 
		Unchanged: 
 Data sizes:     COMRAM   BANK0   BANK1   BANK2   BANK3   BANK4   BANK5   BANK6   BANK7
      Params:         2       0       0       0       0       0       0       0       0
      Locals:         4       0       0       0       0       0       0       0       0
      Temps:          2       0       0       0       0       0       0       0       0
      Totals:         8       0       0       0       0       0       0       0       0
Total ram usage:        8 bytes
 Hardware stack levels used:    1
 Hardware stack levels required when called:    2
 This function calls:
		_UART_Write
		_strlen
 This function is called by:
		_main
 This function uses a non-reentrant model


 *************** function _strlen *****************
 Defined at:
		line 12 in file "C:\Program Files (x86)\Microchip\xc8\v2.05\pic\sources\c99\common\strlen.c"
 Parameters:    Size  Location     Type
  s               2    2[COMRAM] PTR const unsigned char 
		 -> STR_2(8), STR_1(12), RX_buffer(500), 
 Auto vars:     Size  Location     Type
  a               2    4[COMRAM] PTR const unsigned char 
		 -> STR_2(8), STR_1(12), RX_buffer(500), 
 Return value:  Size  Location     Type
                  2    2[COMRAM] unsigned int 
 Registers used:
		wreg, fsr0l, fsr0h, status,2, status,0, tblptrl, tblptrh, tblptru
 Tracked objects:
		On entry : 
		On exit  : 
		Unchanged: 
 Data sizes:     COMRAM   BANK0   BANK1   BANK2   BANK3   BANK4   BANK5   BANK6   BANK7
      Params:         2       0       0       0       0       0       0       0       0
      Locals:         2       0       0       0       0       0       0       0       0
      Temps:          0       0       0       0       0       0       0       0       0
      Totals:         4       0       0       0       0       0       0       0       0
Total ram usage:        4 bytes
 Hardware stack levels used:    1
 Hardware stack levels required when called:    1
 This function calls:
		Nothing
 This function is called by:
		_UART_Write_String
 This function uses a non-reentrant model


 *************** function _UART_Write *****************
 Defined at:
		line 182 in file "D:/School/Unief/Jaar_3/Tweede_semester/EE5/UART_Sleep_test.X/UART_Sleep_main.c"
 Parameters:    Size  Location     Type
  data            1    wreg     unsigned char 
 Auto vars:     Size  Location     Type
  data            1    2[COMRAM] unsigned char 
 Return value:  Size  Location     Type
                  1    wreg      void 
 Registers used:
		wreg, status,2
 Tracked objects:
		On entry : 
		On exit  : 
		Unchanged: 
 Data sizes:     COMRAM   BANK0   BANK1   BANK2   BANK3   BANK4   BANK5   BANK6   BANK7
      Params:         0       0       0       0       0       0       0       0       0
      Locals:         1       0       0       0       0       0       0       0       0
      Temps:          0       0       0       0       0       0       0       0       0
      Totals:         1       0       0       0       0       0       0       0       0
Total ram usage:        1 bytes
 Hardware stack levels used:    1
 Hardware stack levels required when called:    1
 This function calls:
		Nothing
 This function is called by:
		_UART_Write_String
 This function uses a non-reentrant model


 *************** function _UART_Init *****************
 Defined at:
		line 150 in file "D:/School/Unief/Jaar_3/Tweede_semester/EE5/UART_Sleep_test.X/UART_Sleep_main.c"
 Parameters:    Size  Location     Type
		None
 Auto vars:     Size  Location     Type
		None
 Return value:  Size  Location     Type
                  1    wreg      void 
 Registers used:
		wreg, status,2
 Tracked objects:
		On entry : 
		On exit  : 
		Unchanged: 
 Data sizes:     COMRAM   BANK0   BANK1   BANK2   BANK3   BANK4   BANK5   BANK6   BANK7
      Params:         0       0       0       0       0       0       0       0       0
      Locals:         0       0       0       0       0       0       0       0       0
      Temps:          0       0       0       0       0       0       0       0       0
      Totals:         0       0       0       0       0       0       0       0       0
Total ram usage:        0 bytes
 Hardware stack levels used:    1
 Hardware stack levels required when called:    1
 This function calls:
		Nothing
 This function is called by:
		_main
 This function uses a non-reentrant model


 *************** function _high_ISR *****************
 Defined at:
		line 35 in file "D:/School/Unief/Jaar_3/Tweede_semester/EE5/UART_Sleep_test.X/UART_Sleep_main.c"
 Parameters:    Size  Location     Type
		None
 Auto vars:     Size  Location     Type
		None
 Return value:  Size  Location     Type
                  1    wreg      void 
 Registers used:
		wreg, fsr2l, fsr2h, status,2, status,0
 Tracked objects:
		On entry : 
		On exit  : 
		Unchanged: 
 Data sizes:     COMRAM   BANK0   BANK1   BANK2   BANK3   BANK4   BANK5   BANK6   BANK7
      Params:         0       0       0       0       0       0       0       0       0
      Locals:         0       0       0       0       0       0       0       0       0
      Temps:          2       0       0       0       0       0       0       0       0
      Totals:         2       0       0       0       0       0       0       0       0
Total ram usage:        2 bytes
 Hardware stack levels used:    1
 This function calls:
		Nothing
 This function is called by:
		Interrupt level 2
 This function uses a non-reentrant model



MODULE INFORMATION

Module		Function		Class		Link	Load	Size
C:\Program Files (x86)\Microchip\xc8\v2.05\pic\sources\c99\common\strlen.c
		_strlen        		CODE           	113A	0000	67

C:\Program Files (x86)\Microchip\xc8\v2.05\pic\sources\c99\common\strlen.c estimated size: 67

D:/School/Unief/Jaar_3/Tweede_semester/EE5/UART_Sleep_test.X/UART_Sleep_main.c
		_init_chip     		CODE           	11AA	0000	45
		_UART_Write_String		CODE           	106C	0000	105
		_UART_Init     		CODE           	11D6	0000	37
		_main          		CODE           	10D4	0000	103
		_high_ISR      		CODE           	1008	0000	75
		_init_interrupts		CODE           	11FA	0000	25
		_UART_Write    		CODE           	1212	0000	17

D:/School/Unief/Jaar_3/Tweede_semester/EE5/UART_Sleep_test.X/UART_Sleep_main.c estimated size: 407

shared
		__initialization		CODE           	117C	0000	33

shared estimated size: 33

