Microchip MPLAB XC8 Compiler V2.05 ()

Linker command line:

-W-3 --edf=C:\Program Files (x86)\Microchip\xc8\v2.05\pic\dat\en_msgs.txt \
  -cs -h+dist/default/production\BLE_test.X.production.sym \
  --cmf=dist/default/production\BLE_test.X.production.cmf -z -Q18F25K50 \
  -oC:\Users\VINCEN~1\AppData\Local\Temp\sif8.2 --defsym=__MPLAB_BUILD=1 \
  -Mdist/default/production/BLE_test.X.production.map -E1 -ver=XC8 \
  --acfsm=1493 -ASTACK=038Bh-07FFh -pstack=STACK -ACODE=01000h-07FFFh \
  -ACONST=01000h-07FFFh -ASMALLCONST=01000h-010FFhx112 \
  -AMEDIUMCONST=01000h-07FFFh -ACOMRAM=01h-05Fh -AABS1=00h-07FFh \
  -ABIGRAM=01h-07FFh -ARAM=060h-0FFh,0100h-01FFhx7 -ABANK0=060h-0FFh \
  -ABANK1=0100h-01FFh -ABANK2=0200h-02FFh -ABANK3=0300h-03FFh \
  -ABANK4=0400h-04FFh -ABANK5=0500h-05FFh -ABANK6=0600h-06FFh \
  -ABANK7=0700h-07FFh -ASFR=0F53h-0F5Fh,0F60h-0FFFh \
  -preset_vec=01000h,intcode=01008h,intcodelo,powerup,init -pramtop=0800h \
  -psmallconst=SMALLCONST -pmediumconst=MEDIUMCONST -pconst=CONST \
  -AFARRAM=00h-00h -ACONFIG=0300000h-030000Dh -pconfig=CONFIG \
  -AIDLOC=0200000h-0200007h -pidloc=IDLOC -AEEDATA=0F00000h-0F000FFh \
  -peeprom_data=EEDATA \
  -prdata=COMRAM,nvrram=COMRAM,nvbit=COMRAM,rbss=COMRAM,rbit=COMRAM \
  -pfarbss=FARRAM,fardata=FARRAM,nvFARRAM=FARRAM \
  -pintsave_regs=BIGRAM,bigbss=BIGRAM,bigdata=BIGRAM -pbss=RAM \
  -pidata=CODE,irdata=CODE,ibigdata=CODE,ifardata=CODE -prparam=COMRAM \
  C:\Users\VINCEN~1\AppData\Local\Temp\sif8.o \
  dist/default/production\BLE_test.X.production.o 

Object code version is 3.11

Machine type is 18F25K50

Call graph: (short form)




                Name                               Link     Load   Length Selector   Space Scale
C:\Users\VINCEN~1\AppData\Local\Temp\sif8.o
                init                               109A     109A        4      804       0
                reset_vec                          1000     1000        4      800       0
                idloc                            200000   200000        8   200000       0
                config                           300000   300000        E   300000       0
dist/default/production\BLE_test.X.production.o
                intcode                            1008     1008       92      804       0
                temp                                 46       46        1        1       1
                smallconst                         1100     1100       B6      880       0
                text38                             2876     2876       36      8DB       0
                text37                             2788     2788       42      8DB       0
                text36                             218E     218E       A2      8DB       0
                text35                             23FE     23FE       94      8DB       0
                text33                             2A26     2A26       12      8DB       0
                text32                             29D8     29D8       2A      8DB       0
                text31                             2A48     2A48        A      8DB       0
                text30                             2A02     2A02       24      8DB       0
                text29                             2A38     2A38       10      8DB       0
                text28                             2746     2746       42      8DB       0
                text27                             2594     2594       68      8DB       0
                text26                             200C     200C       E0      8DB       0
                text25                             1DB6     1DB6      132      8DB       0
                text24                             1B3A     1B3A      14A      8DB       0
                text23                             1EE8     1EE8      124      8DB       0
                text22                             28E0     28E0       34      8DB       0
                text21                             2A5A     2A5A        2      8DB       0
                text20                             2230     2230       A0      8DB       0
                text19                             2808     2808       38      8DB       0
                text18                             22D0     22D0       9A      8DB       0
                text17                             14C4     14C4      246      8DB       0
                text16                             1C84     1C84      132      8DB       0
                text15                             1946     1946      1F4      8DB       0
                text14                             2652     2652       56      8DB       0
                text13                             26A8     26A8       54      8DB       0
                text12                             2840     2840       36      8DB       0
                text11                             20EC     20EC       A2      8DB       0
                text10                             236A     236A       94      8DB       0
                text9                              25FC     25FC       56      8DB       0
                text8                              28AC     28AC       34      8DB       0
                text7                              29A8     29A8       30      8DB       0
                text6                              27CA     27CA       3E      8DB       0
                text5                              2978     2978       30      8DB       0
                text4                              26FC     26FC       4A      8DB       0
                text3                              11B6     11B6      30E      8DB       0
                text2                              2946     2946       32      8DB       0
                text1                              170A     170A      23C      8DB       0
                text0                              2492     2492       88      8DB       0
                cstackCOMRAM                          1        1       2E        1       1
                cstackBANK0                          60       60       4A       60       1
                cstackBANK1                         100      100       97      100       1
                bssBIGRAM                           197      197      1F4      197       1
                dataBANK0                            AA       AA       32       60       1
                bssBANK0                             DC       DC       24       60       1
                dataCOMRAM                           3D       3D        8        1       1
                bssCOMRAM                            2F       2F        E        1       1
                cinit                              251A     251A       7A      8DB       0
                nvCOMRAM                             45       45        1        1       1
                idataBANK0                         2914     2914       32      8DB       0
                idataCOMRAM                        2A52     2A52        8      8DB       0

TOTAL           Name                               Link     Load   Length     Space
        CLASS   STACK          

        CLASS   CODE           
                intcode                            1008     1008       92         0
                init                               109A     109A        4         0
                reset_vec                          1000     1000        4         0
                text38                             2876     2876       36         0
                text37                             2788     2788       42         0
                text36                             218E     218E       A2         0
                text35                             23FE     23FE       94         0
                text33                             2A26     2A26       12         0
                text32                             29D8     29D8       2A         0
                text31                             2A48     2A48        A         0
                text30                             2A02     2A02       24         0
                text29                             2A38     2A38       10         0
                text28                             2746     2746       42         0
                text27                             2594     2594       68         0
                text26                             200C     200C       E0         0
                text25                             1DB6     1DB6      132         0
                text24                             1B3A     1B3A      14A         0
                text23                             1EE8     1EE8      124         0
                text22                             28E0     28E0       34         0
                text21                             2A5A     2A5A        2         0
                text20                             2230     2230       A0         0
                text19                             2808     2808       38         0
                text18                             22D0     22D0       9A         0
                text17                             14C4     14C4      246         0
                text16                             1C84     1C84      132         0
                text15                             1946     1946      1F4         0
                text14                             2652     2652       56         0
                text13                             26A8     26A8       54         0
                text12                             2840     2840       36         0
                text11                             20EC     20EC       A2         0
                text10                             236A     236A       94         0
                text9                              25FC     25FC       56         0
                text8                              28AC     28AC       34         0
                text7                              29A8     29A8       30         0
                text6                              27CA     27CA       3E         0
                text5                              2978     2978       30         0
                text4                              26FC     26FC       4A         0
                text3                              11B6     11B6      30E         0
                text2                              2946     2946       32         0
                text1                              170A     170A      23C         0
                text0                              2492     2492       88         0
                cinit                              251A     251A       7A         0
                idataBANK0                         2914     2914       32         0
                idataCOMRAM                        2A52     2A52        8         0

        CLASS   CONST          

        CLASS   SMALLCONST     
                smallconst                         1100     1100       B6         0

        CLASS   MEDIUMCONST    

        CLASS   COMRAM         
                temp                                 46       46        1         1
                cstackCOMRAM                          1        1       2E         1
                dataCOMRAM                           3D       3D        8         1
                bssCOMRAM                            2F       2F        E         1
                nvCOMRAM                             45       45        1         1

        CLASS   ABS1           

        CLASS   BIGRAM         
                bssBIGRAM                           197      197      1F4         1

        CLASS   RAM            

        CLASS   BANK0          
                cstackBANK0                          60       60       4A         1
                dataBANK0                            AA       AA       32         1
                bssBANK0                             DC       DC       24         1

        CLASS   BANK1          
                cstackBANK1                         100      100       97         1

        CLASS   BANK2          

        CLASS   BANK3          

        CLASS   BANK4          

        CLASS   BANK5          

        CLASS   BANK6          

        CLASS   BANK7          

        CLASS   SFR            

        CLASS   FARRAM         

        CLASS   CONFIG         
                config                           300000   300000        E         0

        CLASS   IDLOC          
                idloc                            200000   200000        8         0

        CLASS   EEDATA         



SEGMENTS        Name                           Load    Length   Top    Selector   Space  Class

                cstackCOMRAM                   000001  000046  000047         1       1  COMRAM  
                cstackBANK0                    000060  0000A0  000100        60       1  BANK0   
                cstackBANK1                    000100  000097  000197       100       1  BANK1   
                bssBIGRAM                      000197  0001F4  00038B       197       1  BIGRAM  
                reset_vec                      001000  000004  001004       800       0  CODE    
                intcode                        001008  000096  00109E       804       0  CODE    
                smallconst                     001100  0000B6  0011B6       880       0  SMALLCON
                text3                          0011B6  0018A6  002A5C       8DB       0  CODE    
                idloc                          200000  000008  200008    200000       0  IDLOC   
                config                         300000  00000E  30000E    300000       0  CONFIG  


UNUSED ADDRESS RANGES

        Name                Unused          Largest block    Delta
        BANK3            00038B-0003FF               75
        BANK4            000400-0004FF              100
        BANK5            000500-0005FF              100
        BANK6            000600-0006FF              100
        BANK7            000700-0007FF              100
        BIGRAM           000047-00005F               19
                         00038B-0007FF              475
        CODE             001004-001007                4
                         00109E-0010FF               62
                         002A5C-007FFF             55A4
        COMRAM           000047-00005F               19
        CONST            001004-001007                4
                         00109E-0010FF               62
                         002A5C-007FFF             55A4
        EEDATA           F00000-F000FF              100
        FARRAM           000000-000000                1
        MEDIUMCONST      001004-001007                4
                         00109E-0010FF               62
                         002A5C-007FFF             55A4
        RAM              00038B-0007FF              100
        SFR              000F53-000FFF                D
        SMALLCONST       001004-001007                4
                         00109E-0010FF               62
                         002A5C-007FFF              100
        STACK            00038B-0007FF              475

                                  Symbol Table

?___aodiv                        cstackCOMRAM 00001A
?___aomod                        cstackCOMRAM 00001A
?___lmul                         cstackCOMRAM 00001A
?___strtoxl                      cstackCOMRAM 000028
?_abs                            cstackCOMRAM 00002C
?_dtoa                           cstackBANK0  00006A
?_isalpha                        cstackCOMRAM 00001A
?_isdigit                        cstackCOMRAM 00001A
?_islower                        cstackCOMRAM 00001A
?_isspace                        cstackCOMRAM 00001A
?_packetHandler                  cstackBANK0  0000A8
?_pad                            cstackBANK0  000060
?_sprintf                        cstackBANK1  000100
?_stoa                           cstackCOMRAM 000023
?_strchr                         cstackCOMRAM 00001A
?_strlen                         cstackCOMRAM 00001A
?_strncmp                        cstackCOMRAM 00001A
?_strstr                         cstackCOMRAM 000025
?_strtol                         cstackBANK0  00007D
?_toupper                        cstackCOMRAM 000020
?_vfpfcnvrt                      cstackBANK0  00008E
?_vfprintf                       cstackBANK0  0000A0
?i2_strchr                       cstackCOMRAM 000001
?i2_strlen                       cstackCOMRAM 000001
?i2_strncmp                      cstackCOMRAM 000001
?i2_strstr                       cstackCOMRAM 00000C
RN4870_changeName@name           cstackCOMRAM 000026
UART_Write@data                  cstackCOMRAM 00001A
UART_Write_String@buffer         cstackCOMRAM 00001E
UART_Write_String@i              cstackCOMRAM 000022
UART_Write_String@size           cstackCOMRAM 000024
_ACTCON                          (abs)        000FB5
_ANSELA                          (abs)        000F5B
_ANSELB                          (abs)        000F5C
_ANSELC                          (abs)        000F5D
_BAUDCON1bits                    (abs)        000FB8
_ID                              bssBANK0     0000DE
_INTCON2bits                     (abs)        000FF1
_INTCONbits                      (abs)        000FF2
_IPR1bits                        (abs)        000F9F
_LATA                            (abs)        000F89
_LATAbits                        (abs)        000F89
_LATB                            (abs)        000F8A
_LATBbits                        (abs)        000F8A
_LATC                            (abs)        000F8B
_OSCCON                          (abs)        000FD3
_OSCCON2                         (abs)        000FD2
_OSCILLATOR_Initialize           text33       002A26
_OSCTUNE                         (abs)        000F9B
_PIE1bits                        (abs)        000F9D
_PIN_MANAGER_Initialize          text32       0029D8
_PIR1bits                        (abs)        000F9E
_PORTCbits                       (abs)        000F82
_RCONbits                        (abs)        000FD0
_RCREG1                          (abs)        000FAE
_RCSTA1bits                      (abs)        000FAB
_RN4870_changeName               text26       00200C
_RX_buffer                       bssBIGRAM    000197
_SPBRG1                          (abs)        000FAF
_SYSTEM_Initialize               text31       002A48
_TRISA                           (abs)        000F92
_TRISAbits                       (abs)        000F92
_TRISB                           (abs)        000F93
_TRISBbits                       (abs)        000F93
_TRISC                           (abs)        000F94
_TRISCbits                       (abs)        000F94
_TXREG1                          (abs)        000FAD
_TXSTA1bits                      (abs)        000FAC
_UART_Init                       text30       002A02
_UART_RN4870_mode                dataCOMRAM   000044
_UART_RX                         bssCOMRAM    00003C
_UART_Write                      text29       002A38
_UART_Write_String               text27       002594
_WPUB                            (abs)        000F85
__CFG_BOREN$SBORDIS              (abs)        000000
__CFG_BORV$190                   (abs)        000000
__CFG_CCP2MX$RC1                 (abs)        000000
__CFG_CFGPLLEN$ON                (abs)        000000
__CFG_CP0$OFF                    (abs)        000000
__CFG_CP1$OFF                    (abs)        000000
__CFG_CP2$OFF                    (abs)        000000
__CFG_CP3$OFF                    (abs)        000000
__CFG_CPB$OFF                    (abs)        000000
__CFG_CPD$OFF                    (abs)        000000
__CFG_CPUDIV$                    (abs)        000002
__CFG_DEBUG$OFF                  (abs)        000000
__CFG_EBTR0$OFF                  (abs)        000000
__CFG_EBTR1$OFF                  (abs)        000000
__CFG_EBTR2$OFF                  (abs)        000000
__CFG_EBTR3$OFF                  (abs)        000000
__CFG_EBTRB$OFF                  (abs)        000000
__CFG_FCMEN$OFF                  (abs)        000000
__CFG_FOSC$INTOSCIO              (abs)        000000
__CFG_ICPRT$OFF                  (abs)        000000
__CFG_IESO$OFF                   (abs)        000000
__CFG_LS48MHZ$SYS24X4            (abs)        000000
__CFG_LVP$ON                     (abs)        000000
__CFG_MCLRE$ON                   (abs)        000000
__CFG_PBADEN$OFF                 (abs)        000000
__CFG_PCLKEN$ON                  (abs)        000000
__CFG_PLLSEL$PLL3X               (abs)        000000
__CFG_SDOMX$RB3                  (abs)        000000
__CFG_STVREN$ON                  (abs)        000000
__CFG_T3CMX$RC0                  (abs)        000000
__CFG_WDTEN$OFF                  (abs)        000000
__CFG_WDTPS$32768                (abs)        000000
__CFG_WRT0$OFF                   (abs)        000000
__CFG_WRT1$OFF                   (abs)        000000
__CFG_WRT2$OFF                   (abs)        000000
__CFG_WRT3$OFF                   (abs)        000000
__CFG_WRTB$OFF                   (abs)        000000
__CFG_WRTC$OFF                   (abs)        000000
__CFG_WRTD$OFF                   (abs)        000000
__CFG_XINST$OFF                  (abs)        000000
__CFG_nLPBOR$OFF                 (abs)        000000
__CFG_nPWRTEN$OFF                (abs)        000000
__HRAM                           (abs)        000000
__Habs1                          abs1         000000
__Hbank0                         bank0        000000
__Hbank1                         bank1        000000
__Hbank2                         bank2        000000
__Hbank3                         bank3        000000
__Hbank4                         bank4        000000
__Hbank5                         bank5        000000
__Hbank6                         bank6        000000
__Hbank7                         bank7        000000
__Hbigbss                        bigbss       000000
__Hbigdata                       bigdata      000000
__Hbigram                        bigram       000000
__Hbss                           bss          000000
__HbssBANK0                      bssBANK0     000000
__HbssBIGRAM                     bssBIGRAM    000000
__HbssCOMRAM                     bssCOMRAM    000000
__Hcinit                         cinit        000000
__Hclrtext                       clrtext      000000
__Hcomram                        comram       000000
__Hconfig                        config       30000E
__Hconst                         const        000000
__HcstackBANK0                   cstackBANK0  000000
__HcstackBANK1                   cstackBANK1  000000
__HcstackCOMRAM                  cstackCOMRAM 000000
__Hdata                          data         000000
__HdataBANK0                     dataBANK0    000000
__HdataCOMRAM                    dataCOMRAM   000000
__Heeprom_data                   eeprom_data  000000
__Hfarbss                        farbss       000000
__Hfardata                       fardata      000000
__Hibigdata                      ibigdata     000000
__Hidata                         idata        000000
__HidataBANK0                    idataBANK0   000000
__HidataCOMRAM                   idataCOMRAM  000000
__Hidloc                         idloc        200008
__Hifardata                      ifardata     000000
__Hinit                          init         00109E
__Hintcode                       intcode      00109A
__Hintcode_body                  intcode_body 000000
__Hintcodelo                     intcodelo    00109A
__Hintentry                      intentry     000000
__Hintret                        intret       000000
__Hintsave_regs                  intsave_regs 000000
__Hirdata                        irdata       000000
__Hmediumconst                   mediumconst  000000
__HnvCOMRAM                      nvCOMRAM     000000
__HnvFARRAM                      nvFARRAM     000000
__Hnvbit                         nvbit        000000
__Hnvrram                        nvrram       000000
__Hparam                         rparam       000000
__Hpowerup                       powerup      00109A
__Hram                           ram          000000
__Hramtop                        ramtop       000800
__Hrbit                          rbit         000000
__Hrbss                          rbss         000000
__Hrdata                         rdata        000000
__Hreset_vec                     reset_vec    001004
__Hrparam                        rparam       000000
__Hsfr                           sfr          000000
__Hsmallconst                    smallconst   0011B6
__Hspace_0                       (abs)        30000E
__Hspace_1                       (abs)        00038B
__Hspace_2                       (abs)        000000
__Hstack                         stack        000000
__Hstruct                        struct       000000
__Htemp                          temp         000047
__Htext                          text         000000
__Htext0                         text0        000000
__Htext1                         text1        000000
__Htext10                        text10       000000
__Htext11                        text11       000000
__Htext12                        text12       000000
__Htext13                        text13       000000
__Htext14                        text14       000000
__Htext15                        text15       000000
__Htext16                        text16       000000
__Htext17                        text17       000000
__Htext18                        text18       000000
__Htext19                        text19       000000
__Htext2                         text2        000000
__Htext20                        text20       000000
__Htext21                        text21       000000
__Htext22                        text22       000000
__Htext23                        text23       000000
__Htext24                        text24       000000
__Htext25                        text25       000000
__Htext26                        text26       000000
__Htext27                        text27       000000
__Htext28                        text28       000000
__Htext29                        text29       000000
__Htext3                         text3        000000
__Htext30                        text30       000000
__Htext31                        text31       000000
__Htext32                        text32       000000
__Htext33                        text33       000000
__Htext35                        text35       000000
__Htext36                        text36       000000
__Htext37                        text37       000000
__Htext38                        text38       000000
__Htext4                         text4        000000
__Htext5                         text5        000000
__Htext6                         text6        000000
__Htext7                         text7        000000
__Htext8                         text8        000000
__Htext9                         text9        000000
__LRAM                           (abs)        000001
__Labs1                          abs1         000000
__Lbank0                         bank0        000000
__Lbank1                         bank1        000000
__Lbank2                         bank2        000000
__Lbank3                         bank3        000000
__Lbank4                         bank4        000000
__Lbank5                         bank5        000000
__Lbank6                         bank6        000000
__Lbank7                         bank7        000000
__Lbigbss                        bigbss       000000
__Lbigdata                       bigdata      000000
__Lbigram                        bigram       000000
__Lbss                           bss          000000
__LbssBANK0                      bssBANK0     000000
__LbssBIGRAM                     bssBIGRAM    000000
__LbssCOMRAM                     bssCOMRAM    000000
__Lcinit                         cinit        000000
__Lclrtext                       clrtext      000000
__Lcomram                        comram       000000
__Lconfig                        config       300000
__Lconst                         const        000000
__LcstackBANK0                   cstackBANK0  000000
__LcstackBANK1                   cstackBANK1  000000
__LcstackCOMRAM                  cstackCOMRAM 000000
__Ldata                          data         000000
__LdataBANK0                     dataBANK0    000000
__LdataCOMRAM                    dataCOMRAM   000000
__Leeprom_data                   eeprom_data  000000
__Lfarbss                        farbss       000000
__Lfardata                       fardata      000000
__Libigdata                      ibigdata     000000
__Lidata                         idata        000000
__LidataBANK0                    idataBANK0   000000
__LidataCOMRAM                   idataCOMRAM  000000
__Lidloc                         idloc        200000
__Lifardata                      ifardata     000000
__Linit                          init         00109A
__Lintcode                       intcode      001008
__Lintcode_body                  intcode_body 000000
__Lintcodelo                     intcodelo    00109A
__Lintentry                      intentry     000000
__Lintret                        intret       000000
__Lintsave_regs                  intsave_regs 000000
__Lirdata                        irdata       000000
__Lmediumconst                   mediumconst  000000
__LnvCOMRAM                      nvCOMRAM     000000
__LnvFARRAM                      nvFARRAM     000000
__Lnvbit                         nvbit        000000
__Lnvrram                        nvrram       000000
__Lparam                         rparam       000000
__Lpowerup                       powerup      00109A
__Lram                           ram          000000
__Lramtop                        ramtop       000800
__Lrbit                          rbit         000000
__Lrbss                          rbss         000000
__Lrdata                         rdata        000000
__Lreset_vec                     reset_vec    001000
__Lrparam                        rparam       000000
__Lsfr                           sfr          000000
__Lsmallconst                    smallconst   001100
__Lspace_0                       (abs)        000000
__Lspace_1                       (abs)        000000
__Lspace_2                       (abs)        000000
__Lstack                         stack        000000
__Lstruct                        struct       000000
__Ltemp                          temp         000046
__Ltext                          text         000000
__Ltext0                         text0        000000
__Ltext1                         text1        000000
__Ltext10                        text10       000000
__Ltext11                        text11       000000
__Ltext12                        text12       000000
__Ltext13                        text13       000000
__Ltext14                        text14       000000
__Ltext15                        text15       000000
__Ltext16                        text16       000000
__Ltext17                        text17       000000
__Ltext18                        text18       000000
__Ltext19                        text19       000000
__Ltext2                         text2        000000
__Ltext20                        text20       000000
__Ltext21                        text21       000000
__Ltext22                        text22       000000
__Ltext23                        text23       000000
__Ltext24                        text24       000000
__Ltext25                        text25       000000
__Ltext26                        text26       000000
__Ltext27                        text27       000000
__Ltext28                        text28       000000
__Ltext29                        text29       000000
__Ltext3                         text3        000000
__Ltext30                        text30       000000
__Ltext31                        text31       000000
__Ltext32                        text32       000000
__Ltext33                        text33       000000
__Ltext35                        text35       000000
__Ltext36                        text36       000000
__Ltext37                        text37       000000
__Ltext38                        text38       000000
__Ltext4                         text4        000000
__Ltext5                         text5        000000
__Ltext6                         text6        000000
__Ltext7                         text7        000000
__Ltext8                         text8        000000
__Ltext9                         text9        000000
__S0                             (abs)        30000E
__S1                             (abs)        00038B
__S2                             (abs)        000000
___aodiv                         text24       001B3A
___aodiv@counter                 cstackBANK0  000060
___aodiv@dividend                cstackCOMRAM 00001A
___aodiv@divisor                 cstackCOMRAM 000022
___aodiv@quotient                cstackBANK0  000062
___aodiv@sign                    cstackBANK0  000061
___aomod                         text23       001EE8
___aomod@counter                 cstackCOMRAM 00002A
___aomod@dividend                cstackCOMRAM 00001A
___aomod@divisor                 cstackCOMRAM 000022
___aomod@sign                    cstackCOMRAM 00002B
___inthi_sp                      stack        000000
___intlo_sp                      stack        000000
___lmul                          text9        0025FC
___lmul@multiplicand             cstackCOMRAM 00001E
___lmul@multiplier               cstackCOMRAM 00001A
___lmul@product                  cstackCOMRAM 000022
___param_bank                    (abs)        000000
___rparam_used                   (abs)        000001
___sp                            stack        000000
___strtoxl                       text3        0011B6
___strtoxl$1729                  cstackBANK0  000068
___strtoxl$1730                  cstackBANK0  00006E
___strtoxl$1731                  cstackBANK0  00006A
___strtoxl$1732                  cstackBANK0  00006C
___strtoxl@a                     cstackBANK0  000076
___strtoxl@base                  cstackCOMRAM 00002C
___strtoxl@c                     cstackBANK0  00007C
___strtoxl@conv_done             cstackBANK0  00006F
___strtoxl@cp                    cstackBANK0  00007A
___strtoxl@endptr                cstackCOMRAM 00002A
___strtoxl@is_signed             cstackCOMRAM 00002E
___strtoxl@limit                 cstackBANK0  000070
___strtoxl@prev_a                cstackBANK0  000064
___strtoxl@s                     cstackCOMRAM 000028
___strtoxl@sign                  cstackBANK0  000074
___strtoxl@skip                  cstackBANK0  000075
__accesstop                      (abs)        000060
__activetblptr                   (abs)        000002
__end_of_OSCILLATOR_Initialize   text33       002A38
__end_of_PIN_MANAGER_Initialize  text32       002A02
__end_of_RN4870_changeName       text26       0020EC
__end_of_SYSTEM_Initialize       text31       002A52
__end_of_UART_Init               text30       002A26
__end_of_UART_Write              text29       002A48
__end_of_UART_Write_String       text27       0025FC
__end_of___aodiv                 text24       001C84
__end_of___aomod                 text23       00200C
__end_of___lmul                  text9        002652
__end_of___strtoxl               text3        0014C4
__end_of__initialization         cinit        002586
__end_of_abs                     text22       002914
__end_of_dtoa                    text17       00170A
__end_of_fputc                   text20       0022D0
__end_of_fputs                   text19       002840
__end_of_high_ISR                intcode      00109A
__end_of_isalpha                 text8        0028E0
__end_of_isdigit                 text7        0029D8
__end_of_islower                 text5        0029A8
__end_of_isspace                 text6        002808
__end_of_main                    text0        00251A
__end_of_memset                  text25       001EE8
__end_of_packetHandler           text1        001946
__end_of_pad                     text18       00236A
__end_of_putch                   text21       002A5C
__end_of_sprintf                 text13       0026FC
__end_of_stoa                    text16       001DB6
__end_of_strchr                  text12       002876
__end_of_strlen                  text28       002788
__end_of_strncmp                 text11       00218E
__end_of_strstr                  text10       0023FE
__end_of_strtol                  text2        002978
__end_of_toupper                 text4        002746
__end_of_vfpfcnvrt               text15       001B3A
__end_of_vfprintf                text14       0026A8
__end_ofi2_strchr                text38       0028AC
__end_ofi2_strlen                text37       0027CA
__end_ofi2_strncmp               text36       002230
__end_ofi2_strstr                text35       002492
__initialization                 cinit        00251A
__mediumconst                    mediumconst  000000
__pbssBANK0                      bssBANK0     0000DC
__pbssBIGRAM                     bssBIGRAM    000197
__pbssCOMRAM                     bssCOMRAM    00002F
__pcinit                         cinit        00251A
__pcstackBANK0                   cstackBANK0  000060
__pcstackBANK1                   cstackBANK1  000100
__pcstackCOMRAM                  cstackCOMRAM 000001
__pdataBANK0                     dataBANK0    0000AA
__pdataCOMRAM                    dataCOMRAM   00003D
__pidataBANK0                    idataBANK0   002914
__pidataCOMRAM                   idataCOMRAM  002A52
__pintcode                       intcode      001008
__pnvCOMRAM                      nvCOMRAM     000045
__psmallconst                    smallconst   001100
__ptext0                         text0        002492
__ptext1                         text1        00170A
__ptext10                        text10       00236A
__ptext11                        text11       0020EC
__ptext12                        text12       002840
__ptext13                        text13       0026A8
__ptext14                        text14       002652
__ptext15                        text15       001946
__ptext16                        text16       001C84
__ptext17                        text17       0014C4
__ptext18                        text18       0022D0
__ptext19                        text19       002808
__ptext2                         text2        002946
__ptext20                        text20       002230
__ptext21                        text21       002A5A
__ptext22                        text22       0028E0
__ptext23                        text23       001EE8
__ptext24                        text24       001B3A
__ptext25                        text25       001DB6
__ptext26                        text26       00200C
__ptext27                        text27       002594
__ptext28                        text28       002746
__ptext29                        text29       002A38
__ptext3                         text3        0011B6
__ptext30                        text30       002A02
__ptext31                        text31       002A48
__ptext32                        text32       0029D8
__ptext33                        text33       002A26
__ptext35                        text35       0023FE
__ptext36                        text36       00218E
__ptext37                        text37       002788
__ptext38                        text38       002876
__ptext4                         text4        0026FC
__ptext5                         text5        002978
__ptext6                         text6        0027CA
__ptext7                         text7        0029A8
__ptext8                         text8        0028AC
__ptext9                         text9        0025FC
__ramtop                         ramtop       000800
__size_of_OSCILLATOR_Initialize  (abs)        000000
__size_of_PIN_MANAGER_Initialize (abs)        000000
__size_of_RN4870_changeName      (abs)        000000
__size_of_SYSTEM_Initialize      (abs)        000000
__size_of_UART_Init              (abs)        000000
__size_of_UART_Write             (abs)        000000
__size_of_UART_Write_String      (abs)        000000
__size_of___aodiv                (abs)        000000
__size_of___aomod                (abs)        000000
__size_of___lmul                 (abs)        000000
__size_of___strtoxl              (abs)        000000
__size_of_abs                    (abs)        000000
__size_of_dtoa                   (abs)        000000
__size_of_fputc                  (abs)        000000
__size_of_fputs                  (abs)        000000
__size_of_high_ISR               (abs)        000000
__size_of_isalpha                (abs)        000000
__size_of_isdigit                (abs)        000000
__size_of_islower                (abs)        000000
__size_of_isspace                (abs)        000000
__size_of_main                   (abs)        000000
__size_of_memset                 (abs)        000000
__size_of_packetHandler          (abs)        000000
__size_of_pad                    (abs)        000000
__size_of_putch                  (abs)        000000
__size_of_sprintf                (abs)        000000
__size_of_stoa                   (abs)        000000
__size_of_strchr                 (abs)        000000
__size_of_strlen                 (abs)        000000
__size_of_strncmp                (abs)        000000
__size_of_strstr                 (abs)        000000
__size_of_strtol                 (abs)        000000
__size_of_toupper                (abs)        000000
__size_of_vfpfcnvrt              (abs)        000000
__size_of_vfprintf               (abs)        000000
__size_ofi2_strchr               (abs)        000000
__size_ofi2_strlen               (abs)        000000
__size_ofi2_strncmp              (abs)        000000
__size_ofi2_strstr               (abs)        000000
__smallconst                     smallconst   001100
_abs                             text22       0028E0
_dbuf                            bssBANK0     0000E0
_debug                           bssCOMRAM    00003B
_dtoa                            text17       0014C4
_dtoa$1133                       cstackBANK0  00007C
_errno                           bssCOMRAM    00002F
_expected                        bssCOMRAM    000039
_flags                           bssCOMRAM    000035
_fputc                           text20       002230
_fputs                           text19       002808
_high_ISR                        intcode      001008
_isalpha                         text8        0028AC
_isdigit                         text7        0029A8
_islower                         text5        002978
_isspace                         text6        0027CA
_isspace$1758                    cstackCOMRAM 000020
_ix                              bssCOMRAM    000037
_main                            text0        002492
_memset                          text25       001DB6
_name                            dataBANK0    0000AA
_nout                            bssBANK0     0000DC
_og                              nvCOMRAM     000045
_packetHandler                   text1        00170A
_pad                             text18       0022D0
_prec                            bssCOMRAM    000033
_putch                           text21       002A5A
_sprintf                         text13       0026A8
_stoa                            text16       001C84
_strchr                          text12       002840
_strlen                          text28       002746
_strncmp                         text11       0020EC
_strstr                          text10       00236A
_strtol                          text2        002946
_toupper                         text4        0026FC
_toupper$1782                    cstackCOMRAM 000026
_vfpfcnvrt                       text15       001946
_vfprintf                        text14       002652
_width                           bssCOMRAM    000031
abs@a                            cstackCOMRAM 00002C
btemp                            temp         000046
dtoa@d                           cstackBANK0  00006C
dtoa@fp                          cstackBANK0  00006A
dtoa@i                           cstackBANK0  00008C
dtoa@n                           cstackBANK0  000084
dtoa@p                           cstackBANK0  00007E
dtoa@s                           cstackBANK0  000082
dtoa@w                           cstackBANK0  000080
end_of_initialization            cinit        002586
fputc@c                          cstackCOMRAM 00001A
fputc@fp                         cstackCOMRAM 00001C
fputs@c                          cstackCOMRAM 000027
fputs@fp                         cstackCOMRAM 000025
fputs@i                          cstackCOMRAM 000028
fputs@s                          cstackCOMRAM 000023
i2_strchr                        text38       002876
i2_strlen                        text37       002788
i2_strncmp                       text36       00218E
i2_strstr                        text35       0023FE
i2strchr@c                       cstackCOMRAM 000003
i2strchr@s                       cstackCOMRAM 000001
i2strlen@a                       cstackCOMRAM 000003
i2strlen@s                       cstackCOMRAM 000001
i2strncmp@_l                     cstackCOMRAM 000001
i2strncmp@_r                     cstackCOMRAM 000003
i2strncmp@l                      cstackCOMRAM 000008
i2strncmp@n                      cstackCOMRAM 000005
i2strncmp@r                      cstackCOMRAM 00000A
i2strstr@h                       cstackCOMRAM 00000C
i2strstr@n                       cstackCOMRAM 00000E
i2strstr@nl                      cstackCOMRAM 000010
int$flags                        temp         000046
intlevel0                        text         000000
intlevel1                        text         000000
intlevel2                        text         000000
intlevel3                        text         000000
isalpha@c                        cstackCOMRAM 00001A
isdigit@c                        cstackCOMRAM 00001A
islower@c                        cstackCOMRAM 00001A
isspace@c                        cstackCOMRAM 00001A
main@status                      cstackBANK1  000196
memset@c                         cstackCOMRAM 000020
memset@dest                      cstackCOMRAM 00001E
memset@k                         cstackCOMRAM 000026
memset@n                         cstackCOMRAM 000022
memset@s                         cstackCOMRAM 000028
packetHandler@answer             cstackBANK1  000178
packetHandler@answer_1080        cstackBANK1  000114
packetHandler@answer_1087        cstackBANK1  000146
packetHandler@end                cstackBANK1  000192
packetHandler@pos                cstackBANK1  00018E
packetHandler@txt                cstackBANK1  000190
pad@buf                          cstackBANK0  000062
pad@fp                           cstackBANK0  000060
pad@i                            cstackCOMRAM 00002B
pad@p                            cstackBANK0  000064
pad@w                            cstackCOMRAM 00002D
sprintf@ap                       cstackBANK1  00010A
sprintf@f                        cstackBANK1  00010C
sprintf@fmt                      cstackBANK1  000102
sprintf@s                        cstackBANK1  000100
stackhi                          (abs)        0007FF
stacklo                          (abs)        00038B
start                            init         00109A
start_initialization             cinit        00251A
stoa@F1139                       dataCOMRAM   00003D
stoa@cp                          cstackBANK0  00006B
stoa@fp                          cstackCOMRAM 000023
stoa@i                           cstackBANK0  000067
stoa@l                           cstackBANK0  00006F
stoa@nuls                        cstackBANK0  000060
stoa@p                           cstackBANK0  00006D
stoa@s                           cstackCOMRAM 000025
stoa@w                           cstackBANK0  000069
strchr@c                         cstackCOMRAM 00001C
strchr@s                         cstackCOMRAM 00001A
strlen@a                         cstackCOMRAM 00001C
strlen@s                         cstackCOMRAM 00001A
strncmp@_l                       cstackCOMRAM 00001A
strncmp@_r                       cstackCOMRAM 00001C
strncmp@l                        cstackCOMRAM 000021
strncmp@n                        cstackCOMRAM 00001E
strncmp@r                        cstackCOMRAM 000023
strstr@h                         cstackCOMRAM 000025
strstr@n                         cstackCOMRAM 000027
strstr@nl                        cstackCOMRAM 000029
strtol@base                      cstackBANK0  000081
strtol@endptr                    cstackBANK0  00007F
strtol@s                         cstackBANK0  00007D
toupper@c                        cstackCOMRAM 000020
ttemp5                           temp         000047
ttemp6                           temp         00004A
ttemp7                           temp         00004E
vfpfcnvrt@ap                     cstackBANK0  000092
vfpfcnvrt@cp                     cstackBANK0  00009E
vfpfcnvrt@fmt                    cstackBANK0  000090
vfpfcnvrt@fp                     cstackBANK0  00008E
vfpfcnvrt@ll                     cstackBANK0  000096
vfprintf@ap                      cstackBANK0  0000A4
vfprintf@cfmt                    cstackBANK0  0000A6
vfprintf@fmt                     cstackBANK0  0000A2
vfprintf@fp                      cstackBANK0  0000A0
wtemp8                           temp         000047


FUNCTION INFORMATION:

 *************** function _main *****************
 Defined at:
		line 77 in file "main_ble.c"
 Parameters:    Size  Location     Type
		None
 Auto vars:     Size  Location     Type
  status          1  150[BANK1 ] volatile unsigned char 
 Return value:  Size  Location     Type
                  1    wreg      void 
 Registers used:
		wreg, fsr1l, fsr1h, fsr2l, fsr2h, status,2, status,0, tblptrl, tblptrh, tblptru, cstack
 Tracked objects:
		On entry : 
		On exit  : 
		Unchanged: 
 Data sizes:     COMRAM   BANK0   BANK1   BANK2   BANK3   BANK4   BANK5   BANK6   BANK7
      Params:         0       0       0       0       0       0       0       0       0
      Locals:         0       0       1       0       0       0       0       0       0
      Temps:          0       0       2       0       0       0       0       0       0
      Totals:         0       0       3       0       0       0       0       0       0
Total ram usage:        3 bytes
 Hardware stack levels required when called:   12
 This function calls:
		_SYSTEM_Initialize
		_UART_Init
		_UART_Write_String
		_packetHandler
 This function is called by:
		Startup code after reset
 This function uses a non-reentrant model


 *************** function _packetHandler *****************
 Defined at:
		line 197 in file "main_ble.c"
 Parameters:    Size  Location     Type
		None
 Auto vars:     Size  Location     Type
  answer         50   70[BANK1 ] unsigned char [50]
  txt             2  144[BANK1 ] PTR unsigned char 
		 -> NULL(0), RX_buffer(500), 
  answer         50   20[BANK1 ] unsigned char [50]
  end             2  146[BANK1 ] PTR unsigned char 
		 -> NULL(0), RX_buffer(500), 
  pos             2  142[BANK1 ] PTR unsigned char 
		 -> NULL(0), RX_buffer(500), 
  answer         20  120[BANK1 ] unsigned char [20]
  temp            2    0        short 
 Return value:  Size  Location     Type
                  2   72[BANK0 ] int 
 Registers used:
		wreg, fsr1l, fsr1h, fsr2l, fsr2h, status,2, status,0, tblptrl, tblptrh, tblptru, cstack
 Tracked objects:
		On entry : 
		On exit  : 
		Unchanged: 
 Data sizes:     COMRAM   BANK0   BANK1   BANK2   BANK3   BANK4   BANK5   BANK6   BANK7
      Params:         0       2       0       0       0       0       0       0       0
      Locals:         0       0     128       0       0       0       0       0       0
      Temps:          0       0       2       0       0       0       0       0       0
      Totals:         0       2     130       0       0       0       0       0       0
Total ram usage:      132 bytes
 Hardware stack levels used:    1
 Hardware stack levels required when called:   11
 This function calls:
		_RN4870_changeName
		_UART_Write_String
		_memset
		_sprintf
		_strlen
		_strstr
		_strtol
 This function is called by:
		_main
 This function uses a non-reentrant model


 *************** function _strtol *****************
 Defined at:
		line 4 in file "C:\Program Files (x86)\Microchip\xc8\v2.05\pic\sources\c99\common\strtol.c"
 Parameters:    Size  Location     Type
  s               2   29[BANK0 ] PTR const unsigned char 
		 -> NULL(0), RX_buffer(500), 
  endptr          2   31[BANK0 ] PTR PTR unsigned char 
		 -> packetHandler@end(2), 
  base            2   33[BANK0 ] int 
 Auto vars:     Size  Location     Type
		None
 Return value:  Size  Location     Type
                  4   29[BANK0 ] long 
 Registers used:
		wreg, fsr2l, fsr2h, status,2, status,0, cstack
 Tracked objects:
		On entry : 
		On exit  : 
		Unchanged: 
 Data sizes:     COMRAM   BANK0   BANK1   BANK2   BANK3   BANK4   BANK5   BANK6   BANK7
      Params:         0       6       0       0       0       0       0       0       0
      Locals:         0       0       0       0       0       0       0       0       0
      Temps:          0       0       0       0       0       0       0       0       0
      Totals:         0       6       0       0       0       0       0       0       0
Total ram usage:        6 bytes
 Hardware stack levels used:    1
 Hardware stack levels required when called:    6
 This function calls:
		___strtoxl
 This function is called by:
		_packetHandler
 This function uses a non-reentrant model


 *************** function ___strtoxl *****************
 Defined at:
		line 7 in file "C:\Program Files (x86)\Microchip\xc8\v2.05\pic\sources\c99\common\__strtoxl.c"
 Parameters:    Size  Location     Type
  s               2   39[COMRAM] PTR const unsigned char 
		 -> NULL(0), RX_buffer(500), 
  endptr          2   41[COMRAM] PTR PTR unsigned char 
		 -> packetHandler@end(2), 
  base            2   43[COMRAM] int 
  is_signed       1   45[COMRAM] unsigned char 
 Auto vars:     Size  Location     Type
  a               4   22[BANK0 ] unsigned long 
  limit           4   16[BANK0 ] unsigned long 
  prev_a          4    4[BANK0 ] unsigned long 
  cp              2   26[BANK0 ] PTR const unsigned char 
		 -> NULL(0), RX_buffer(500), 
  c               1   28[BANK0 ] unsigned char 
  skip            1   21[BANK0 ] unsigned char 
  sign            1   20[BANK0 ] unsigned char 
  conv_done       1   15[BANK0 ] unsigned char 
 Return value:  Size  Location     Type
                  4   39[COMRAM] unsigned long 
 Registers used:
		wreg, fsr2l, fsr2h, status,2, status,0, cstack
 Tracked objects:
		On entry : 
		On exit  : 
		Unchanged: 
 Data sizes:     COMRAM   BANK0   BANK1   BANK2   BANK3   BANK4   BANK5   BANK6   BANK7
      Params:         7       0       0       0       0       0       0       0       0
      Locals:         0      25       0       0       0       0       0       0       0
      Temps:          0       4       0       0       0       0       0       0       0
      Totals:         7      29       0       0       0       0       0       0       0
Total ram usage:       36 bytes
 Hardware stack levels used:    1
 Hardware stack levels required when called:    5
 This function calls:
		___lmul
		_isalpha
		_isdigit
		_isspace
		_toupper
 This function is called by:
		_strtol
 This function uses a non-reentrant model


 *************** function _toupper *****************
 Defined at:
		line 4 in file "C:\Program Files (x86)\Microchip\xc8\v2.05\pic\sources\c99\common\toupper.c"
 Parameters:    Size  Location     Type
  c               2   31[COMRAM] int 
 Auto vars:     Size  Location     Type
		None
 Return value:  Size  Location     Type
                  2   31[COMRAM] int 
 Registers used:
		wreg, status,2, status,0
 Tracked objects:
		On entry : 
		On exit  : 
		Unchanged: 
 Data sizes:     COMRAM   BANK0   BANK1   BANK2   BANK3   BANK4   BANK5   BANK6   BANK7
      Params:         2       0       0       0       0       0       0       0       0
      Locals:         2       0       0       0       0       0       0       0       0
      Temps:          4       0       0       0       0       0       0       0       0
      Totals:         8       0       0       0       0       0       0       0       0
Total ram usage:        8 bytes
 Hardware stack levels used:    1
 Hardware stack levels required when called:    4
 This function calls:
		_islower
 This function is called by:
		___strtoxl
 This function uses a non-reentrant model


 *************** function _islower *****************
 Defined at:
		line 5 in file "C:\Program Files (x86)\Microchip\xc8\v2.05\pic\sources\c99\common\islower.c"
 Parameters:    Size  Location     Type
  c               2   25[COMRAM] int 
 Auto vars:     Size  Location     Type
		None
 Return value:  Size  Location     Type
                  2   25[COMRAM] int 
 Registers used:
		wreg, status,2, status,0
 Tracked objects:
		On entry : 
		On exit  : 
		Unchanged: 
 Data sizes:     COMRAM   BANK0   BANK1   BANK2   BANK3   BANK4   BANK5   BANK6   BANK7
      Params:         2       0       0       0       0       0       0       0       0
      Locals:         0       0       0       0       0       0       0       0       0
      Temps:          4       0       0       0       0       0       0       0       0
      Totals:         6       0       0       0       0       0       0       0       0
Total ram usage:        6 bytes
 Hardware stack levels used:    1
 Hardware stack levels required when called:    3
 This function calls:
		Nothing
 This function is called by:
		_toupper
 This function uses a non-reentrant model


 *************** function _isspace *****************
 Defined at:
		line 5 in file "C:\Program Files (x86)\Microchip\xc8\v2.05\pic\sources\c99\common\isspace.c"
 Parameters:    Size  Location     Type
  c               2   25[COMRAM] int 
 Auto vars:     Size  Location     Type
		None
 Return value:  Size  Location     Type
                  2   25[COMRAM] int 
 Registers used:
		wreg, status,2, status,0
 Tracked objects:
		On entry : 
		On exit  : 
		Unchanged: 
 Data sizes:     COMRAM   BANK0   BANK1   BANK2   BANK3   BANK4   BANK5   BANK6   BANK7
      Params:         2       0       0       0       0       0       0       0       0
      Locals:         1       0       0       0       0       0       0       0       0
      Temps:          4       0       0       0       0       0       0       0       0
      Totals:         7       0       0       0       0       0       0       0       0
Total ram usage:        7 bytes
 Hardware stack levels used:    1
 Hardware stack levels required when called:    3
 This function calls:
		Nothing
 This function is called by:
		___strtoxl
 This function uses a non-reentrant model


 *************** function _isdigit *****************
 Defined at:
		line 5 in file "C:\Program Files (x86)\Microchip\xc8\v2.05\pic\sources\c99\common\isdigit.c"
 Parameters:    Size  Location     Type
  c               2   25[COMRAM] int 
 Auto vars:     Size  Location     Type
		None
 Return value:  Size  Location     Type
                  2   25[COMRAM] int 
 Registers used:
		wreg, status,2, status,0
 Tracked objects:
		On entry : 
		On exit  : 
		Unchanged: 
 Data sizes:     COMRAM   BANK0   BANK1   BANK2   BANK3   BANK4   BANK5   BANK6   BANK7
      Params:         2       0       0       0       0       0       0       0       0
      Locals:         0       0       0       0       0       0       0       0       0
      Temps:          4       0       0       0       0       0       0       0       0
      Totals:         6       0       0       0       0       0       0       0       0
Total ram usage:        6 bytes
 Hardware stack levels used:    1
 Hardware stack levels required when called:    3
 This function calls:
		Nothing
 This function is called by:
		___strtoxl
 This function uses a non-reentrant model


 *************** function _isalpha *****************
 Defined at:
		line 5 in file "C:\Program Files (x86)\Microchip\xc8\v2.05\pic\sources\c99\common\isalpha.c"
 Parameters:    Size  Location     Type
  c               2   25[COMRAM] int 
 Auto vars:     Size  Location     Type
		None
 Return value:  Size  Location     Type
                  2   25[COMRAM] int 
 Registers used:
		wreg, status,2, status,0
 Tracked objects:
		On entry : 
		On exit  : 
		Unchanged: 
 Data sizes:     COMRAM   BANK0   BANK1   BANK2   BANK3   BANK4   BANK5   BANK6   BANK7
      Params:         2       0       0       0       0       0       0       0       0
      Locals:         0       0       0       0       0       0       0       0       0
      Temps:          4       0       0       0       0       0       0       0       0
      Totals:         6       0       0       0       0       0       0       0       0
Total ram usage:        6 bytes
 Hardware stack levels used:    1
 Hardware stack levels required when called:    3
 This function calls:
		Nothing
 This function is called by:
		___strtoxl
 This function uses a non-reentrant model


 *************** function ___lmul *****************
 Defined at:
		line 15 in file "C:\Program Files (x86)\Microchip\xc8\v2.05\pic\sources\c99\common\Umul32.c"
 Parameters:    Size  Location     Type
  multiplier      4   25[COMRAM] unsigned long 
  multiplicand    4   29[COMRAM] unsigned long 
 Auto vars:     Size  Location     Type
  product         4   33[COMRAM] unsigned long 
 Return value:  Size  Location     Type
                  4   25[COMRAM] unsigned long 
 Registers used:
		wreg, status,2, status,0
 Tracked objects:
		On entry : 
		On exit  : 
		Unchanged: 
 Data sizes:     COMRAM   BANK0   BANK1   BANK2   BANK3   BANK4   BANK5   BANK6   BANK7
      Params:         8       0       0       0       0       0       0       0       0
      Locals:         4       0       0       0       0       0       0       0       0
      Temps:          0       0       0       0       0       0       0       0       0
      Totals:        12       0       0       0       0       0       0       0       0
Total ram usage:       12 bytes
 Hardware stack levels used:    1
 Hardware stack levels required when called:    3
 This function calls:
		Nothing
 This function is called by:
		___strtoxl
 This function uses a non-reentrant model


 *************** function _strstr *****************
 Defined at:
		line 143 in file "C:\Program Files (x86)\Microchip\xc8\v2.05\pic\sources\c99\common\strstr.c"
 Parameters:    Size  Location     Type
  h               2   36[COMRAM] PTR const unsigned char 
		 -> NULL(0), RX_buffer(500), 
  n               2   38[COMRAM] PTR const unsigned char 
		 -> STR_24(12), STR_23(12), STR_20(10), STR_19(10), 
		 -> STR_17(5), STR_15(12), STR_13(4), STR_12(10), 
		 -> STR_10(4), STR_7(4), STR_3(4), NULL(0), 
 Auto vars:     Size  Location     Type
  nl              2   40[COMRAM] unsigned int 
 Return value:  Size  Location     Type
                  2   36[COMRAM] PTR unsigned char 
 Registers used:
		wreg, fsr1l, fsr1h, fsr2l, fsr2h, status,2, status,0, tblptrl, tblptrh, tblptru, cstack
 Tracked objects:
		On entry : 
		On exit  : 
		Unchanged: 
 Data sizes:     COMRAM   BANK0   BANK1   BANK2   BANK3   BANK4   BANK5   BANK6   BANK7
      Params:         4       0       0       0       0       0       0       0       0
      Locals:         2       0       0       0       0       0       0       0       0
      Temps:          0       0       0       0       0       0       0       0       0
      Totals:         6       0       0       0       0       0       0       0       0
Total ram usage:        6 bytes
 Hardware stack levels used:    1
 Hardware stack levels required when called:    4
 This function calls:
		_strchr
		_strlen
		_strncmp
 This function is called by:
		_packetHandler
 This function uses a non-reentrant model


 *************** function _strncmp *****************
 Defined at:
		line 3 in file "C:\Program Files (x86)\Microchip\xc8\v2.05\pic\sources\c99\common\strncmp.c"
 Parameters:    Size  Location     Type
  _l              2   25[COMRAM] PTR const unsigned char 
		 -> NULL(0), RX_buffer(500), 
  _r              2   27[COMRAM] PTR const unsigned char 
		 -> STR_24(12), STR_23(12), STR_20(10), STR_19(10), 
		 -> STR_17(5), STR_15(12), STR_13(4), STR_12(10), 
		 -> STR_10(4), STR_7(4), STR_3(4), NULL(0), 
  n               2   29[COMRAM] unsigned int 
 Auto vars:     Size  Location     Type
  r               2   34[COMRAM] PTR const unsigned char 
		 -> STR_24(12), STR_23(12), STR_20(10), STR_19(10), 
		 -> STR_17(5), STR_15(12), STR_13(4), STR_12(10), 
		 -> STR_10(4), STR_7(4), STR_3(4), NULL(0), 
  l               2   32[COMRAM] PTR const unsigned char 
		 -> NULL(0), RX_buffer(500), 
 Return value:  Size  Location     Type
                  2   25[COMRAM] int 
 Registers used:
		wreg, fsr2l, fsr2h, status,2, status,0, tblptrl, tblptrh, tblptru
 Tracked objects:
		On entry : 
		On exit  : 
		Unchanged: 
 Data sizes:     COMRAM   BANK0   BANK1   BANK2   BANK3   BANK4   BANK5   BANK6   BANK7
      Params:         6       0       0       0       0       0       0       0       0
      Locals:         4       0       0       0       0       0       0       0       0
      Temps:          1       0       0       0       0       0       0       0       0
      Totals:        11       0       0       0       0       0       0       0       0
Total ram usage:       11 bytes
 Hardware stack levels used:    1
 Hardware stack levels required when called:    3
 This function calls:
		Nothing
 This function is called by:
		_strstr
 This function uses a non-reentrant model


 *************** function _strchr *****************
 Defined at:
		line 7 in file "C:\Program Files (x86)\Microchip\xc8\v2.05\pic\sources\c99\common\strchr.c"
 Parameters:    Size  Location     Type
  s               2   25[COMRAM] PTR const unsigned char 
		 -> NULL(0), RX_buffer(500), 
  c               2   27[COMRAM] int 
 Auto vars:     Size  Location     Type
		None
 Return value:  Size  Location     Type
                  2   25[COMRAM] PTR unsigned char 
 Registers used:
		wreg, fsr2l, fsr2h, status,2, status,0
 Tracked objects:
		On entry : 
		On exit  : 
		Unchanged: 
 Data sizes:     COMRAM   BANK0   BANK1   BANK2   BANK3   BANK4   BANK5   BANK6   BANK7
      Params:         4       0       0       0       0       0       0       0       0
      Locals:         0       0       0       0       0       0       0       0       0
      Temps:          1       0       0       0       0       0       0       0       0
      Totals:         5       0       0       0       0       0       0       0       0
Total ram usage:        5 bytes
 Hardware stack levels used:    1
 Hardware stack levels required when called:    3
 This function calls:
		Nothing
 This function is called by:
		_strstr
 This function uses a non-reentrant model


 *************** function _sprintf *****************
 Defined at:
		line 9 in file "C:\Program Files (x86)\Microchip\xc8\v2.05\pic\sources\c99\common\nf_sprintf.c"
 Parameters:    Size  Location     Type
  s               2    0[BANK1 ] PTR unsigned char 
		 -> packetHandler@answer_1087(50), name(50), packetHandler@answer_1080(50), packetHandler@answer(20), 
  fmt             2    2[BANK1 ] PTR const unsigned char 
		 -> STR_27(20), STR_26(5), STR_22(16), STR_18(23), 
 Auto vars:     Size  Location     Type
  f               6   12[BANK1 ] struct _IO_FILE
  ap              2   10[BANK1 ] PTR void [1]
		 -> ?_sprintf(2), 
  ret             2    0        int 
 Return value:  Size  Location     Type
                  2    0[BANK1 ] int 
 Registers used:
		wreg, fsr1l, fsr1h, fsr2l, fsr2h, status,2, status,0, tblptrl, tblptrh, tblptru, cstack
 Tracked objects:
		On entry : 
		On exit  : 
		Unchanged: 
 Data sizes:     COMRAM   BANK0   BANK1   BANK2   BANK3   BANK4   BANK5   BANK6   BANK7
      Params:         0       0       8       0       0       0       0       0       0
      Locals:         0       0      10       0       0       0       0       0       0
      Temps:          0       0       0       0       0       0       0       0       0
      Totals:         0       0      18       0       0       0       0       0       0
Total ram usage:       18 bytes
 Hardware stack levels used:    1
 Hardware stack levels required when called:   10
 This function calls:
		_vfprintf
 This function is called by:
		_packetHandler
 This function uses a non-reentrant model


 *************** function _vfprintf *****************
 Defined at:
		line 1368 in file "C:\Program Files (x86)\Microchip\xc8\v2.05\pic\sources\c99\common\doprnt.c"
 Parameters:    Size  Location     Type
  fp              2   64[BANK0 ] PTR struct _IO_FILE
		 -> sprintf@f(6), 
  fmt             2   66[BANK0 ] PTR const unsigned char 
		 -> STR_27(20), STR_26(5), STR_22(16), STR_18(23), 
  ap              2   68[BANK0 ] PTR PTR void 
		 -> sprintf@ap(2), 
 Auto vars:     Size  Location     Type
  cfmt            2   70[BANK0 ] PTR unsigned char 
		 -> STR_27(20), STR_26(5), STR_22(16), STR_18(23), 
 Return value:  Size  Location     Type
                  2   64[BANK0 ] int 
 Registers used:
		wreg, fsr1l, fsr1h, fsr2l, fsr2h, status,2, status,0, tblptrl, tblptrh, tblptru, cstack
 Tracked objects:
		On entry : 
		On exit  : 
		Unchanged: 
 Data sizes:     COMRAM   BANK0   BANK1   BANK2   BANK3   BANK4   BANK5   BANK6   BANK7
      Params:         0       6       0       0       0       0       0       0       0
      Locals:         0       2       0       0       0       0       0       0       0
      Temps:          0       0       0       0       0       0       0       0       0
      Totals:         0       8       0       0       0       0       0       0       0
Total ram usage:        8 bytes
 Hardware stack levels used:    1
 Hardware stack levels required when called:    9
 This function calls:
		_vfpfcnvrt
 This function is called by:
		_sprintf
 This function uses a non-reentrant model


 *************** function _vfpfcnvrt *****************
 Defined at:
		line 670 in file "C:\Program Files (x86)\Microchip\xc8\v2.05\pic\sources\c99\common\doprnt.c"
 Parameters:    Size  Location     Type
  fp              2   46[BANK0 ] PTR struct _IO_FILE
		 -> sprintf@f(6), 
  fmt             2   48[BANK0 ] PTR PTR unsigned char 
		 -> vfprintf@cfmt(2), 
  ap              2   50[BANK0 ] PTR PTR void 
		 -> sprintf@ap(2), 
 Auto vars:     Size  Location     Type
  ll              8   54[BANK0 ] long long 
  llu             8    0        unsigned long long 
  f               4    0        unsigned long long 
  vp              3    0        PTR void 
  ct              3    0        unsigned char [3]
  cp              2   62[BANK0 ] PTR unsigned char 
		 -> ?_sprintf(2), NULL(0), RX_buffer(500), 
  i               2    0        int 
  done            2    0        int 
  c               1    0        unsigned char 
 Return value:  Size  Location     Type
                  2   46[BANK0 ] int 
 Registers used:
		wreg, fsr1l, fsr1h, fsr2l, fsr2h, status,2, status,0, tblptrl, tblptrh, tblptru, cstack
 Tracked objects:
		On entry : 
		On exit  : 
		Unchanged: 
 Data sizes:     COMRAM   BANK0   BANK1   BANK2   BANK3   BANK4   BANK5   BANK6   BANK7
      Params:         0       6       0       0       0       0       0       0       0
      Locals:         0      10       0       0       0       0       0       0       0
      Temps:          0       2       0       0       0       0       0       0       0
      Totals:         0      18       0       0       0       0       0       0       0
Total ram usage:       18 bytes
 Hardware stack levels used:    1
 Hardware stack levels required when called:    8
 This function calls:
		_dtoa
		_fputc
		_stoa
 This function is called by:
		_vfprintf
 This function uses a non-reentrant model


 *************** function _stoa *****************
 Defined at:
		line 546 in file "C:\Program Files (x86)\Microchip\xc8\v2.05\pic\sources\c99\common\doprnt.c"
 Parameters:    Size  Location     Type
  fp              2   34[COMRAM] PTR struct _IO_FILE
		 -> sprintf@f(6), 
  s               2   36[COMRAM] PTR unsigned char 
		 -> ?_sprintf(2), NULL(0), RX_buffer(500), 
 Auto vars:     Size  Location     Type
  nuls            7    0[BANK0 ] unsigned char [7]
  l               2   15[BANK0 ] int 
  p               2   13[BANK0 ] int 
  cp              2   11[BANK0 ] PTR unsigned char 
		 -> ?_sprintf(2), stoa@nuls(7), NULL(0), RX_buffer(500), 
  w               2    9[BANK0 ] int 
  i               2    7[BANK0 ] int 
 Return value:  Size  Location     Type
                  2   34[COMRAM] int 
 Registers used:
		wreg, fsr1l, fsr1h, fsr2l, fsr2h, status,2, status,0, tblptrl, tblptrh, tblptru, cstack
 Tracked objects:
		On entry : 
		On exit  : 
		Unchanged: 
 Data sizes:     COMRAM   BANK0   BANK1   BANK2   BANK3   BANK4   BANK5   BANK6   BANK7
      Params:         4       0       0       0       0       0       0       0       0
      Locals:         0      17       0       0       0       0       0       0       0
      Temps:          1       0       0       0       0       0       0       0       0
      Totals:         5      17       0       0       0       0       0       0       0
Total ram usage:       22 bytes
 Hardware stack levels used:    1
 Hardware stack levels required when called:    5
 This function calls:
		_fputc
		_strlen
 This function is called by:
		_vfpfcnvrt
 This function uses a non-reentrant model


 *************** function _dtoa *****************
 Defined at:
		line 274 in file "C:\Program Files (x86)\Microchip\xc8\v2.05\pic\sources\c99\common\doprnt.c"
 Parameters:    Size  Location     Type
  fp              2   10[BANK0 ] PTR struct _IO_FILE
		 -> sprintf@f(6), 
  d               8   12[BANK0 ] long long 
 Auto vars:     Size  Location     Type
  n               8   36[BANK0 ] long long 
  i               2   44[BANK0 ] int 
  s               2   34[BANK0 ] int 
  w               2   32[BANK0 ] int 
  p               2   30[BANK0 ] int 
 Return value:  Size  Location     Type
                  2   10[BANK0 ] int 
 Registers used:
		wreg, fsr1l, fsr1h, fsr2l, fsr2h, status,2, status,0, tblptrl, tblptrh, tblptru, cstack
 Tracked objects:
		On entry : 
		On exit  : 
		Unchanged: 
 Data sizes:     COMRAM   BANK0   BANK1   BANK2   BANK3   BANK4   BANK5   BANK6   BANK7
      Params:         0      10       0       0       0       0       0       0       0
      Locals:         0      18       0       0       0       0       0       0       0
      Temps:          0       8       0       0       0       0       0       0       0
      Totals:         0      36       0       0       0       0       0       0       0
Total ram usage:       36 bytes
 Hardware stack levels used:    1
 Hardware stack levels required when called:    7
 This function calls:
		___aodiv
		___aomod
		_abs
		_pad
 This function is called by:
		_vfpfcnvrt
 This function uses a non-reentrant model


 *************** function _pad *****************
 Defined at:
		line 72 in file "C:\Program Files (x86)\Microchip\xc8\v2.05\pic\sources\c99\common\doprnt.c"
 Parameters:    Size  Location     Type
  fp              2    0[BANK0 ] PTR struct _IO_FILE
		 -> sprintf@f(6), 
  buf             2    2[BANK0 ] PTR unsigned char 
		 -> dbuf(32), 
  p               2    4[BANK0 ] int 
 Auto vars:     Size  Location     Type
  w               2   44[COMRAM] int 
  i               2   42[COMRAM] int 
 Return value:  Size  Location     Type
                  2    0[BANK0 ] int 
 Registers used:
		wreg, fsr1l, fsr1h, fsr2l, fsr2h, status,2, status,0, tblptrl, tblptrh, tblptru, cstack
 Tracked objects:
		On entry : 
		On exit  : 
		Unchanged: 
 Data sizes:     COMRAM   BANK0   BANK1   BANK2   BANK3   BANK4   BANK5   BANK6   BANK7
      Params:         0       6       0       0       0       0       0       0       0
      Locals:         4       0       0       0       0       0       0       0       0
      Temps:          1       0       0       0       0       0       0       0       0
      Totals:         5       6       0       0       0       0       0       0       0
Total ram usage:       11 bytes
 Hardware stack levels used:    1
 Hardware stack levels required when called:    6
 This function calls:
		_fputc
		_fputs
		_strlen
 This function is called by:
		_dtoa
 This function uses a non-reentrant model


 *************** function _fputs *****************
 Defined at:
		line 8 in file "C:\Program Files (x86)\Microchip\xc8\v2.05\pic\sources\c99\common\nf_fputs.c"
 Parameters:    Size  Location     Type
  s               2   34[COMRAM] PTR const unsigned char 
		 -> dbuf(32), 
  fp              2   36[COMRAM] PTR struct _IO_FILE
		 -> sprintf@f(6), 
 Auto vars:     Size  Location     Type
  i               2   39[COMRAM] int 
  c               1   38[COMRAM] unsigned char 
 Return value:  Size  Location     Type
                  2   34[COMRAM] int 
 Registers used:
		wreg, fsr1l, fsr1h, fsr2l, fsr2h, status,2, status,0, cstack
 Tracked objects:
		On entry : 
		On exit  : 
		Unchanged: 
 Data sizes:     COMRAM   BANK0   BANK1   BANK2   BANK3   BANK4   BANK5   BANK6   BANK7
      Params:         4       0       0       0       0       0       0       0       0
      Locals:         3       0       0       0       0       0       0       0       0
      Temps:          0       0       0       0       0       0       0       0       0
      Totals:         7       0       0       0       0       0       0       0       0
Total ram usage:        7 bytes
 Hardware stack levels used:    1
 Hardware stack levels required when called:    5
 This function calls:
		_fputc
 This function is called by:
		_pad
 This function uses a non-reentrant model


 *************** function _fputc *****************
 Defined at:
		line 8 in file "C:\Program Files (x86)\Microchip\xc8\v2.05\pic\sources\c99\common\nf_fputc.c"
 Parameters:    Size  Location     Type
  c               2   25[COMRAM] int 
  fp              2   27[COMRAM] PTR struct _IO_FILE
		 -> sprintf@f(6), 
 Auto vars:     Size  Location     Type
		None
 Return value:  Size  Location     Type
                  2   25[COMRAM] int 
 Registers used:
		wreg, fsr1l, fsr1h, fsr2l, fsr2h, status,2, status,0, cstack
 Tracked objects:
		On entry : 
		On exit  : 
		Unchanged: 
 Data sizes:     COMRAM   BANK0   BANK1   BANK2   BANK3   BANK4   BANK5   BANK6   BANK7
      Params:         4       0       0       0       0       0       0       0       0
      Locals:         0       0       0       0       0       0       0       0       0
      Temps:          5       0       0       0       0       0       0       0       0
      Totals:         9       0       0       0       0       0       0       0       0
Total ram usage:        9 bytes
 Hardware stack levels used:    1
 Hardware stack levels required when called:    4
 This function calls:
		_putch
 This function is called by:
		_pad
		_stoa
		_vfpfcnvrt
		_fputs
 This function uses a non-reentrant model


 *************** function _putch *****************
 Defined at:
		line 7 in file "C:\Program Files (x86)\Microchip\xc8\v2.05\pic\sources\c99\common\putch.c"
 Parameters:    Size  Location     Type
  c               1    wreg     unsigned char 
 Auto vars:     Size  Location     Type
  c               1    0[COMRAM] unsigned char 
 Return value:  Size  Location     Type
                  1    wreg      void 
 Registers used:
		wreg
 Tracked objects:
		On entry : 
		On exit  : 
		Unchanged: 
 Data sizes:     COMRAM   BANK0   BANK1   BANK2   BANK3   BANK4   BANK5   BANK6   BANK7
      Params:         0       0       0       0       0       0       0       0       0
[...]
 Registers used:
		wreg, fsr1l, fsr1h, status,2, status,0, tblptrl, tblptrh, tblptru
 Tracked objects:
		On entry : 
		On exit  : 
		Unchanged: 
 Data sizes:     COMRAM   BANK0   BANK1   BANK2   BANK3   BANK4   BANK5   BANK6   BANK7
      Params:         2       0       0       0       0       0       0       0       0
      Locals:         2       0       0       0       0       0       0       0       0
      Temps:          0       0       0       0       0       0       0       0       0
      Totals:         4       0       0       0       0       0       0       0       0
Total ram usage:        4 bytes
 Hardware stack levels used:    1
 Hardware stack levels required when called:    3
 This function calls:
		Nothing
 This function is called by:
		_UART_Write_String
		_packetHandler
		_pad
		_stoa
		_strstr
 This function uses a non-reentrant model


 *************** function _UART_Write *****************
 Defined at:
		line 148 in file "main_ble.c"
 Parameters:    Size  Location     Type
  data            1    wreg     unsigned char 
 Auto vars:     Size  Location     Type
  data            1   25[COMRAM] unsigned char 
 Return value:  Size  Location     Type
                  1    wreg      void 
 Registers used:
		wreg, status,2
 Tracked objects:
		On entry : 
		On exit  : 
		Unchanged: 
 Data sizes:     COMRAM   BANK0   BANK1   BANK2   BANK3   BANK4   BANK5   BANK6   BANK7
      Params:         0       0       0       0       0       0       0       0       0
      Locals:         1       0       0       0       0       0       0       0       0
      Temps:          0       0       0       0       0       0       0       0       0
      Totals:         1       0       0       0       0       0       0       0       0
Total ram usage:        1 bytes
 Hardware stack levels used:    1
 Hardware stack levels required when called:    3
 This function calls:
		Nothing
 This function is called by:
		_UART_Write_String
 This function uses a non-reentrant model


 *************** function _UART_Init *****************
 Defined at:
		line 112 in file "main_ble.c"
 Parameters:    Size  Location     Type
		None
 Auto vars:     Size  Location     Type
		None
 Return value:  Size  Location     Type
                  1    wreg      void 
 Registers used:
		wreg, status,2
 Tracked objects:
		On entry : 
		On exit  : 
		Unchanged: 
 Data sizes:     COMRAM   BANK0   BANK1   BANK2   BANK3   BANK4   BANK5   BANK6   BANK7
      Params:         0       0       0       0       0       0       0       0       0
      Locals:         0       0       0       0       0       0       0       0       0
      Temps:          0       0       0       0       0       0       0       0       0
      Totals:         0       0       0       0       0       0       0       0       0
Total ram usage:        0 bytes
 Hardware stack levels used:    1
 Hardware stack levels required when called:    3
 This function calls:
		Nothing
 This function is called by:
		_main
 This function uses a non-reentrant model


 *************** function _SYSTEM_Initialize *****************
 Defined at:
		line 50 in file "mcc_generated_files/mcc.c"
 Parameters:    Size  Location     Type
		None
 Auto vars:     Size  Location     Type
		None
 Return value:  Size  Location     Type
                  1    wreg      void 
 Registers used:
		wreg, status,2, cstack
 Tracked objects:
		On entry : 
		On exit  : 
		Unchanged: 
 Data sizes:     COMRAM   BANK0   BANK1   BANK2   BANK3   BANK4   BANK5   BANK6   BANK7
      Params:         0       0       0       0       0       0       0       0       0
      Locals:         0       0       0       0       0       0       0       0       0
      Temps:          0       0       0       0       0       0       0       0       0
      Totals:         0       0       0       0       0       0       0       0       0
Total ram usage:        0 bytes
 Hardware stack levels used:    1
 Hardware stack levels required when called:    4
 This function calls:
		_OSCILLATOR_Initialize
		_PIN_MANAGER_Initialize
 This function is called by:
		_main
 This function uses a non-reentrant model


 *************** function _PIN_MANAGER_Initialize *****************
 Defined at:
		line 55 in file "mcc_generated_files/pin_manager.c"
 Parameters:    Size  Location     Type
		None
 Auto vars:     Size  Location     Type
		None
 Return value:  Size  Location     Type
                  1    wreg      void 
 Registers used:
		wreg, status,2
 Tracked objects:
		On entry : 
		On exit  : 
		Unchanged: 
 Data sizes:     COMRAM   BANK0   BANK1   BANK2   BANK3   BANK4   BANK5   BANK6   BANK7
      Params:         0       0       0       0       0       0       0       0       0
      Locals:         0       0       0       0       0       0       0       0       0
      Temps:          0       0       0       0       0       0       0       0       0
      Totals:         0       0       0       0       0       0       0       0       0
Total ram usage:        0 bytes
 Hardware stack levels used:    1
 Hardware stack levels required when called:    3
 This function calls:
		Nothing
 This function is called by:
		_SYSTEM_Initialize
 This function uses a non-reentrant model


 *************** function _OSCILLATOR_Initialize *****************
 Defined at:
		line 57 in file "mcc_generated_files/mcc.c"
 Parameters:    Size  Location     Type
		None
 Auto vars:     Size  Location     Type
		None
 Return value:  Size  Location     Type
                  1    wreg      void 
 Registers used:
		wreg, status,2
 Tracked objects:
		On entry : 
		On exit  : 
		Unchanged: 
 Data sizes:     COMRAM   BANK0   BANK1   BANK2   BANK3   BANK4   BANK5   BANK6   BANK7
      Params:         0       0       0       0       0       0       0       0       0
      Locals:         0       0       0       0       0       0       0       0       0
      Temps:          0       0       0       0       0       0       0       0       0
      Totals:         0       0       0       0       0       0       0       0       0
Total ram usage:        0 bytes
 Hardware stack levels used:    1
 Hardware stack levels required when called:    3
 This function calls:
		Nothing
 This function is called by:
		_SYSTEM_Initialize
 This function uses a non-reentrant model


 *************** function _high_ISR *****************
 Defined at:
		line 50 in file "main_ble.c"
 Parameters:    Size  Location     Type
		None
 Auto vars:     Size  Location     Type
		None
 Return value:  Size  Location     Type
                  1    wreg      void 
 Registers used:
		wreg, fsr1l, fsr1h, fsr2l, fsr2h, status,2, status,0, tblptrl, tblptrh, tblptru, cstack
 Tracked objects:
		On entry : 
		On exit  : 
		Unchanged: 
 Data sizes:     COMRAM   BANK0   BANK1   BANK2   BANK3   BANK4   BANK5   BANK6   BANK7
      Params:         0       0       0       0       0       0       0       0       0
      Locals:         0       0       0       0       0       0       0       0       0
      Temps:          8       0       0       0       0       0       0       0       0
      Totals:         8       0       0       0       0       0       0       0       0
Total ram usage:        8 bytes
 Hardware stack levels used:    1
 Hardware stack levels required when called:    2
 This function calls:
		i2_strstr
 This function is called by:
		Interrupt level 2
 This function uses a non-reentrant model


 *************** function i2_strstr *****************
 Defined at:
		line 143 in file "C:\Program Files (x86)\Microchip\xc8\v2.05\pic\sources\c99\common\strstr.c"
 Parameters:    Size  Location     Type
  h               2   11[COMRAM] PTR const unsigned char 
		 -> NULL(0), RX_buffer(500), 
  n               2   13[COMRAM] PTR const unsigned char 
		 -> STR_24(12), STR_23(12), STR_20(10), STR_19(10), 
		 -> STR_17(5), STR_15(12), STR_13(4), STR_12(10), 
		 -> STR_10(4), STR_7(4), STR_3(4), NULL(0), 
 Auto vars:     Size  Location     Type
  strstr          2   15[COMRAM] unsigned int 
 Return value:  Size  Location     Type
                  2   11[COMRAM] PTR unsigned char 
 Registers used:
		wreg, fsr1l, fsr1h, fsr2l, fsr2h, status,2, status,0, tblptrl, tblptrh, tblptru, cstack
 Tracked objects:
		On entry : 
		On exit  : 
		Unchanged: 
 Data sizes:     COMRAM   BANK0   BANK1   BANK2   BANK3   BANK4   BANK5   BANK6   BANK7
      Params:         4       0       0       0       0       0       0       0       0
      Locals:         2       0       0       0       0       0       0       0       0
      Temps:          0       0       0       0       0       0       0       0       0
      Totals:         6       0       0       0       0       0       0       0       0
Total ram usage:        6 bytes
 Hardware stack levels used:    1
 Hardware stack levels required when called:    1
 This function calls:
		i2_strchr
		i2_strlen
		i2_strncmp
 This function is called by:
		_high_ISR
 This function uses a non-reentrant model


 *************** function i2_strncmp *****************
 Defined at:
		line 3 in file "C:\Program Files (x86)\Microchip\xc8\v2.05\pic\sources\c99\common\strncmp.c"
 Parameters:    Size  Location     Type
  _l              2    0[COMRAM] PTR const unsigned char 
		 -> NULL(0), RX_buffer(500), 
  _r              2    2[COMRAM] PTR const unsigned char 
		 -> STR_24(12), STR_23(12), STR_20(10), STR_19(10), 
		 -> STR_17(5), STR_15(12), STR_13(4), STR_12(10), 
		 -> STR_10(4), STR_7(4), STR_3(4), NULL(0), 
  n               2    4[COMRAM] unsigned int 
 Auto vars:     Size  Location     Type
  strncmp         2    9[COMRAM] PTR const unsigned char 
		 -> STR_24(12), STR_23(12), STR_20(10), STR_19(10), 
		 -> STR_17(5), STR_15(12), STR_13(4), STR_12(10), 
		 -> STR_10(4), STR_7(4), STR_3(4), NULL(0), 
  strncmp         2    7[COMRAM] PTR const unsigned char 
		 -> NULL(0), RX_buffer(500), 
 Return value:  Size  Location     Type
                  2    0[COMRAM] int 
 Registers used:
		wreg, fsr2l, fsr2h, status,2, status,0, tblptrl, tblptrh, tblptru
 Tracked objects:
		On entry : 
		On exit  : 
		Unchanged: 
 Data sizes:     COMRAM   BANK0   BANK1   BANK2   BANK3   BANK4   BANK5   BANK6   BANK7
      Params:         6       0       0       0       0       0       0       0       0
      Locals:         4       0       0       0       0       0       0       0       0
      Temps:          1       0       0       0       0       0       0       0       0
      Totals:        11       0       0       0       0       0       0       0       0
Total ram usage:       11 bytes
 Hardware stack levels used:    1
 This function calls:
		Nothing
 This function is called by:
		i2_strstr
 This function uses a non-reentrant model


 *************** function i2_strlen *****************
 Defined at:
		line 12 in file "C:\Program Files (x86)\Microchip\xc8\v2.05\pic\sources\c99\common\strlen.c"
 Parameters:    Size  Location     Type
  s               2    0[COMRAM] PTR const unsigned char 
		 -> ?_sprintf(2), stoa@nuls(7), dbuf(32), packetHandler@answer_1087(50), 
		 -> name(50), STR_25(12), STR_24(12), STR_23(12), 
		 -> packetHandler@answer_1080(50), STR_21(10), STR_20(10), STR_19(10), 
		 -> packetHandler@answer(20), STR_17(5), STR_16(16), STR_15(12), 
		 -> STR_14(7), STR_13(4), STR_12(10), STR_11(5), 
		 -> STR_10(4), STR_9(2), STR_8(4), STR_7(4), 
		 -> STR_6(7), STR_5(2), STR_4(3), STR_3(4), 
		 -> STR_2(4), STR_1(7), NULL(0), RX_buffer(500), 
 Auto vars:     Size  Location     Type
  strlen          2    2[COMRAM] PTR const unsigned char 
		 -> ?_sprintf(2), stoa@nuls(7), dbuf(32), packetHandler@answer_1087(50), 
		 -> name(50), STR_25(12), STR_24(12), STR_23(12), 
		 -> packetHandler@answer_1080(50), STR_21(10), STR_20(10), STR_19(10), 
		 -> packetHandler@answer(20), STR_17(5), STR_16(16), STR_15(12), 
		 -> STR_14(7), STR_13(4), STR_12(10), STR_11(5), 
		 -> STR_10(4), STR_9(2), STR_8(4), STR_7(4), 
		 -> STR_6(7), STR_5(2), STR_4(3), STR_3(4), 
		 -> STR_2(4), STR_1(7), NULL(0), RX_buffer(500), 
 Return value:  Size  Location     Type
                  2    0[COMRAM] unsigned int 
 Registers used:
		wreg, fsr1l, fsr1h, status,2, status,0, tblptrl, tblptrh, tblptru
 Tracked objects:
		On entry : 
		On exit  : 
		Unchanged: 
 Data sizes:     COMRAM   BANK0   BANK1   BANK2   BANK3   BANK4   BANK5   BANK6   BANK7
      Params:         2       0       0       0       0       0       0       0       0
      Locals:         2       0       0       0       0       0       0       0       0
      Temps:          0       0       0       0       0       0       0       0       0
      Totals:         4       0       0       0       0       0       0       0       0
Total ram usage:        4 bytes
 Hardware stack levels used:    1
 This function calls:
		Nothing
 This function is called by:
		i2_strstr
 This function uses a non-reentrant model


 *************** function i2_strchr *****************
 Defined at:
		line 7 in file "C:\Program Files (x86)\Microchip\xc8\v2.05\pic\sources\c99\common\strchr.c"
 Parameters:    Size  Location     Type
  s               2    0[COMRAM] PTR const unsigned char 
		 -> NULL(0), RX_buffer(500), 
  c               2    2[COMRAM] int 
 Auto vars:     Size  Location     Type
		None
 Return value:  Size  Location     Type
                  2    0[COMRAM] PTR unsigned char 
 Registers used:
		wreg, fsr2l, fsr2h, status,2, status,0
 Tracked objects:
		On entry : 
		On exit  : 
		Unchanged: 
 Data sizes:     COMRAM   BANK0   BANK1   BANK2   BANK3   BANK4   BANK5   BANK6   BANK7
      Params:         4       0       0       0       0       0       0       0       0
      Locals:         0       0       0       0       0       0       0       0       0
      Temps:          1       0       0       0       0       0       0       0       0
      Totals:         5       0       0       0       0       0       0       0       0
Total ram usage:        5 bytes
 Hardware stack levels used:    1
 This function calls:
		Nothing
 This function is called by:
		i2_strstr
 This function uses a non-reentrant model



MODULE INFORMATION

Module		Function		Class		Link	Load	Size
C:\Program Files (x86)\Microchip\xc8\v2.05\pic\sources\c99\common\Umul32.c
		___lmul        		CODE           	25FC	0000	87

C:\Program Files (x86)\Microchip\xc8\v2.05\pic\sources\c99\common\Umul32.c estimated size: 87

main_ble.c
		_UART_Write_String		CODE           	2594	0000	105
		_RN4870_changeName		CODE           	200C	0000	225
		_UART_Init     		CODE           	2A02	0000	37
		_main          		CODE           	2492	0000	137
		_high_ISR      		CODE           	1008	0000	147
		_packetHandler 		CODE           	170A	0000	573
		_UART_Write    		CODE           	2A38	0000	17

main_ble.c estimated size: 1241

C:\Program Files (x86)\Microchip\xc8\v2.05\pic\sources\c99\common\putch.c
		_putch         		CODE           	2A5A	0000	3

C:\Program Files (x86)\Microchip\xc8\v2.05\pic\sources\c99\common\putch.c estimated size: 3

C:\Program Files (x86)\Microchip\xc8\v2.05\pic\sources\c99\common\__strtoxl.c
		___strtoxl     		CODE           	11B6	0000	783

C:\Program Files (x86)\Microchip\xc8\v2.05\pic\sources\c99\common\__strtoxl.c estimated size: 783

C:\Program Files (x86)\Microchip\xc8\v2.05\pic\sources\c99\common\nf_fputc.c
		_fputc         		CODE           	2230	0000	161

C:\Program Files (x86)\Microchip\xc8\v2.05\pic\sources\c99\common\nf_fputc.c estimated size: 161

C:\Program Files (x86)\Microchip\xc8\v2.05\pic\sources\c99\common\islower.c
		_islower       		CODE           	2978	0000	49

C:\Program Files (x86)\Microchip\xc8\v2.05\pic\sources\c99\common\islower.c estimated size: 49

mcc_generated_files/pin_manager.c
		_PIN_MANAGER_Initialize		CODE           	29D8	0000	43

mcc_generated_files/pin_manager.c estimated size: 43

C:\Program Files (x86)\Microchip\xc8\v2.05\pic\sources\c99\common\aodiv.c
		___aodiv       		CODE           	1B3A	0000	331

C:\Program Files (x86)\Microchip\xc8\v2.05\pic\sources\c99\common\aodiv.c estimated size: 331

C:\Program Files (x86)\Microchip\xc8\v2.05\pic\sources\c99\common\toupper.c
		_toupper       		CODE           	26FC	0000	75

C:\Program Files (x86)\Microchip\xc8\v2.05\pic\sources\c99\common\toupper.c estimated size: 75

C:\Program Files (x86)\Microchip\xc8\v2.05\pic\sources\c99\common\strlen.c
		_strlen        		CODE           	2746	0000	67

C:\Program Files (x86)\Microchip\xc8\v2.05\pic\sources\c99\common\strlen.c estimated size: 67

C:\Program Files (x86)\Microchip\xc8\v2.05\pic\sources\c99\common\strchr.c
		_strchr        		CODE           	2840	0000	55

C:\Program Files (x86)\Microchip\xc8\v2.05\pic\sources\c99\common\strchr.c estimated size: 55

C:\Program Files (x86)\Microchip\xc8\v2.05\pic\sources\c99\common\isspace.c
		_isspace       		CODE           	27CA	0000	63

C:\Program Files (x86)\Microchip\xc8\v2.05\pic\sources\c99\common\isspace.c estimated size: 63

C:\Program Files (x86)\Microchip\xc8\v2.05\pic\sources\c99\common\memset.c
		_memset        		CODE           	1DB6	0000	307

C:\Program Files (x86)\Microchip\xc8\v2.05\pic\sources\c99\common\memset.c estimated size: 307

C:\Program Files (x86)\Microchip\xc8\v2.05\pic\sources\c99\common\strncmp.c
		_strncmp       		CODE           	20EC	0000	163

C:\Program Files (x86)\Microchip\xc8\v2.05\pic\sources\c99\common\strncmp.c estimated size: 163

C:\Program Files (x86)\Microchip\xc8\v2.05\pic\sources\c99\common\strtol.c
		_strtol        		CODE           	2946	0000	51

C:\Program Files (x86)\Microchip\xc8\v2.05\pic\sources\c99\common\strtol.c estimated size: 51

C:\Program Files (x86)\Microchip\xc8\v2.05\pic\sources\c99\common\doprnt.c
		_vfpfcnvrt     		CODE           	1946	0000	501
		_pad           		CODE           	22D0	0000	155
		_dtoa          		CODE           	14C4	0000	583
		_vfprintf      		CODE           	2652	0000	87
		_stoa          		CODE           	1C84	0000	307

C:\Program Files (x86)\Microchip\xc8\v2.05\pic\sources\c99\common\doprnt.c estimated size: 1633

shared
		i2_strncmp     		CODE           	218E	0000	163
		__initialization		CODE           	251A	0000	109
		i2_strstr      		CODE           	23FE	0000	149
		i2_strchr      		CODE           	2876	0000	55
		i2_strlen      		CODE           	2788	0000	67

shared estimated size: 543

C:\Program Files (x86)\Microchip\xc8\v2.05\pic\sources\c99\common\isalpha.c
		_isalpha       		CODE           	28AC	0000	53

C:\Program Files (x86)\Microchip\xc8\v2.05\pic\sources\c99\common\isalpha.c estimated size: 53

mcc_generated_files/mcc.c
		_OSCILLATOR_Initialize		CODE           	2A26	0000	19
		_SYSTEM_Initialize		CODE           	2A48	0000	11

mcc_generated_files/mcc.c estimated size: 30

C:\Program Files (x86)\Microchip\xc8\v2.05\pic\sources\c99\common\nf_sprintf.c
		_sprintf       		CODE           	26A8	0000	85

C:\Program Files (x86)\Microchip\xc8\v2.05\pic\sources\c99\common\nf_sprintf.c estimated size: 85

C:\Program Files (x86)\Microchip\xc8\v2.05\pic\sources\c99\common\abs.c
		_abs           		CODE           	28E0	0000	53

C:\Program Files (x86)\Microchip\xc8\v2.05\pic\sources\c99\common\abs.c estimated size: 53

C:\Program Files (x86)\Microchip\xc8\v2.05\pic\sources\c99\common\nf_fputs.c
		_fputs         		CODE           	2808	0000	57

C:\Program Files (x86)\Microchip\xc8\v2.05\pic\sources\c99\common\nf_fputs.c estimated size: 57

C:\Program Files (x86)\Microchip\xc8\v2.05\pic\sources\c99\common\strstr.c
		_strstr        		CODE           	236A	0000	149

C:\Program Files (x86)\Microchip\xc8\v2.05\pic\sources\c99\common\strstr.c estimated size: 149

C:\Program Files (x86)\Microchip\xc8\v2.05\pic\sources\c99\common\isdigit.c
		_isdigit       		CODE           	29A8	0000	49

C:\Program Files (x86)\Microchip\xc8\v2.05\pic\sources\c99\common\isdigit.c estimated size: 49

C:\Program Files (x86)\Microchip\xc8\v2.05\pic\sources\c99\common\aomod.c
		___aomod       		CODE           	1EE8	0000	293

C:\Program Files (x86)\Microchip\xc8\v2.05\pic\sources\c99\common\aomod.c estimated size: 293

