Microchip MPLAB XC8 Compiler V2.05 ()

Linker command line:

-W-3 --edf=C:\Program Files (x86)\Microchip\xc8\v2.05\pic\dat\en_msgs.txt \
  -cs -h+dist/default/production\BLE_test.X.production.sym \
  --cmf=dist/default/production\BLE_test.X.production.cmf -z -Q18F25K50 \
  -oC:\Users\VINCEN~1\AppData\Local\Temp\s6mo.2 --defsym=__MPLAB_BUILD=1 \
  -Mdist/default/production/BLE_test.X.production.map -E1 -ver=XC8 \
  --acfsm=1493 -ASTACK=060h-060Bh -pstack=STACK -ACODE=01000h-07FFFh \
  -ACONST=01000h-07FFFh -ASMALLCONST=01000h-010FFhx112 \
  -AMEDIUMCONST=01000h-07FFFh -ACOMRAM=01h-05Fh -AABS1=00h-07FFh \
  -ABIGRAM=01h-07FFh -ARAM=060h-0FFh,0100h-01FFhx7 -ABANK0=060h-0FFh \
  -ABANK1=0100h-01FFh -ABANK2=0200h-02FFh -ABANK3=0300h-03FFh \
  -ABANK4=0400h-04FFh -ABANK5=0500h-05FFh -ABANK6=0600h-06FFh \
  -ABANK7=0700h-07FFh -ASFR=0F53h-0F5Fh,0F60h-0FFFh \
  -preset_vec=01000h,intcode=01008h,intcodelo,powerup,init -pramtop=0800h \
  -psmallconst=SMALLCONST -pmediumconst=MEDIUMCONST -pconst=CONST \
  -AFARRAM=00h-00h -ACONFIG=0300000h-030000Dh -pconfig=CONFIG \
  -AIDLOC=0200000h-0200007h -pidloc=IDLOC -AEEDATA=0F00000h-0F000FFh \
  -peeprom_data=EEDATA \
  -prdata=COMRAM,nvrram=COMRAM,nvbit=COMRAM,rbss=COMRAM,rbit=COMRAM \
  -pfarbss=FARRAM,fardata=FARRAM,nvFARRAM=FARRAM \
  -pintsave_regs=BIGRAM,bigbss=BIGRAM,bigdata=BIGRAM -pbss=RAM \
  -pidata=CODE,irdata=CODE,ibigdata=CODE,ifardata=CODE -prparam=COMRAM \
  C:\Users\VINCEN~1\AppData\Local\Temp\s6mo.o \
  dist/default/production\BLE_test.X.production.o 

Object code version is 3.11

Machine type is 18F25K50

Call graph: (short form)




                Name                               Link     Load   Length Selector   Space Scale
C:\Users\VINCEN~1\AppData\Local\Temp\s6mo.o
                init                               109A     109A        4      804       0
                reset_vec                          1000     1000        4      800       0
                idloc                            200000   200000        8   200000       0
                config                           300000   300000        E   300000       0
dist/default/production\BLE_test.X.production.o
                intcode                            1008     1008       92      804       0
                temp                                 38       38        1        1       1
                smallconst                         1100     1100       6E      880       0
                text18                             1884     1884       36      8B7       0
                text17                             17CC     17CC       42      8B7       0
                text16                             14DC     14DC       A2      8B7       0
                text15                             1612     1612       94      8B7       0
                text13                             191A     191A       10      8B7       0
                text12                             178A     178A       42      8B7       0
                text11                             1722     1722       68      8B7       0
                text10                             12A0     12A0       DA      8B7       0
                text9                              1908     1908       12      8B7       0
                text8                              18BA     18BA       2A      8B7       0
                text7                              192A     192A        A      8B7       0
                text6                              18E4     18E4       24      8B7       0
                text5                              116E     116E      132      8B7       0
                text4                              184E     184E       36      8B7       0
                text3                              143A     143A       A2      8B7       0
                text2                              157E     157E       94      8B7       0
                text1                              137A     137A       C0      8B7       0
                text0                              16A6     16A6       7C      8B7       0
                cstackCOMRAM                          1        1       2F        1       1
                bssBIGRAM                           60C      60C      1F4      60C       1
                dataCOMRAM                           37       37        1        1       1
                bssCOMRAM                            30       30        6        1       1
                cinit                              180E     180E       40      8B7       0
                nvCOMRAM                             36       36        1        1       1
                idataCOMRAM                        1934     1934        1      8B7       0

TOTAL           Name                               Link     Load   Length     Space
        CLASS   STACK          

        CLASS   CODE           
                intcode                            1008     1008       92         0
                init                               109A     109A        4         0
                reset_vec                          1000     1000        4         0
                text18                             1884     1884       36         0
                text17                             17CC     17CC       42         0
                text16                             14DC     14DC       A2         0
                text15                             1612     1612       94         0
                text13                             191A     191A       10         0
                text12                             178A     178A       42         0
                text11                             1722     1722       68         0
                text10                             12A0     12A0       DA         0
                text9                              1908     1908       12         0
                text8                              18BA     18BA       2A         0
                text7                              192A     192A        A         0
                text6                              18E4     18E4       24         0
                text5                              116E     116E      132         0
                text4                              184E     184E       36         0
                text3                              143A     143A       A2         0
                text2                              157E     157E       94         0
                text1                              137A     137A       C0         0
                text0                              16A6     16A6       7C         0
                cinit                              180E     180E       40         0
                idataCOMRAM                        1934     1934        1         0

        CLASS   CONST          

        CLASS   SMALLCONST     
                smallconst                         1100     1100       6E         0

        CLASS   MEDIUMCONST    

        CLASS   COMRAM         
                temp                                 38       38        1         1
                cstackCOMRAM                          1        1       2F         1
                dataCOMRAM                           37       37        1         1
                bssCOMRAM                            30       30        6         1
                nvCOMRAM                             36       36        1         1

        CLASS   ABS1           

        CLASS   BIGRAM         
                bssBIGRAM                           60C      60C      1F4         1

        CLASS   RAM            

        CLASS   BANK0          

        CLASS   BANK1          

        CLASS   BANK2          

        CLASS   BANK3          

        CLASS   BANK4          

        CLASS   BANK5          

        CLASS   BANK6          

        CLASS   BANK7          

        CLASS   SFR            

        CLASS   FARRAM         

        CLASS   CONFIG         
                config                           300000   300000        E         0

        CLASS   IDLOC          
                idloc                            200000   200000        8         0

        CLASS   EEDATA         



SEGMENTS        Name                           Load    Length   Top    Selector   Space  Class

                cstackCOMRAM                   000001  000038  000039         1       1  COMRAM  
                bssBIGRAM                      00060C  0001F4  000800       60C       1  BIGRAM  
                reset_vec                      001000  000004  001004       800       0  CODE    
                intcode                        001008  000096  00109E       804       0  CODE    
                smallconst                     001100  00006E  00116E       880       0  SMALLCON
                text5                          00116E  0007C7  001935       8B7       0  CODE    
                idloc                          200000  000008  200008    200000       0  IDLOC   
                config                         300000  00000E  30000E    300000       0  CONFIG  


UNUSED ADDRESS RANGES

        Name                Unused          Largest block    Delta
        BANK0            000060-0000FF               A0
        BANK1            000100-0001FF              100
        BANK2            000200-0002FF              100
        BANK3            000300-0003FF              100
        BANK4            000400-0004FF              100
        BANK5            000500-0005FF              100
        BANK6            000600-00060B                C
        BIGRAM           000039-00060B              5D3
        CODE             001004-001007                4
                         00109E-0010FF               62
                         001935-007FFF             66CB
        COMRAM           000039-00005F               27
        CONST            001004-001007                4
                         00109E-0010FF               62
                         001935-007FFF             66CB
        EEDATA           F00000-F000FF              100
        FARRAM           000000-000000                1
        MEDIUMCONST      001004-001007                4
                         00109E-0010FF               62
                         001935-007FFF             66CB
        RAM              000060-00060B              100
        SFR              000F53-000FFF                D
        SMALLCONST       001004-001007                4
                         00109E-0010FF               62
                         001935-007FFF              100
        STACK            000060-00060B              5AC

                                  Symbol Table

?_packetHandler                  cstackCOMRAM 00002B
?_strchr                         cstackCOMRAM 00001A
?_strlen                         cstackCOMRAM 00001A
?_strncmp                        cstackCOMRAM 00001A
?_strstr                         cstackCOMRAM 000025
?i2_strchr                       cstackCOMRAM 000001
?i2_strlen                       cstackCOMRAM 000001
?i2_strncmp                      cstackCOMRAM 000001
?i2_strstr                       cstackCOMRAM 00000C
RN4870_changeName@name           cstackCOMRAM 000026
UART_Write@data                  cstackCOMRAM 00001A
UART_Write_String@buffer         cstackCOMRAM 00001E
UART_Write_String@i              cstackCOMRAM 000022
UART_Write_String@size           cstackCOMRAM 000024
_ACTCON                          (abs)        000FB5
_ANSELA                          (abs)        000F5B
_ANSELB                          (abs)        000F5C
_ANSELC                          (abs)        000F5D
_BAUDCON1bits                    (abs)        000FB8
_INTCON2bits                     (abs)        000FF1
_INTCONbits                      (abs)        000FF2
_IPR1bits                        (abs)        000F9F
_LATA                            (abs)        000F89
_LATAbits                        (abs)        000F89
_LATB                            (abs)        000F8A
_LATBbits                        (abs)        000F8A
_LATC                            (abs)        000F8B
_OSCCON                          (abs)        000FD3
_OSCCON2                         (abs)        000FD2
_OSCILLATOR_Initialize           text9        001908
_OSCTUNE                         (abs)        000F9B
_PIE1bits                        (abs)        000F9D
_PIN_MANAGER_Initialize          text8        0018BA
_PIR1bits                        (abs)        000F9E
_PORTCbits                       (abs)        000F82
_RCONbits                        (abs)        000FD0
_RCREG1                          (abs)        000FAE
_RCSTA1bits                      (abs)        000FAB
_RN4870_changeName               text10       0012A0
_RX_buffer                       bssBIGRAM    00060C
_SPBRG1                          (abs)        000FAF
_SYSTEM_Initialize               text7        00192A
_TRISA                           (abs)        000F92
_TRISAbits                       (abs)        000F92
_TRISB                           (abs)        000F93
_TRISBbits                       (abs)        000F93
_TRISC                           (abs)        000F94
_TRISCbits                       (abs)        000F94
_TXREG1                          (abs)        000FAD
_TXSTA1bits                      (abs)        000FAC
_UART_Init                       text6        0018E4
_UART_RN4870_mode                dataCOMRAM   000037
_UART_RX                         bssCOMRAM    000035
_UART_Write                      text13       00191A
_UART_Write_String               text11       001722
_WPUB                            (abs)        000F85
__CFG_BOREN$SBORDIS              (abs)        000000
__CFG_BORV$190                   (abs)        000000
__CFG_CCP2MX$RC1                 (abs)        000000
__CFG_CFGPLLEN$ON                (abs)        000000
__CFG_CP0$OFF                    (abs)        000000
__CFG_CP1$OFF                    (abs)        000000
__CFG_CP2$OFF                    (abs)        000000
__CFG_CP3$OFF                    (abs)        000000
__CFG_CPB$OFF                    (abs)        000000
__CFG_CPD$OFF                    (abs)        000000
__CFG_CPUDIV$                    (abs)        000002
__CFG_DEBUG$OFF                  (abs)        000000
__CFG_EBTR0$OFF                  (abs)        000000
__CFG_EBTR1$OFF                  (abs)        000000
__CFG_EBTR2$OFF                  (abs)        000000
__CFG_EBTR3$OFF                  (abs)        000000
__CFG_EBTRB$OFF                  (abs)        000000
__CFG_FCMEN$OFF                  (abs)        000000
__CFG_FOSC$INTOSCIO              (abs)        000000
__CFG_ICPRT$OFF                  (abs)        000000
__CFG_IESO$OFF                   (abs)        000000
__CFG_LS48MHZ$SYS24X4            (abs)        000000
__CFG_LVP$ON                     (abs)        000000
__CFG_MCLRE$ON                   (abs)        000000
__CFG_PBADEN$OFF                 (abs)        000000
__CFG_PCLKEN$ON                  (abs)        000000
__CFG_PLLSEL$PLL3X               (abs)        000000
__CFG_SDOMX$RB3                  (abs)        000000
__CFG_STVREN$ON                  (abs)        000000
__CFG_T3CMX$RC0                  (abs)        000000
__CFG_WDTEN$OFF                  (abs)        000000
__CFG_WDTPS$32768                (abs)        000000
__CFG_WRT0$OFF                   (abs)        000000
__CFG_WRT1$OFF                   (abs)        000000
__CFG_WRT2$OFF                   (abs)        000000
__CFG_WRT3$OFF                   (abs)        000000
__CFG_WRTB$OFF                   (abs)        000000
__CFG_WRTC$OFF                   (abs)        000000
__CFG_WRTD$OFF                   (abs)        000000
__CFG_XINST$OFF                  (abs)        000000
__CFG_nLPBOR$OFF                 (abs)        000000
__CFG_nPWRTEN$OFF                (abs)        000000
__HRAM                           (abs)        000000
__Habs1                          abs1         000000
__Hbank0                         bank0        000000
__Hbank1                         bank1        000000
__Hbank2                         bank2        000000
__Hbank3                         bank3        000000
__Hbank4                         bank4        000000
__Hbank5                         bank5        000000
__Hbank6                         bank6        000000
__Hbank7                         bank7        000000
__Hbigbss                        bigbss       000000
__Hbigdata                       bigdata      000000
__Hbigram                        bigram       000000
__Hbss                           bss          000000
__HbssBIGRAM                     bssBIGRAM    000000
__HbssCOMRAM                     bssCOMRAM    000000
__Hcinit                         cinit        000000
__Hclrtext                       clrtext      000000
__Hcomram                        comram       000000
__Hconfig                        config       30000E
__Hconst                         const        000000
__HcstackCOMRAM                  cstackCOMRAM 000000
__Hdata                          data         000000
__HdataCOMRAM                    dataCOMRAM   000000
__Heeprom_data                   eeprom_data  000000
__Hfarbss                        farbss       000000
__Hfardata                       fardata      000000
__Hibigdata                      ibigdata     000000
__Hidata                         idata        000000
__HidataCOMRAM                   idataCOMRAM  000000
__Hidloc                         idloc        200008
__Hifardata                      ifardata     000000
__Hinit                          init         00109E
__Hintcode                       intcode      00109A
__Hintcode_body                  intcode_body 000000
__Hintcodelo                     intcodelo    00109A
__Hintentry                      intentry     000000
__Hintret                        intret       000000
__Hintsave_regs                  intsave_regs 000000
__Hirdata                        irdata       000000
__Hmediumconst                   mediumconst  000000
__HnvCOMRAM                      nvCOMRAM     000000
__HnvFARRAM                      nvFARRAM     000000
__Hnvbit                         nvbit        000000
__Hnvrram                        nvrram       000000
__Hparam                         rparam       000000
__Hpowerup                       powerup      00109A
__Hram                           ram          000000
__Hramtop                        ramtop       000800
__Hrbit                          rbit         000000
__Hrbss                          rbss         000000
__Hrdata                         rdata        000000
__Hreset_vec                     reset_vec    001004
__Hrparam                        rparam       000000
__Hsfr                           sfr          000000
__Hsmallconst                    smallconst   00116E
__Hspace_0                       (abs)        30000E
__Hspace_1                       (abs)        000800
__Hspace_2                       (abs)        000000
__Hstack                         stack        000000
__Hstruct                        struct       000000
__Htemp                          temp         000039
__Htext                          text         000000
__Htext0                         text0        000000
__Htext1                         text1        000000
__Htext10                        text10       000000
__Htext11                        text11       000000
__Htext12                        text12       000000
__Htext13                        text13       000000
__Htext15                        text15       000000
__Htext16                        text16       000000
__Htext17                        text17       000000
__Htext18                        text18       000000
__Htext2                         text2        000000
__Htext3                         text3        000000
__Htext4                         text4        000000
__Htext5                         text5        000000
__Htext6                         text6        000000
__Htext7                         text7        000000
__Htext8                         text8        000000
__Htext9                         text9        000000
__LRAM                           (abs)        000001
__Labs1                          abs1         000000
__Lbank0                         bank0        000000
__Lbank1                         bank1        000000
__Lbank2                         bank2        000000
__Lbank3                         bank3        000000
__Lbank4                         bank4        000000
__Lbank5                         bank5        000000
__Lbank6                         bank6        000000
__Lbank7                         bank7        000000
__Lbigbss                        bigbss       000000
__Lbigdata                       bigdata      000000
__Lbigram                        bigram       000000
__Lbss                           bss          000000
__LbssBIGRAM                     bssBIGRAM    000000
__LbssCOMRAM                     bssCOMRAM    000000
__Lcinit                         cinit        000000
__Lclrtext                       clrtext      000000
__Lcomram                        comram       000000
__Lconfig                        config       300000
__Lconst                         const        000000
__LcstackCOMRAM                  cstackCOMRAM 000000
__Ldata                          data         000000
__LdataCOMRAM                    dataCOMRAM   000000
__Leeprom_data                   eeprom_data  000000
__Lfarbss                        farbss       000000
__Lfardata                       fardata      000000
__Libigdata                      ibigdata     000000
__Lidata                         idata        000000
__LidataCOMRAM                   idataCOMRAM  000000
__Lidloc                         idloc        200000
__Lifardata                      ifardata     000000
__Linit                          init         00109A
__Lintcode                       intcode      001008
__Lintcode_body                  intcode_body 000000
__Lintcodelo                     intcodelo    00109A
__Lintentry                      intentry     000000
__Lintret                        intret       000000
__Lintsave_regs                  intsave_regs 000000
__Lirdata                        irdata       000000
__Lmediumconst                   mediumconst  000000
__LnvCOMRAM                      nvCOMRAM     000000
__LnvFARRAM                      nvFARRAM     000000
__Lnvbit                         nvbit        000000
__Lnvrram                        nvrram       000000
__Lparam                         rparam       000000
__Lpowerup                       powerup      00109A
__Lram                           ram          000000
__Lramtop                        ramtop       000800
__Lrbit                          rbit         000000
__Lrbss                          rbss         000000
__Lrdata                         rdata        000000
__Lreset_vec                     reset_vec    001000
__Lrparam                        rparam       000000
__Lsfr                           sfr          000000
__Lsmallconst                    smallconst   001100
__Lspace_0                       (abs)        000000
__Lspace_1                       (abs)        000000
__Lspace_2                       (abs)        000000
__Lstack                         stack        000000
__Lstruct                        struct       000000
__Ltemp                          temp         000038
__Ltext                          text         000000
__Ltext0                         text0        000000
__Ltext1                         text1        000000
__Ltext10                        text10       000000
__Ltext11                        text11       000000
__Ltext12                        text12       000000
__Ltext13                        text13       000000
__Ltext15                        text15       000000
__Ltext16                        text16       000000
__Ltext17                        text17       000000
__Ltext18                        text18       000000
__Ltext2                         text2        000000
__Ltext3                         text3        000000
__Ltext4                         text4        000000
__Ltext5                         text5        000000
__Ltext6                         text6        000000
__Ltext7                         text7        000000
__Ltext8                         text8        000000
__Ltext9                         text9        000000
__S0                             (abs)        30000E
__S1                             (abs)        000800
__S2                             (abs)        000000
___inthi_sp                      stack        000000
___intlo_sp                      stack        000000
___param_bank                    (abs)        000000
___rparam_used                   (abs)        000001
___sp                            stack        000000
__accesstop                      (abs)        000060
__activetblptr                   (abs)        000002
__end_of_OSCILLATOR_Initialize   text9        00191A
__end_of_PIN_MANAGER_Initialize  text8        0018E4
__end_of_RN4870_changeName       text10       00137A
__end_of_SYSTEM_Initialize       text7        001934
__end_of_UART_Init               text6        001908
__end_of_UART_Write              text13       00192A
__end_of_UART_Write_String       text11       00178A
__end_of__initialization         cinit        001840
__end_of_high_ISR                intcode      00109A
__end_of_main                    text0        001722
__end_of_memset                  text5        0012A0
__end_of_packetHandler           text1        00143A
__end_of_strchr                  text4        001884
__end_of_strlen                  text12       0017CC
__end_of_strncmp                 text3        0014DC
__end_of_strstr                  text2        001612
__end_ofi2_strchr                text18       0018BA
__end_ofi2_strlen                text17       00180E
__end_ofi2_strncmp               text16       00157E
__end_ofi2_strstr                text15       0016A6
__initialization                 cinit        00180E
__mediumconst                    mediumconst  000000
__pbssBIGRAM                     bssBIGRAM    00060C
__pbssCOMRAM                     bssCOMRAM    000030
__pcinit                         cinit        00180E
__pcstackCOMRAM                  cstackCOMRAM 000001
__pdataCOMRAM                    dataCOMRAM   000037
__pidataCOMRAM                   idataCOMRAM  001934
__pintcode                       intcode      001008
__pnvCOMRAM                      nvCOMRAM     000036
__psmallconst                    smallconst   001100
__ptext0                         text0        0016A6
__ptext1                         text1        00137A
__ptext10                        text10       0012A0
__ptext11                        text11       001722
__ptext12                        text12       00178A
__ptext13                        text13       00191A
__ptext15                        text15       001612
__ptext16                        text16       0014DC
__ptext17                        text17       0017CC
__ptext18                        text18       001884
__ptext2                         text2        00157E
__ptext3                         text3        00143A
__ptext4                         text4        00184E
__ptext5                         text5        00116E
__ptext6                         text6        0018E4
__ptext7                         text7        00192A
__ptext8                         text8        0018BA
__ptext9                         text9        001908
__ramtop                         ramtop       000800
__size_of_OSCILLATOR_Initialize  (abs)        000000
__size_of_PIN_MANAGER_Initialize (abs)        000000
__size_of_RN4870_changeName      (abs)        000000
__size_of_SYSTEM_Initialize      (abs)        000000
__size_of_UART_Init              (abs)        000000
__size_of_UART_Write             (abs)        000000
__size_of_UART_Write_String      (abs)        000000
__size_of_high_ISR               (abs)        000000
__size_of_main                   (abs)        000000
__size_of_memset                 (abs)        000000
__size_of_packetHandler          (abs)        000000
__size_of_strchr                 (abs)        000000
__size_of_strlen                 (abs)        000000
__size_of_strncmp                (abs)        000000
__size_of_strstr                 (abs)        000000
__size_ofi2_strchr               (abs)        000000
__size_ofi2_strlen               (abs)        000000
__size_ofi2_strncmp              (abs)        000000
__size_ofi2_strstr               (abs)        000000
__smallconst                     smallconst   001100
_debug                           bssCOMRAM    000034
_expected                        bssCOMRAM    000032
_high_ISR                        intcode      001008
_ix                              bssCOMRAM    000030
_main                            text0        0016A6
_memset                          text5        00116E
_og                              nvCOMRAM     000036
_packetHandler                   text1        00137A
_strchr                          text4        00184E
_strlen                          text12       00178A
_strncmp                         text3        00143A
_strstr                          text2        00157E
btemp                            temp         000038
end_of_initialization            cinit        001840
i2_strchr                        text18       001884
i2_strlen                        text17       0017CC
i2_strncmp                       text16       0014DC
i2_strstr                        text15       001612
i2strchr@c                       cstackCOMRAM 000003
i2strchr@s                       cstackCOMRAM 000001
i2strlen@a                       cstackCOMRAM 000003
i2strlen@s                       cstackCOMRAM 000001
i2strncmp@_l                     cstackCOMRAM 000001
i2strncmp@_r                     cstackCOMRAM 000003
i2strncmp@l                      cstackCOMRAM 000008
i2strncmp@n                      cstackCOMRAM 000005
i2strncmp@r                      cstackCOMRAM 00000A
i2strstr@h                       cstackCOMRAM 00000C
i2strstr@n                       cstackCOMRAM 00000E
i2strstr@nl                      cstackCOMRAM 000010
int$flags                        temp         000038
intlevel0                        text         000000
intlevel1                        text         000000
intlevel2                        text         000000
intlevel3                        text         000000
main@status                      cstackCOMRAM 00002F
memset@c                         cstackCOMRAM 000020
memset@dest                      cstackCOMRAM 00001E
memset@k                         cstackCOMRAM 000026
memset@n                         cstackCOMRAM 000022
memset@s                         cstackCOMRAM 000028
stackhi                          (abs)        00060B
stacklo                          (abs)        000060
start                            init         00109A
start_initialization             cinit        00180E
strchr@c                         cstackCOMRAM 00001C
strchr@s                         cstackCOMRAM 00001A
strlen@a                         cstackCOMRAM 00001C
strlen@s                         cstackCOMRAM 00001A
strncmp@_l                       cstackCOMRAM 00001A
strncmp@_r                       cstackCOMRAM 00001C
strncmp@l                        cstackCOMRAM 000021
strncmp@n                        cstackCOMRAM 00001E
strncmp@r                        cstackCOMRAM 000023
strstr@h                         cstackCOMRAM 000025
strstr@n                         cstackCOMRAM 000027
strstr@nl                        cstackCOMRAM 000029
ttemp5                           temp         000039
ttemp6                           temp         00003C
ttemp7                           temp         000040
wtemp8                           temp         000039


FUNCTION INFORMATION:

 *************** function _main *****************
 Defined at:
		line 74 in file "main_ble.c"
 Parameters:    Size  Location     Type
		None
 Auto vars:     Size  Location     Type
  status          1   46[COMRAM] volatile unsigned char 
 Return value:  Size  Location     Type
                  1    wreg      void 
 Registers used:
		wreg, fsr0l, fsr0h, fsr2l, fsr2h, status,2, status,0, tblptrl, tblptrh, tblptru, cstack
 Tracked objects:
		On entry : 
		On exit  : 
		Unchanged: 
 Data sizes:     COMRAM   BANK0   BANK1   BANK2   BANK3   BANK4   BANK5   BANK6   BANK7
      Params:         0       0       0       0       0       0       0       0       0
      Locals:         1       0       0       0       0       0       0       0       0
      Temps:          2       0       0       0       0       0       0       0       0
      Totals:         3       0       0       0       0       0       0       0       0
Total ram usage:        3 bytes
 Hardware stack levels required when called:    6
 This function calls:
		_RN4870_changeName
		_SYSTEM_Initialize
		_UART_Init
		_packetHandler
 This function is called by:
		Startup code after reset
 This function uses a non-reentrant model


 *************** function _packetHandler *****************
 Defined at:
		line 190 in file "main_ble.c"
 Parameters:    Size  Location     Type
		None
 Auto vars:     Size  Location     Type
		None
 Return value:  Size  Location     Type
                  2   42[COMRAM] int 
 Registers used:
		wreg, fsr0l, fsr0h, fsr2l, fsr2h, status,2, status,0, tblptrl, tblptrh, tblptru, cstack
 Tracked objects:
		On entry : 
		On exit  : 
		Unchanged: 
 Data sizes:     COMRAM   BANK0   BANK1   BANK2   BANK3   BANK4   BANK5   BANK6   BANK7
      Params:         2       0       0       0       0       0       0       0       0
      Locals:         0       0       0       0       0       0       0       0       0
      Temps:          0       0       0       0       0       0       0       0       0
      Totals:         2       0       0       0       0       0       0       0       0
Total ram usage:        2 bytes
 Hardware stack levels used:    1
 Hardware stack levels required when called:    5
 This function calls:
		_UART_Write_String
		_memset
		_strlen
		_strstr
 This function is called by:
		_main
 This function uses a non-reentrant model


 *************** function _strstr *****************
 Defined at:
		line 143 in file "C:\Program Files (x86)\Microchip\xc8\v2.05\pic\sources\c99\common\strstr.c"
 Parameters:    Size  Location     Type
  h               2   36[COMRAM] PTR const unsigned char 
		 -> NULL(0), RX_buffer(500), 
  n               2   38[COMRAM] PTR const unsigned char 
		 -> STR_17(5), STR_15(12), STR_13(4), STR_12(10), 
		 -> STR_10(4), STR_7(4), STR_3(4), NULL(0), 
 Auto vars:     Size  Location     Type
  nl              2   40[COMRAM] unsigned int 
 Return value:  Size  Location     Type
                  2   36[COMRAM] PTR unsigned char 
 Registers used:
		wreg, fsr0l, fsr0h, fsr2l, fsr2h, status,2, status,0, tblptrl, tblptrh, tblptru, cstack
 Tracked objects:
		On entry : 
		On exit  : 
		Unchanged: 
 Data sizes:     COMRAM   BANK0   BANK1   BANK2   BANK3   BANK4   BANK5   BANK6   BANK7
      Params:         4       0       0       0       0       0       0       0       0
      Locals:         2       0       0       0       0       0       0       0       0
      Temps:          0       0       0       0       0       0       0       0       0
      Totals:         6       0       0       0       0       0       0       0       0
Total ram usage:        6 bytes
 Hardware stack levels used:    1
 Hardware stack levels required when called:    4
 This function calls:
		_strchr
		_strlen
		_strncmp
 This function is called by:
		_packetHandler
 This function uses a non-reentrant model


 *************** function _strncmp *****************
 Defined at:
		line 3 in file "C:\Program Files (x86)\Microchip\xc8\v2.05\pic\sources\c99\common\strncmp.c"
 Parameters:    Size  Location     Type
  _l              2   25[COMRAM] PTR const unsigned char 
		 -> NULL(0), RX_buffer(500), 
  _r              2   27[COMRAM] PTR const unsigned char 
		 -> STR_17(5), STR_15(12), STR_13(4), STR_12(10), 
		 -> STR_10(4), STR_7(4), STR_3(4), NULL(0), 
  n               2   29[COMRAM] unsigned int 
 Auto vars:     Size  Location     Type
  r               2   34[COMRAM] PTR const unsigned char 
		 -> STR_17(5), STR_15(12), STR_13(4), STR_12(10), 
		 -> STR_10(4), STR_7(4), STR_3(4), NULL(0), 
  l               2   32[COMRAM] PTR const unsigned char 
		 -> NULL(0), RX_buffer(500), 
 Return value:  Size  Location     Type
                  2   25[COMRAM] int 
 Registers used:
		wreg, fsr2l, fsr2h, status,2, status,0, tblptrl, tblptrh, tblptru
 Tracked objects:
		On entry : 
		On exit  : 
		Unchanged: 
 Data sizes:     COMRAM   BANK0   BANK1   BANK2   BANK3   BANK4   BANK5   BANK6   BANK7
      Params:         6       0       0       0       0       0       0       0       0
      Locals:         4       0       0       0       0       0       0       0       0
      Temps:          1       0       0       0       0       0       0       0       0
      Totals:        11       0       0       0       0       0       0       0       0
Total ram usage:       11 bytes
 Hardware stack levels used:    1
 Hardware stack levels required when called:    3
 This function calls:
		Nothing
 This function is called by:
		_strstr
 This function uses a non-reentrant model


 *************** function _strchr *****************
 Defined at:
		line 7 in file "C:\Program Files (x86)\Microchip\xc8\v2.05\pic\sources\c99\common\strchr.c"
 Parameters:    Size  Location     Type
  s               2   25[COMRAM] PTR const unsigned char 
		 -> NULL(0), RX_buffer(500), 
  c               2   27[COMRAM] int 
 Auto vars:     Size  Location     Type
		None
 Return value:  Size  Location     Type
                  2   25[COMRAM] PTR unsigned char 
 Registers used:
		wreg, fsr2l, fsr2h, status,2, status,0
 Tracked objects:
		On entry : 
		On exit  : 
		Unchanged: 
 Data sizes:     COMRAM   BANK0   BANK1   BANK2   BANK3   BANK4   BANK5   BANK6   BANK7
      Params:         4       0       0       0       0       0       0       0       0
      Locals:         0       0       0       0       0       0       0       0       0
      Temps:          1       0       0       0       0       0       0       0       0
      Totals:         5       0       0       0       0       0       0       0       0
Total ram usage:        5 bytes
 Hardware stack levels used:    1
 Hardware stack levels required when called:    3
 This function calls:
		Nothing
 This function is called by:
		_strstr
 This function uses a non-reentrant model


 *************** function _memset *****************
 Defined at:
		line 4 in file "C:\Program Files (x86)\Microchip\xc8\v2.05\pic\sources\c99\common\memset.c"
 Parameters:    Size  Location     Type
  dest            2   29[COMRAM] PTR void 
		 -> RX_buffer(500), 
  c               2   31[COMRAM] int 
  n               2   33[COMRAM] unsigned int 
 Auto vars:     Size  Location     Type
  s               2   39[COMRAM] PTR unsigned char 
		 -> RX_buffer(500), 
  k               2   37[COMRAM] unsigned int 
 Return value:  Size  Location     Type
                  2   29[COMRAM] PTR void 
 Registers used:
		wreg, fsr2l, fsr2h, status,2, status,0
 Tracked objects:
		On entry : 
		On exit  : 
		Unchanged: 
 Data sizes:     COMRAM   BANK0   BANK1   BANK2   BANK3   BANK4   BANK5   BANK6   BANK7
      Params:         6       0       0       0       0       0       0       0       0
      Locals:         4       0       0       0       0       0       0       0       0
      Temps:          2       0       0       0       0       0       0       0       0
      Totals:        12       0       0       0       0       0       0       0       0
Total ram usage:       12 bytes
 Hardware stack levels used:    1
 Hardware stack levels required when called:    3
 This function calls:
		Nothing
 This function is called by:
		_packetHandler
 This function uses a non-reentrant model


 *************** function _UART_Init *****************
 Defined at:
		line 109 in file "main_ble.c"
 Parameters:    Size  Location     Type
		None
 Auto vars:     Size  Location     Type
		None
 Return value:  Size  Location     Type
                  1    wreg      void 
 Registers used:
		wreg, status,2
 Tracked objects:
		On entry : 
		On exit  : 
		Unchanged: 
 Data sizes:     COMRAM   BANK0   BANK1   BANK2   BANK3   BANK4   BANK5   BANK6   BANK7
      Params:         0       0       0       0       0       0       0       0       0
      Locals:         0       0       0       0       0       0       0       0       0
      Temps:          0       0       0       0       0       0       0       0       0
      Totals:         0       0       0       0       0       0       0       0       0
Total ram usage:        0 bytes
 Hardware stack levels used:    1
 Hardware stack levels required when called:    3
 This function calls:
		Nothing
 This function is called by:
		_main
 This function uses a non-reentrant model


 *************** function _SYSTEM_Initialize *****************
 Defined at:
		line 50 in file "mcc_generated_files/mcc.c"
 Parameters:    Size  Location     Type
		None
 Auto vars:     Size  Location     Type
		None
 Return value:  Size  Location     Type
                  1    wreg      void 
 Registers used:
		wreg, status,2, cstack
 Tracked objects:
		On entry : 
		On exit  : 
		Unchanged: 
 Data sizes:     COMRAM   BANK0   BANK1   BANK2   BANK3   BANK4   BANK5   BANK6   BANK7
      Params:         0       0       0       0       0       0       0       0       0
      Locals:         0       0       0       0       0       0       0       0       0
      Temps:          0       0       0       0       0       0       0       0       0
      Totals:         0       0       0       0       0       0       0       0       0
Total ram usage:        0 bytes
 Hardware stack levels used:    1
 Hardware stack levels required when called:    4
 This function calls:
		_OSCILLATOR_Initialize
		_PIN_MANAGER_Initialize
 This function is called by:
		_main
 This function uses a non-reentrant model


 *************** function _PIN_MANAGER_Initialize *****************
 Defined at:
		line 55 in file "mcc_generated_files/pin_manager.c"
 Parameters:    Size  Location     Type
		None
 Auto vars:     Size  Location     Type
		None
 Return value:  Size  Location     Type
                  1    wreg      void 
 Registers used:
		wreg, status,2
 Tracked objects:
		On entry : 
		On exit  : 
		Unchanged: 
 Data sizes:     COMRAM   BANK0   BANK1   BANK2   BANK3   BANK4   BANK5   BANK6   BANK7
      Params:         0       0       0       0       0       0       0       0       0
      Locals:         0       0       0       0       0       0       0       0       0
      Temps:          0       0       0       0       0       0       0       0       0
      Totals:         0       0       0       0       0       0       0       0       0
Total ram usage:        0 bytes
 Hardware stack levels used:    1
 Hardware stack levels required when called:    3
 This function calls:
		Nothing
 This function is called by:
		_SYSTEM_Initialize
 This function uses a non-reentrant model


 *************** function _OSCILLATOR_Initialize *****************
 Defined at:
		line 57 in file "mcc_generated_files/mcc.c"
 Parameters:    Size  Location     Type
		None
 Auto vars:     Size  Location     Type
		None
 Return value:  Size  Location     Type
                  1    wreg      void 
 Registers used:
		wreg, status,2
 Tracked objects:
		On entry : 
		On exit  : 
		Unchanged: 
 Data sizes:     COMRAM   BANK0   BANK1   BANK2   BANK3   BANK4   BANK5   BANK6   BANK7
      Params:         0       0       0       0       0       0       0       0       0
      Locals:         0       0       0       0       0       0       0       0       0
      Temps:          0       0       0       0       0       0       0       0       0
      Totals:         0       0       0       0       0       0       0       0       0
Total ram usage:        0 bytes
 Hardware stack levels used:    1
 Hardware stack levels required when called:    3
 This function calls:
		Nothing
 This function is called by:
		_SYSTEM_Initialize
 This function uses a non-reentrant model


 *************** function _RN4870_changeName *****************
 Defined at:
		line 160 in file "main_ble.c"
 Parameters:    Size  Location     Type
  name            2   37[COMRAM] PTR unsigned char 
		 -> STR_1(6), 
 Auto vars:     Size  Location     Type
		None
 Return value:  Size  Location     Type
                  1    wreg      unsigned char 
 Registers used:
		wreg, fsr0l, fsr0h, status,2, status,0, tblptrl, tblptrh, tblptru, cstack
 Tracked objects:
		On entry : 
		On exit  : 
		Unchanged: 
 Data sizes:     COMRAM   BANK0   BANK1   BANK2   BANK3   BANK4   BANK5   BANK6   BANK7
      Params:         2       0       0       0       0       0       0       0       0
      Locals:         0       0       0       0       0       0       0       0       0
      Temps:          1       0       0       0       0       0       0       0       0
      Totals:         3       0       0       0       0       0       0       0       0
Total ram usage:        3 bytes
 Hardware stack levels used:    1
 Hardware stack levels required when called:    5
 This function calls:
		_UART_Write_String
 This function is called by:
		_main
 This function uses a non-reentrant model


 *************** function _UART_Write_String *****************
 Defined at:
		line 153 in file "main_ble.c"
 Parameters:    Size  Location     Type
  buffer          2   29[COMRAM] PTR unsigned char 
		 -> STR_18(14), STR_16(16), STR_14(7), STR_12(10), 
		 -> STR_11(5), STR_10(4), STR_9(2), STR_8(4), 
		 -> STR_7(4), STR_6(7), STR_5(2), STR_4(3), 
		 -> STR_3(4), STR_2(4), STR_1(6), NULL(0), 
		 -> RX_buffer(500), 
 Auto vars:     Size  Location     Type
  i               2   33[COMRAM] int 
  size            2   35[COMRAM] volatile int 
 Return value:  Size  Location     Type
                  1    wreg      void 
 Registers used:
		wreg, fsr0l, fsr0h, status,2, status,0, tblptrl, tblptrh, tblptru, cstack
 Tracked objects:
		On entry : 
		On exit  : 
		Unchanged: 
 Data sizes:     COMRAM   BANK0   BANK1   BANK2   BANK3   BANK4   BANK5   BANK6   BANK7
      Params:         2       0       0       0       0       0       0       0       0
      Locals:         4       0       0       0       0       0       0       0       0
      Temps:          2       0       0       0       0       0       0       0       0
      Totals:         8       0       0       0       0       0       0       0       0
Total ram usage:        8 bytes
 Hardware stack levels used:    1
 Hardware stack levels required when called:    4
 This function calls:
		_UART_Write
		_strlen
 This function is called by:
		_RN4870_changeName
		_packetHandler
 This function uses a non-reentrant model


 *************** function _strlen *****************
 Defined at:
		line 12 in file "C:\Program Files (x86)\Microchip\xc8\v2.05\pic\sources\c99\common\strlen.c"
 Parameters:    Size  Location     Type
  s               2   25[COMRAM] PTR const unsigned char 
		 -> STR_18(14), STR_17(5), STR_16(16), STR_15(12), 
		 -> STR_14(7), STR_13(4), STR_12(10), STR_11(5), 
		 -> STR_10(4), STR_9(2), STR_8(4), STR_7(4), 
		 -> STR_6(7), STR_5(2), STR_4(3), STR_3(4), 
		 -> STR_2(4), STR_1(6), NULL(0), RX_buffer(500), 
 Auto vars:     Size  Location     Type
  a               2   27[COMRAM] PTR const unsigned char 
		 -> STR_18(14), STR_17(5), STR_16(16), STR_15(12), 
		 -> STR_14(7), STR_13(4), STR_12(10), STR_11(5), 
		 -> STR_10(4), STR_9(2), STR_8(4), STR_7(4), 
		 -> STR_6(7), STR_5(2), STR_4(3), STR_3(4), 
		 -> STR_2(4), STR_1(6), NULL(0), RX_buffer(500), 
 Return value:  Size  Location     Type
                  2   25[COMRAM] unsigned int 
 Registers used:
		wreg, fsr0l, fsr0h, status,2, status,0, tblptrl, tblptrh, tblptru
 Tracked objects:
		On entry : 
		On exit  : 
		Unchanged: 
 Data sizes:     COMRAM   BANK0   BANK1   BANK2   BANK3   BANK4   BANK5   BANK6   BANK7
      Params:         2       0       0       0       0       0       0       0       0
      Locals:         2       0       0       0       0       0       0       0       0
      Temps:          0       0       0       0       0       0       0       0       0
      Totals:         4       0       0       0       0       0       0       0       0
Total ram usage:        4 bytes
 Hardware stack levels used:    1
 Hardware stack levels required when called:    3
 This function calls:
		Nothing
 This function is called by:
		_UART_Write_String
		_packetHandler
		_strstr
 This function uses a non-reentrant model


 *************** function _UART_Write *****************
 Defined at:
		line 145 in file "main_ble.c"
 Parameters:    Size  Location     Type
  data            1    wreg     unsigned char 
 Auto vars:     Size  Location     Type
  data            1   25[COMRAM] unsigned char 
 Return value:  Size  Location     Type
                  1    wreg      void 
 Registers used:
		wreg, status,2
 Tracked objects:
		On entry : 
		On exit  : 
		Unchanged: 
 Data sizes:     COMRAM   BANK0   BANK1   BANK2   BANK3   BANK4   BANK5   BANK6   BANK7
      Params:         0       0       0       0       0       0       0       0       0
      Locals:         1       0       0       0       0       0       0       0       0
      Temps:          0       0       0       0       0       0       0       0       0
      Totals:         1       0       0       0       0       0       0       0       0
Total ram usage:        1 bytes
 Hardware stack levels used:    1
 Hardware stack levels required when called:    3
 This function calls:
		Nothing
 This function is called by:
		_UART_Write_String
 This function uses a non-reentrant model


 *************** function _high_ISR *****************
 Defined at:
		line 47 in file "main_ble.c"
 Parameters:    Size  Location     Type
		None
 Auto vars:     Size  Location     Type
		None
 Return value:  Size  Location     Type
                  1    wreg      void 
 Registers used:
		wreg, fsr0l, fsr0h, fsr2l, fsr2h, status,2, status,0, tblptrl, tblptrh, tblptru, cstack
 Tracked objects:
		On entry : 
		On exit  : 
		Unchanged: 
 Data sizes:     COMRAM   BANK0   BANK1   BANK2   BANK3   BANK4   BANK5   BANK6   BANK7
      Params:         0       0       0       0       0       0       0       0       0
      Locals:         0       0       0       0       0       0       0       0       0
      Temps:          8       0       0       0       0       0       0       0       0
      Totals:         8       0       0       0       0       0       0       0       0
Total ram usage:        8 bytes
 Hardware stack levels used:    1
 Hardware stack levels required when called:    2
 This function calls:
		i2_strstr
 This function is called by:
		Interrupt level 2
 This function uses a non-reentrant model


 *************** function i2_strstr *****************
 Defined at:
		line 143 in file "C:\Program Files (x86)\Microchip\xc8\v2.05\pic\sources\c99\common\strstr.c"
 Parameters:    Size  Location     Type
  h               2   11[COMRAM] PTR const unsigned char 
		 -> NULL(0), RX_buffer(500), 
  n               2   13[COMRAM] PTR const unsigned char 
		 -> STR_17(5), STR_15(12), STR_13(4), STR_12(10), 
		 -> STR_10(4), STR_7(4), STR_3(4), NULL(0), 
 Auto vars:     Size  Location     Type
  strstr          2   15[COMRAM] unsigned int 
 Return value:  Size  Location     Type
                  2   11[COMRAM] PTR unsigned char 
 Registers used:
		wreg, fsr0l, fsr0h, fsr2l, fsr2h, status,2, status,0, tblptrl, tblptrh, tblptru, cstack
 Tracked objects:
		On entry : 
		On exit  : 
		Unchanged: 
 Data sizes:     COMRAM   BANK0   BANK1   BANK2   BANK3   BANK4   BANK5   BANK6   BANK7
      Params:         4       0       0       0       0       0       0       0       0
      Locals:         2       0       0       0       0       0       0       0       0
      Temps:          0       0       0       0       0       0       0       0       0
      Totals:         6       0       0       0       0       0       0       0       0
Total ram usage:        6 bytes
 Hardware stack levels used:    1
 Hardware stack levels required when called:    1
 This function calls:
		i2_strchr
		i2_strlen
		i2_strncmp
 This function is called by:
		_high_ISR
 This function uses a non-reentrant model


 *************** function i2_strncmp *****************
 Defined at:
		line 3 in file "C:\Program Files (x86)\Microchip\xc8\v2.05\pic\sources\c99\common\strncmp.c"
 Parameters:    Size  Location     Type
  _l              2    0[COMRAM] PTR const unsigned char 
		 -> NULL(0), RX_buffer(500), 
  _r              2    2[COMRAM] PTR const unsigned char 
		 -> STR_17(5), STR_15(12), STR_13(4), STR_12(10), 
		 -> STR_10(4), STR_7(4), STR_3(4), NULL(0), 
  n               2    4[COMRAM] unsigned int 
 Auto vars:     Size  Location     Type
  strncmp         2    9[COMRAM] PTR const unsigned char 
		 -> STR_17(5), STR_15(12), STR_13(4), STR_12(10), 
		 -> STR_10(4), STR_7(4), STR_3(4), NULL(0), 
  strncmp         2    7[COMRAM] PTR const unsigned char 
		 -> NULL(0), RX_buffer(500), 
 Return value:  Size  Location     Type
                  2    0[COMRAM] int 
 Registers used:
		wreg, fsr2l, fsr2h, status,2, status,0, tblptrl, tblptrh, tblptru
 Tracked objects:
		On entry : 
		On exit  : 
		Unchanged: 
 Data sizes:     COMRAM   BANK0   BANK1   BANK2   BANK3   BANK4   BANK5   BANK6   BANK7
      Params:         6       0       0       0       0       0       0       0       0
      Locals:         4       0       0       0       0       0       0       0       0
      Temps:          1       0       0       0       0       0       0       0       0
      Totals:        11       0       0       0       0       0       0       0       0
Total ram usage:       11 bytes
 Hardware stack levels used:    1
 This function calls:
		Nothing
 This function is called by:
		i2_strstr
 This function uses a non-reentrant model


 *************** function i2_strlen *****************
 Defined at:
		line 12 in file "C:\Program Files (x86)\Microchip\xc8\v2.05\pic\sources\c99\common\strlen.c"
 Parameters:    Size  Location     Type
  s               2    0[COMRAM] PTR const unsigned char 
		 -> STR_18(14), STR_17(5), STR_16(16), STR_15(12), 
		 -> STR_14(7), STR_13(4), STR_12(10), STR_11(5), 
		 -> STR_10(4), STR_9(2), STR_8(4), STR_7(4), 
		 -> STR_6(7), STR_5(2), STR_4(3), STR_3(4), 
		 -> STR_2(4), STR_1(6), NULL(0), RX_buffer(500), 
 Auto vars:     Size  Location     Type
  strlen          2    2[COMRAM] PTR const unsigned char 
		 -> STR_18(14), STR_17(5), STR_16(16), STR_15(12), 
		 -> STR_14(7), STR_13(4), STR_12(10), STR_11(5), 
		 -> STR_10(4), STR_9(2), STR_8(4), STR_7(4), 
		 -> STR_6(7), STR_5(2), STR_4(3), STR_3(4), 
		 -> STR_2(4), STR_1(6), NULL(0), RX_buffer(500), 
 Return value:  Size  Location     Type
                  2    0[COMRAM] unsigned int 
 Registers used:
		wreg, fsr0l, fsr0h, status,2, status,0, tblptrl, tblptrh, tblptru
 Tracked objects:
		On entry : 
		On exit  : 
		Unchanged: 
 Data sizes:     COMRAM   BANK0   BANK1   BANK2   BANK3   BANK4   BANK5   BANK6   BANK7
      Params:         2       0       0       0       0       0       0       0       0
      Locals:         2       0       0       0       0       0       0       0       0
      Temps:          0       0       0       0       0       0       0       0       0
      Totals:         4       0       0       0       0       0       0       0       0
Total ram usage:        4 bytes
 Hardware stack levels used:    1
 This function calls:
		Nothing
 This function is called by:
		i2_strstr
 This function uses a non-reentrant model


 *************** function i2_strchr *****************
 Defined at:
		line 7 in file "C:\Program Files (x86)\Microchip\xc8\v2.05\pic\sources\c99\common\strchr.c"
 Parameters:    Size  Location     Type
  s               2    0[COMRAM] PTR const unsigned char 
		 -> NULL(0), RX_buffer(500), 
  c               2    2[COMRAM] int 
 Auto vars:     Size  Location     Type
		None
 Return value:  Size  Location     Type
                  2    0[COMRAM] PTR unsigned char 
 Registers used:
		wreg, fsr2l, fsr2h, status,2, status,0
 Tracked objects:
		On entry : 
		On exit  : 
		Unchanged: 
 Data sizes:     COMRAM   BANK0   BANK1   BANK2   BANK3   BANK4   BANK5   BANK6   BANK7
      Params:         4       0       0       0       0       0       0       0       0
      Locals:         0       0       0       0       0       0       0       0       0
      Temps:          1       0       0       0       0       0       0       0       0
      Totals:         5       0       0       0       0       0       0       0       0
Total ram usage:        5 bytes
 Hardware stack levels used:    1
 This function calls:
		Nothing
 This function is called by:
		i2_strstr
 This function uses a non-reentrant model



MODULE INFORMATION

Module		Function		Class		Link	Load	Size
main_ble.c
		_UART_Write_String		CODE           	1722	0000	105
		_RN4870_changeName		CODE           	12A0	0000	219
		_UART_Init     		CODE           	18E4	0000	37
		_main          		CODE           	16A6	0000	125
		_high_ISR      		CODE           	1008	0000	147
		_packetHandler 		CODE           	137A	0000	193
		_UART_Write    		CODE           	191A	0000	17

main_ble.c estimated size: 843

mcc_generated_files/pin_manager.c
		_PIN_MANAGER_Initialize		CODE           	18BA	0000	43

mcc_generated_files/pin_manager.c estimated size: 43

C:\Program Files (x86)\Microchip\xc8\v2.05\pic\sources\c99\common\strlen.c
		_strlen        		CODE           	178A	0000	67

C:\Program Files (x86)\Microchip\xc8\v2.05\pic\sources\c99\common\strlen.c estimated size: 67

C:\Program Files (x86)\Microchip\xc8\v2.05\pic\sources\c99\common\strchr.c
		_strchr        		CODE           	184E	0000	55

C:\Program Files (x86)\Microchip\xc8\v2.05\pic\sources\c99\common\strchr.c estimated size: 55

C:\Program Files (x86)\Microchip\xc8\v2.05\pic\sources\c99\common\memset.c
		_memset        		CODE           	116E	0000	307

C:\Program Files (x86)\Microchip\xc8\v2.05\pic\sources\c99\common\memset.c estimated size: 307

C:\Program Files (x86)\Microchip\xc8\v2.05\pic\sources\c99\common\strncmp.c
		_strncmp       		CODE           	143A	0000	163

C:\Program Files (x86)\Microchip\xc8\v2.05\pic\sources\c99\common\strncmp.c estimated size: 163

shared
		i2_strncmp     		CODE           	14DC	0000	163
		__initialization		CODE           	180E	0000	51
		i2_strstr      		CODE           	1612	0000	149
		i2_strchr      		CODE           	1884	0000	55
		i2_strlen      		CODE           	17CC	0000	67

shared estimated size: 485

mcc_generated_files/mcc.c
		_OSCILLATOR_Initialize		CODE           	1908	0000	19
		_SYSTEM_Initialize		CODE           	192A	0000	11

mcc_generated_files/mcc.c estimated size: 30

C:\Program Files (x86)\Microchip\xc8\v2.05\pic\sources\c99\common\strstr.c
		_strstr        		CODE           	157E	0000	149

C:\Program Files (x86)\Microchip\xc8\v2.05\pic\sources\c99\common\strstr.c estimated size: 149

